
> react-typescript-starter@0.1.0 test
> react-scripts test "--coverage"

PASS src/tests/SemesterView.test.tsx
PASS src/tests/SemesterList.test.tsx
PASS src/tests/CourseView.test.tsx
PASS src/tests/CourseList.test.tsx
PASS src/tests/NewCourse.test.tsx
PASS src/tests/PlanView.test.tsx
PASS src/tests/RemoveSemester.test.tsx
PASS src/tests/PlanList.test.tsx
FAIL src/tests/CoursePool.test.tsx
  ● Test suite for CoursePool component › The course pool renders courses

    TestingLibraryElementError: Found multiple elements by: [data-testid="scroll-courses"]

    Here are the matching elements:

    Ignored nodes: comments, <script />, <style />
    [36m<div[39m
      [33mclass[39m=[32m"course-pool-scrollable container"[39m
      [33mdata-testid[39m=[32m"scroll-courses"[39m
    [36m>[39m
      [36m<div[39m
        [33mclass[39m=[32m"row"[39m
      [36m>[39m
        [36m<div[39m
          [33mclass[39m=[32m"col"[39m
        [36m>[39m
          [0m [0m
          [36m<p>[39m
            [0mCISC 101[0m
            [0m : [0m
            [0mPrinciples of Computing[0m
          [36m</p>[39m
        [36m</div>[39m
        [36m<div[39m
          [33mclass[39m=[32m"col-md-auto"[39m
        [36m>[39m
          [36m<p>[39m
            [36m<button[39m
              [33maria-controls[39m=[32m"collapseExample"[39m
              [33maria-expanded[39m=[32m"false"[39m
              [33mclass[39m=[32m"btn default"[39m
              [33mdata-bs-target[39m=[32m"#collapseExample"[39m
              [33mdata-bs-toggle[39m=[32m"collapse"[39m
              [33mtype[39m=[32m"button"[39m
            [36m>[39m
              [0m see course info[0m
              [36m<i[39m
                [33mclass[39m=[32m"bi bi-plus-lg"[39m
              [36m/>[39m
            [36m</button>[39m
          [36m</p>[39m
        [36m</div>[39m
      [36m</div>[39m
      [36m<div[39m
        [33mclass[39m=[32m"row"[39m
      [36m>[39m
        [36m<div[39m
          [33mclass[39m=[32m"col"[39m
        [36m>[39m
          [36m<div[39m
            [33mclass[39m=[32m"collapse hide"[39m
            [33mid[39m=[32m"course-info-collapse"[39m
          [36m>[39m
            [36m<div[39m
              [33mclass[39m=[32m"card card-body"[39m
            [36m>[39m
              [36m<h6>[39m
                [0mCredits: [0m
                [0m 3[0m
              [36m</h6>[39m
              [36m<h6>[39m
                [0mDescription: [0m
                [0mIntroduces students to the central ideas of computing and computer science including programs, algorithms, abstraction, the internet, and information systems. Instills ideas and practices of computational thinking and engages students in activities that show how computing and computer science change the world. Explores computing as a creative activity and empowers students to apply computational thinking to all disciplines including the arts, humanities, business, social and physical sciences, health, and entertainment.[0m
              [36m</h6>[39m
              [36m<h6>[39m
                [0mPrerequisites: none[0m
              [36m</h6>[39m
            [36m</div>[39m
          [36m</div>[39m
        [36m</div>[39m
      [36m</div>[39m
    [36m</div>[39m

    Ignored nodes: comments, <script />, <style />
    [36m<div[39m
      [33mclass[39m=[32m"course-pool-scrollable container"[39m
      [33mdata-testid[39m=[32m"scroll-courses"[39m
    [36m>[39m
      [36m<div[39m
        [33mclass[39m=[32m"row"[39m
      [36m>[39m
        [36m<div[39m
          [33mclass[39m=[32m"col"[39m
        [36m>[39m
          [0m [0m
          [36m<p>[39m
            [0mCISC 103[0m
            [0m : [0m
            [0mIntroduction to Computer Science with Web Applications[0m
          [36m</p>[39m
        [36m</div>[39m
        [36m<div[39m
          [33mclass[39m=[32m"col-md-auto"[39m
        [36m>[39m
          [36m<p>[39m
            [36m<button[39m
              [33maria-controls[39m=[32m"collapseExample"[39m
              [33maria-expanded[39m=[32m"false"[39m
              [33mclass[39m=[32m"btn default"[39m
              [33mdata-bs-target[39m=[32m"#collapseExample"[39m
              [33mdata-bs-toggle[39m=[32m"collapse"[39m
              [33mtype[39m=[32m"button"[39m
            [36m>[39m
              [0m see course info[0m
              [36m<i[39m
                [33mclass[39m=[32m"bi bi-plus-lg"[39m
              [36m/>[39m
            [36m</button>[39m
          [36m</p>[39m
        [36m</div>[39m
      [36m</div>[39m
      [36m<div[39m
        [33mclass[39m=[32m"row"[39m
      [36m>[39m
        [36m<div[39m
          [33mclass[39m=[32m"col"[39m
        [36m>[39m
          [36m<div[39m
            [33mclass[39m=[32m"collapse hide"[39m
            [33mid[39m=[32m"course-info-collapse"[39m
          [36m>[39m
            [36m<div[39m
              [33mclass[39m=[32m"card card-body"[39m
            [36m>[39m
              [36m<h6>[39m
                [0mCredits: [0m
                [0m 3[0m
              [36m</h6>[39m
              [36m<h6>[39m
                [0mDescription: [0m
                [0mPrinciples of computer science illustrated through programming in scripting languages such as JavaScript and VBScript. Topics include control structures, arrays, functions, and procedures. Programming projects illustrate web-based applications.[0m
              [36m</h6>[39m
              [36m<h6>[39m
                [0mPrerequisites: none[0m
              [36m</h6>[39m
            [36m</div>[39m
          [36m</div>[39m
        [36m</div>[39m
      [36m</div>[39m
    [36m</div>[39m

    Ignored nodes: comments, <script />, <style />
    [36m<div[39m
      [33mclass[39m=[32m"course-pool-scrollable container"[39m
      [33mdata-testid[39m=[32m"scroll-courses"[39m
    [36m>[39m
      [36m<div[39m
        [33mclass[39m=[32m"row"[39m
      [36m>[39m
        [36m<div[39m
          [33mclass[39m=[32m"col"[39m
        [36m>[39m
          [0m [0m
          [36m<p>[39m
            [0mCISC 106[0m
            [0m : [0m
            [0mGeneral Computer Science for Engineers[0m
          [36m</p>[39m
        [36m</div>[39m
        [36m<div[39m
          [33mclass[39m=[32m"col-md-auto"[39m
        [36m>[39m
          [36m<p>[39m
            [36m<button[39m
              [33maria-controls[39m=[32m"collapseExample"[39m
              [33maria-expanded[39m=[32m"false"[39m
              [33mclass[39m=[32m"btn default"[39m
              [33mdata-bs-target[39m=[32m"#collapseExample"[39m
              [33mdata-bs-toggle[39m=[32m"collapse"[39m
              [33mtype[39m=[32m"button"[39m
            [36m>[39m
              [0m see course info[0m
              [36m<i[39m
                [33mclass[39m=[32m"bi bi-plus-lg"[39m
              [36m/>[39m
            [36m</button>[39m
          [36m</p>[39m
        [36m</div>[39m
      [36m</div>[39m
      [36m<div[39m
        [33mclass[39m=[32m"row"[39m
      [36m>[39m
        [36m<div[39m
          [33mclass[39m=[32m"col"[39m
        [36m>[39m
          [36m<div[39m
            [33mclass[39m=[32m"collapse hide"[39m
            [33mid[39m=[32m"course-info-collapse"[39m
          [36m>[39m
            [36m<div[39m
              [33mclass[39m=[32m"card card-body"[39m
            [36m>[39m
              [36m<h6>[39m
                [0mCredits: [0m
                [0m 3[0m
              [36m</h6>[39m
              [36m<h6>[39m
                [0mDescription: [0m
                [0mPrinciples of computer science illustrated and applied through programming in a general-purpose language. Programming projects illustrate computational problems, styles, and issues that arise in engineering.[0m
              [36m</h6>[39m
              [36m<h6>[39m
                [0mPrerequisites: none[0m
              [36m</h6>[39m
            [36m</div>[39m
          [36m</div>[39m
        [36m</div>[39m
      [36m</div>[39m
    [36m</div>[39m

    Ignored nodes: comments, <script />, <style />
    [36m<div[39m
      [33mclass[39m=[32m"course-pool-scrollable container"[39m
      [33mdata-testid[39m=[32m"scroll-courses"[39m
    [36m>[39m
      [36m<div[39m
        [33mclass[39m=[32m"row"[39m
      [36m>[39m
        [36m<div[39m
          [33mclass[39m=[32m"col"[39m
        [36m>[39m
          [0m [0m
          [36m<p>[39m
            [0mCISC 108[0m
            [0m : [0m
            [0mIntroduction to Computer Science I[0m
          [36m</p>[39m
        [36m</div>[39m
        [36m<div[39m
          [33mclass[39m=[32m"col-md-auto"[39m
        [36m>[39m
          [36m<p>[39m
            [36m<button[39m
              [33maria-controls[39m=[32m"collapseExample"[39m
              [33maria-expanded[39m=[32m"false"[39m
              [33mclass[39m=[32m"btn default"[39m
              [33mdata-bs-target[39m=[32m"#collapseExample"[39m
              [33mdata-bs-toggle[39m=[32m"collapse"[39m
              [33mtype[39m=[32m"button"[39m
            [36m>[39m
              [0m see course info[0m
              [36m<i[39m
                [33mclass[39m=[32m"bi bi-plus-lg"[39m
              [36m/>[39m
            [36m</button>[39m
          [36m</p>[39m
        [36m</div>[39m
      [36m</div>[39m
      [36m<div[39m
        [33mclass[39m=[32m"row"[39m
      [36m>[39m
        [36m<div[39m
          [33mclass[39m=[32m"col"[39m
        [36m>[39m
          [36m<div[39m
            [33mclass[39m=[32m"collapse hide"[39m
            [33mid[39m=[32m"course-info-collapse"[39m
          [36m>[39m
            [36m<div[39m
              [33mclass[39m=[32m"card card-body"[39m
            [36m>[39m
              [36m<h6>[39m
                [0mCredits: [0m
                [0m 3[0m
              [36m</h6>[39m
              [36m<h6>[39m
                [0mDescription: [0m
                [0mComputing and principles of programming with an emphasis on systematic program design. Topics include functional programming, data abstraction, procedural abstraction, use of control and state, recursion, testing, and object-oriented programming concepts. Requires no prior programming experience, open to any major, but intended primarily for majors and minors in computer science or mathematics.[0m
              [36m</h6>[39m
              [36m<h6>[39m
                [0mPrerequisites: none[0m
              [36m</h6>[39m
            [36m</div>[39m
          [36m</div>[39m
        [36m</div>[39m
      [36m</div>[39m
    [36m</div>[39m

    Ignored nodes: comments, <script />, <style />
    [36m<div[39m
      [33mclass[39m=[32m"course-pool-scrollable container"[39m
      [33mdata-testid[39m=[32m"scroll-courses"[39m
    [36m>[39m
      [36m<div[39m
        [33mclass[39m=[32m"row"[39m
      [36m>[39m
        [36m<div[39m
          [33mclass[39m=[32m"col"[39m
        [36m>[39m
          [0m [0m
          [36m<p>[39m
            [0mCISC 166[0m
            [0m : [0m
            [0mSPECIAL PROBLEM[0m
          [36m</p>[39m
        [36m</div>[39m
        [36m<div[39m
          [33mclass[39m=[32m"col-md-auto"[39m
        [36m>[39m
          [36m<p>[39m
            [36m<button[39m
              [33maria-controls[39m=[32m"collapseExample"[39m
              [33maria-expanded[39m=[32m"false"[39m
              [33mclass[39m=[32m"btn default"[39m
              [33mdata-bs-target[39m=[32m"#collapseExample"[39m
              [33mdata-bs-toggle[39m=[32m"collapse"[39m
              [33mtype[39m=[32m"button"[39m
            [36m>[39m
              [0m see course info[0m
              [36m<i[39m
                [33mclass[39m=[32m"bi bi-plus-lg"[39m
              [36m/>[39m
            [36m</button>[39m
          [36m</p>[39m
        [36m</div>[39m
      [36m</div>[39m
      [36m<div[39m
        [33mclass[39m=[32m"row"[39m
      [36m>[39m
        [36m<div[39m
          [33mclass[39m=[32m"col"[39m
        [36m>[39m
          [36m<div[39m
            [33mclass[39m=[32m"collapse hide"[39m
            [33mid[39m=[32m"course-info-collapse"[39m
          [36m>[39m
            [36m<div[39m
              [33mclass[39m=[32m"card card-body"[39m
            [36m>[39m
              [36m<h6>[39m
                [0mCredits: [0m
                [0m 1-3[0m
              [36m</h6>[39m
              [36m<h6>[39m
                [0mDescription: [0m
                [0m[0m
              [36m</h6>[39m
              [36m<h6>[39m
                [0mPrerequisites: none[0m
              [36m</h6>[39m
            [36m</div>[39m
          [36m</div>[39m
        [36m</div>[39m
      [36m</div>[39m
    [36m</div>[39m

    Ignored nodes: comments, <script />, <style />
    [36m<div[39m
      [33mclass[39m=[32m"course-pool-scrollable container"[39m
      [33mdata-testid[39m=[32m"scroll-courses"[39m
    [36m>[39m
      [36m<div[39m
        [33mclass[39m=[32m"row"[39m
      [36m>[39m
        [36m<div[39m
          [33mclass[39m=[32m"col"[39m
        [36m>[39m
          [0m [0m
          [36m<p>[39m
            [0mCISC 167[0m
            [0m : [0m
            [0mSEMINAR[0m
          [36m</p>[39m
        [36m</div>[39m
        [36m<div[39m
          [33mclass[39m=[32m"col-md-auto"[39m
        [36m>[39m
          [36m<p>[39m
            [36m<button[39m
              [33maria-controls[39m=[32m"collapseExample"[39m
              [33maria-expanded[39m=[32m"false"[39m
              [33mclass[39m=[32m"btn default"[39m
              [33mdata-bs-target[39m=[32m"#collapseExample"[39m
              [33mdata-bs-toggle[39m=[32m"collapse"[39m
              [33mtype[39m=[32m"button"[39m
            [36m>[39m
              [0m see course info[0m
              [36m<i[39m
                [33mclass[39m=[32m"bi bi-plus-lg"[39m
              [36m/>[39m
            [36m</button>[39m
          [36m</p>[39m
        [36m</div>[39m
      [36m</div>[39m
      [36m<div[39m
        [33mclass[39m=[32m"row"[39m
      [36m>[39m
        [36m<div[39m
          [33mclass[39m=[32m"col"[39m
        [36m>[39m
          [36m<div[39m
            [33mclass[39m=[32m"collapse hide"[39m
            [33mid[39m=[32m"course-info-collapse"[39m
          [36m>[39m
            [36m<div[39m
              [33mclass[39m=[32m"card card-body"[39m
            [36m>[39m
              [36m<h6>[39m
                [0mCredits: [0m
                [0m 1-6[0m
              [36m</h6>[39m
              [36m<h6>[39m
                [0mDescription: [0m
                [0m[0m
              [36m</h6>[39m
              [36m<h6>[39m
                [0mPrerequisites: none[0m
              [36m</h6>[39m
            [36m</div>[39m
          [36m</div>[39m
        [36m</div>[39m
      [36m</div>[39m
    [36m</div>[39m

    Ignored nodes: comments, <script />, <style />
    [36m<div[39m
      [33mclass[39m=[32m"course-pool-scrollable container"[39m
      [33mdata-testid[39m=[32m"scroll-courses"[39m
    [36m>[39m
      [36m<div[39m
        [33mclass[39m=[32m"row"[39m
      [36m>[39m
        [36m<div[39m
          [33mclass[39m=[32m"col"[39m
        [36m>[39m
          [0m [0m
          [36m<p>[39m
            [0mCISC 181[0m
            [0m : [0m
            [0mIntroduction to Computer Science II[0m
          [36m</p>[39m
        [36m</div>[39m
        [36m<div[39m
          [33mclass[39m=[32m"col-md-auto"[39m
        [36m>[39m
          [36m<p>[39m
            [36m<button[39m
              [33maria-controls[39m=[32m"collapseExample"[39m
              [33maria-expanded[39m=[32m"false"[39m
              [33mclass[39m=[32m"btn default"[39m
              [33mdata-bs-target[39m=[32m"#collapseExample"[39m
              [33mdata-bs-toggle[39m=[32m"collapse"[39m
              [33mtype[39m=[32m"button"[39m
            [36m>[39m
              [0m see course info[0m
              [36m<i[39m
                [33mclass[39m=[32m"bi bi-plus-lg"[39m
              [36m/>[39m
            [36m</button>[39m
          [36m</p>[39m
        [36m</div>[39m
      [36m</div>[39m
      [36m<div[39m
        [33mclass[39m=[32m"row"[39m
      [36m>[39m
        [36m<div[39m
          [33mclass[39m=[32m"col"[39m
        [36m>[39m
          [36m<div[39m
            [33mclass[39m=[32m"collapse hide"[39m
            [33mid[39m=[32m"course-info-collapse"[39m
          [36m>[39m
            [36m<div[39m
              [33mclass[39m=[32m"card card-body"[39m
            [36m>[39m
              [36m<h6>[39m
                [0mCredits: [0m
                [0m 3[0m
              [36m</h6>[39m
              [36m<h6>[39m
                [0mDescription: [0m
                [0mPrinciples of computer science illustrated and applied through programming in an object oriented language. Programming projects illustrate computational problems, styles and issues that arise in computer systems development and in all application areas of computation.[0m
              [36m</h6>[39m
              [36m<h6>[39m
                [0mPrerequisites: [0m
                [0mGrade of C- or better in CISC 108 or CISC 106.[0m
              [36m</h6>[39m
            [36m</div>[39m
          [36m</div>[39m
        [36m</div>[39m
      [36m</div>[39m
    [36m</div>[39m

    Ignored nodes: comments, <script />, <style />
    [36m<div[39m
      [33mclass[39m=[32m"course-pool-scrollable container"[39m
      [33mdata-testid[39m=[32m"scroll-courses"[39m
    [36m>[39m
      [36m<div[39m
        [33mclass[39m=[32m"row"[39m
      [36m>[39m
        [36m<div[39m
          [33mclass[39m=[32m"col"[39m
        [36m>[39m
          [0m [0m
          [36m<p>[39m
            [0mCISC 187[0m
            [0m : [0m
            [0mVertically Integrated Projects I[0m
          [36m</p>[39m
        [36m</div>[39m
        [36m<div[39m
          [33mclass[39m=[32m"col-md-auto"[39m
        [36m>[39m
          [36m<p>[39m
            [36m<button[39m
              [33maria-controls[39m=[32m"collapseExample"[39m
              [33maria-expanded[39m=[32m"false"[39m
              [33mclass[39m=[32m"btn default"[39m
              [33mdata-bs-target[39m=[32m"#collapseExample"[39m
              [33mdata-bs-toggle[39m=[32m"collapse"[39m
              [33mtype[39m=[32m"button"[39m
            [36m>[39m
              [0m see course info[0m
              [36m<i[39m
                [33mclass[39m=[32m"bi bi-plus-lg"[39m
              [36m/>[39m
            [36m</button>[39m
          [36m</p>[39m
        [36m</div>[39m
      [36m</div>[39m
      [36m<div[39m
        [33mclass[39m=[32m"row"[39m
      [36m>[39m
        [36m<div[39m
          [33mclass[39m=[32m"col"[39m
        [36m>[39m
          [36m<div[39m
            [33mclass[39m=[32m"collapse hide"[39m
            [33mid[39m=[32m"course-info-collapse"[39m
          [36m>[39m
            [36m<div[39m
              [33mclass[39m=[32m"card card-body"[39m
            [36m>[39m
              [36m<h6>[39m
                [0mCredits: [0m
                [0m 1[0m
              [36m</h6>[39m
              [36m<h6>[39m
                [0mDescription: [0m
                [0mThe Vertically-Integrated Projects (VIP) Program operates in a research and development context. Undergraduate students that join VIP teams earn academic credit for their participation in design/discovery efforts that assist faculty and graduate students with research and development issues in their areas of expertise.[0m
              [36m</h6>[39m
              [36m<h6>[39m
                [0mPrerequisites: none[0m
              [36m</h6>[39m
            [36m</div>[39m
          [36m</div>[39m
        [36m</div>[39m
      [36m</div>[39m
    [36m</div>[39m

    Ignored nodes: comments, <script />, <style />
    [36m<div[39m
      [33mclass[39m=[32m"course-pool-scrollable container"[39m
      [33mdata-testid[39m=[32m"scroll-courses"[39m
    [36m>[39m
      [36m<div[39m
        [33mclass[39m=[32m"row"[39m
      [36m>[39m
        [36m<div[39m
          [33mclass[39m=[32m"col"[39m
        [36m>[39m
          [0m [0m
          [36m<p>[39m
            [0mCISC 210[0m
            [0m : [0m
            [0mIntroduction to Systems Programming[0m
          [36m</p>[39m
        [36m</div>[39m
        [36m<div[39m
          [33mclass[39m=[32m"col-md-auto"[39m
        [36m>[39m
          [36m<p>[39m
            [36m<button[39m
              [33maria-controls[39m=[32m"collapseExample"[39m
              [33maria-expanded[39m=[32m"false"[39m
              [33mclass[39m=[32m"btn default"[39m
              [33mdata-bs-target[39m=[32m"#collapseExample"[39m
              [33mdata-bs-toggle[39m=[32m"collapse"[39m
              [33mtype[39m=[32m"button"[39m
            [36m>[39m
              [0m see course info[0m
              [36m<i[39m
                [33mclass[39m=[32m"bi bi-plus-lg"[39m
              [36m/>[39m
            [36m</button>[39m
          [36m</p>[39m
        [36m</div>[39m
      [36m</div>[39m
      [36m<div[39m
        [33mclass[39m=[32m"row"[39m
      [36m>[39m
        [36m<div[39m
          [33mclass[39m=[32m"col"[39m
        [36m>[39m
          [36m<div[39m
            [33mclass[39m=[32m"collapse hide"[39m
            [33mid[39m=[32m"course-info-collapse"[39m
          [36m>[39m
            [36m<div[39m
              [33mclass[39m=[32m"card card-body"[39m
            [36m>[39m
              [36m<h6>[39m
                [0mCredits: [0m
                [0m 3[0m
              [36m</h6>[39m
              [36m<h6>[39m
                [0mDescription: [0m
                [0m[0m
              [36m</h6>[39m
              [36m<h6>[39m
                [0mPrerequisites: [0m
                [0mA grade of C- or better in CISC 106 or CISC 108.[0m
              [36m</h6>[39m
            [36m</div>[39m
          [36m</div>[39m
        [36m</div>[39m
      [36m</div>[39m
    [36m</div>[39m

    Ignored nodes: comments, <script />, <style />
    [36m<div[39m
      [33mclass[39m=[32m"course-pool-scrollable container"[39m
      [33mdata-testid[39m=[32m"scroll-courses"[39m
    [36m>[39m
      [36m<div[39m
        [33mclass[39m=[32m"row"[39m
      [36m>[39m
        [36m<div[39m
          [33mclass[39m=[32m"col"[39m
        [36m>[39m
          [0m [0m
          [36m<p>[39m
            [0mCISC 220[0m
            [0m : [0m
            [0mData Structures[0m
          [36m</p>[39m
        [36m</div>[39m
        [36m<div[39m
          [33mclass[39m=[32m"col-md-auto"[39m
        [36m>[39m
          [36m<p>[39m
            [36m<button[39m
              [33maria-controls[39m=[32m"collapseExample"[39m
              [33maria-expanded[39m=[32m"false"[39m
              [33mclass[39m=[32m"btn default"[39m
              [33mdata-bs-target[39m=[32m"#collapseExample"[39m
              [33mdata-bs-toggle[39m=[32m"collapse"[39m
              [33mtype[39m=[32m"button"[39m
            [36m>[39m
              [0m see course info[0m
              [36m<i[39m
                [33mclass[39m=[32m"bi bi-plus-lg"[39m
              [36m/>[39m
            [36m</button>[39m
          [36m</p>[39m
        [36m</div>[39m
      [36m</div>[39m
      [36m<div[39m
        [33mclass[39m=[32m"row"[39m
      [36m>[39m
        [36m<div[39m
          [33mclass[39m=[32m"col"[39m
        [36m>[39m
          [36m<div[39m
            [33mclass[39m=[32m"collapse hide"[39m
            [33mid[39m=[32m"course-info-collapse"[39m
          [36m>[39m
            [36m<div[39m
              [33mclass[39m=[32m"card card-body"[39m
            [36m>[39m
              [36m<h6>[39m
                [0mCredits: [0m
                [0m 3[0m
              [36m</h6>[39m
              [36m<h6>[39m
                [0mDescription: [0m
                [0mReview of data type abstraction, recursion, arrays, stacks, queues, multiple stacks and linked lists. Emphasis on dynamic storage management, garbage collection, trees, graphs, tables, sorting and searching.[0m
              [36m</h6>[39m
              [36m<h6>[39m
                [0mPrerequisites: [0m
                [0mA minimum grade of C- in CISC 210.[0m
              [36m</h6>[39m
            [36m</div>[39m
          [36m</div>[39m
        [36m</div>[39m
      [36m</div>[39m
    [36m</div>[39m

    Ignored nodes: comments, <script />, <style />
    [36m<div[39m
      [33mclass[39m=[32m"course-pool-scrollable container"[39m
      [33mdata-testid[39m=[32m"scroll-courses"[39m
    [36m>[39m
      [36m<div[39m
        [33mclass[39m=[32m"row"[39m
      [36m>[39m
        [36m<div[39m
          [33mclass[39m=[32m"col"[39m
        [36m>[39m
          [0m [0m
          [36m<p>[39m
            [0mCISC 250[0m
            [0m : [0m
            [0mBusiness Telecommunication Networks[0m
          [36m</p>[39m
        [36m</div>[39m
        [36m<div[39m
          [33mclass[39m=[32m"col-md-auto"[39m
        [36m>[39m
          [36m<p>[39m
            [36m<button[39m
              [33maria-controls[39m=[32m"collapseExample"[39m
              [33maria-expanded[39m=[32m"false"[39m
              [33mclass[39m=[32m"btn default"[39m
              [33mdata-bs-target[39m=[32m"#collapseExample"[39m
              [33mdata-bs-toggle[39m=[32m"collapse"[39m
              [33mtype[39m=[32m"button"[39m
            [36m>[39m
              [0m see course info[0m
              [36m<i[39m
                [33mclass[39m=[32m"bi bi-plus-lg"[39m
              [36m/>[39m
            [36m</button>[39m
          [36m</p>[39m
        [36m</div>[39m
      [36m</div>[39m
      [36m<div[39m
        [33mclass[39m=[32m"row"[39m
      [36m>[39m
        [36m<div[39m
          [33mclass[39m=[32m"col"[39m
        [36m>[39m
          [36m<div[39m
            [33mclass[39m=[32m"collapse hide"[39m
            [33mid[39m=[32m"course-info-collapse"[39m
          [36m>[39m
            [36m<div[39m
              [33mclass[39m=[32m"card card-body"[39m
            [36m>[39m
              [36m<h6>[39m
                [0mCredits: [0m
                [0m 3[0m
              [36m</h6>[39m
              [36m<h6>[39m
                [0mDescription: [0m
                [0mExamines technologies of information transmission currently utilized in the business environments and the implications of these technologies upon the development and implementation of information systems. Provides a basic background in the convergence of voice, data and video services into common digital networks. Security issues also considered.[0m
              [36m</h6>[39m
              [36m<h6>[39m
                [0mPrerequisites: [0m
                [0mCISC 181 or MISY 160.[0m
              [36m</h6>[39m
            [36m</div>[39m
          [36m</div>[39m
        [36m</div>[39m
      [36m</div>[39m
    [36m</div>[39m

    Ignored nodes: comments, <script />, <style />
    [36m<div[39m
      [33mclass[39m=[32m"course-pool-scrollable container"[39m
      [33mdata-testid[39m=[32m"scroll-courses"[39m
    [36m>[39m
      [36m<div[39m
        [33mclass[39m=[32m"row"[39m
      [36m>[39m
        [36m<div[39m
          [33mclass[39m=[32m"col"[39m
        [36m>[39m
          [0m [0m
          [36m<p>[39m
            [0mCISC 260[0m
            [0m : [0m
            [0mMachine Organization and Assembly Language[0m
          [36m</p>[39m
        [36m</div>[39m
        [36m<div[39m
          [33mclass[39m=[32m"col-md-auto"[39m
        [36m>[39m
          [36m<p>[39m
            [36m<button[39m
              [33maria-controls[39m=[32m"collapseExample"[39m
              [33maria-expanded[39m=[32m"false"[39m
              [33mclass[39m=[32m"btn default"[39m
              [33mdata-bs-target[39m=[32m"#collapseExample"[39m
              [33mdata-bs-toggle[39m=[32m"collapse"[39m
              [33mtype[39m=[32m"button"[39m
            [36m>[39m
              [0m see course info[0m
              [36m<i[39m
                [33mclass[39m=[32m"bi bi-plus-lg"[39m
              [36m/>[39m
            [36m</button>[39m
          [36m</p>[39m
        [36m</div>[39m
      [36m</div>[39m
      [36m<div[39m
        [33mclass[39m=[32m"row"[39m
      [36m>[39m
        [36m<div[39m
          [33mclass[39m=[32m"col"[39m
        [36m>[39m
          [36m<div[39m
            [33mclass[39m=[32m"collapse hide"[39m
            [33mid[39m=[32m"course-info-collapse"[39m
          [36m>[39m
            [36m<div[39m
              [33mclass[39m=[32m"card card-body"[39m
            [36m>[39m
              [36m<h6>[39m
                [0mCredits: [0m
                [0m 3[0m
              [36m</h6>[39m
              [36m<h6>[39m
                [0mDescription: [0m
                [0mIntroduction to the basics of machine organization. Programming tools and techniques at the machine and assembly levels. Assembly language programming and computer arithmetic techniques.[0m
              [36m</h6>[39m
              [36m<h6>[39m
                [0mPrerequisites: [0m
                [0mA minimum grade of C- in CISC 210.[0m
              [36m</h6>[39m
            [36m</div>[39m
          [36m</div>[39m
        [36m</div>[39m
      [36m</div>[39m
    [36m</div>[39m

    Ignored nodes: comments, <script />, <style />
    [36m<div[39m
      [33mclass[39m=[32m"course-pool-scrollable container"[39m
      [33mdata-testid[39m=[32m"scroll-courses"[39m
    [36m>[39m
      [36m<div[39m
        [33mclass[39m=[32m"row"[39m
      [36m>[39m
        [36m<div[39m
          [33mclass[39m=[32m"col"[39m
        [36m>[39m
          [0m [0m
          [36m<p>[39m
            [0mCISC 266[0m
            [0m : [0m
            [0mSPECIAL PROBLEM[0m
          [36m</p>[39m
        [36m</div>[39m
        [36m<div[39m
          [33mclass[39m=[32m"col-md-auto"[39m
        [36m>[39m
          [36m<p>[39m
            [36m<button[39m
              [33maria-controls[39m=[32m"collapseExample"[39m
              [33maria-expanded[39m=[32m"false"[39m
              [33mclass[39m=[32m"btn default"[39m
              [33mdata-bs-target[39m=[32m"#collapseExample"[39m
              [33mdata-bs-toggle[39m=[32m"collapse"[39m
              [33mtype[39m=[32m"button"[39m
            [36m>[39m
              [0m see course info[0m
              [36m<i[39m
                [33mclass[39m=[32m"bi bi-plus-lg"[39m
              [36m/>[39m
            [36m</button>[39m
          [36m</p>[39m
        [36m</div>[39m
      [36m</div>[39m
      [36m<div[39m
        [33mclass[39m=[32m"row"[39m
      [36m>[39m
        [36m<div[39m
          [33mclass[39m=[32m"col"[39m
        [36m>[39m
          [36m<div[39m
            [33mclass[39m=[32m"collapse hide"[39m
            [33mid[39m=[32m"course-info-collapse"[39m
          [36m>[39m
            [36m<div[39m
              [33mclass[39m=[32m"card card-body"[39m
            [36m>[39m
              [36m<h6>[39m
                [0mCredits: [0m
                [0m 1-3[0m
              [36m</h6>[39m
              [36m<h6>[39m
                [0mDescription: [0m
                [0m[0m
              [36m</h6>[39m
              [36m<h6>[39m
                [0mPrerequisites: none[0m
              [36m</h6>[39m
            [36m</div>[39m
          [36m</div>[39m
        [36m</div>[39m
      [36m</div>[39m
    [36m</div>[39m

    Ignored nodes: comments, <script />, <style />
    [36m<div[39m
      [33mclass[39m=[32m"course-pool-scrollable container"[39m
      [33mdata-testid[39m=[32m"scroll-courses"[39m
    [36m>[39m
      [36m<div[39m
        [33mclass[39m=[32m"row"[39m
      [36m>[39m
        [36m<div[39m
          [33mclass[39m=[32m"col"[39m
        [36m>[39m
          [0m [0m
          [36m<p>[39m
            [0mCISC 267[0m
            [0m : [0m
            [0mSEMINAR[0m
          [36m</p>[39m
        [36m</div>[39m
        [36m<div[39m
          [33mclass[39m=[32m"col-md-auto"[39m
        [36m>[39m
          [36m<p>[39m
            [36m<button[39m
              [33maria-controls[39m=[32m"collapseExample"[39m
              [33maria-expanded[39m=[32m"false"[39m
              [33mclass[39m=[32m"btn default"[39m
              [33mdata-bs-target[39m=[32m"#collapseExample"[39m
              [33mdata-bs-toggle[39m=[32m"collapse"[39m
              [33mtype[39m=[32m"button"[39m
            [36m>[39m
              [0m see course info[0m
              [36m<i[39m
                [33mclass[39m=[32m"bi bi-plus-lg"[39m
              [36m/>[39m
            [36m</button>[39m
          [36m</p>[39m
        [36m</div>[39m
      [36m</div>[39m
      [36m<div[39m
        [33mclass[39m=[32m"row"[39m
      [36m>[39m
        [36m<div[39m
          [33mclass[39m=[32m"col"[39m
        [36m>[39m
          [36m<div[39m
            [33mclass[39m=[32m"collapse hide"[39m
            [33mid[39m=[32m"course-info-collapse"[39m
          [36m>[39m
            [36m<div[39m
              [33mclass[39m=[32m"card card-body"[39m
            [36m>[39m
              [36m<h6>[39m
                [0mCredits: [0m
                [0m 1-6[0m
              [36m</h6>[39m
              [36m<h6>[39m
                [0mDescription: [0m
                [0m[0m
              [36m</h6>[39m
              [36m<h6>[39m
                [0mPrerequisites: none[0m
              [36m</h6>[39m
            [36m</div>[39m
          [36m</div>[39m
        [36m</div>[39m
      [36m</div>[39m
    [36m</div>[39m

    Ignored nodes: comments, <script />, <style />
    [36m<div[39m
      [33mclass[39m=[32m"course-pool-scrollable container"[39m
      [33mdata-testid[39m=[32m"scroll-courses"[39m
    [36m>[39m
      [36m<div[39m
        [33mclass[39m=[32m"row"[39m
      [36m>[39m
        [36m<div[39m
          [33mclass[39m=[32m"col"[39m
        [36m>[39m
          [0m [0m
          [36m<p>[39m
            [0mCISC 275[0m
            [0m : [0m
            [0mIntroduction to Software Engineering[0m
          [36m</p>[39m
        [36m</div>[39m
        [36m<div[39m
          [33mclass[39m=[32m"col-md-auto"[39m
        [36m>[39m
          [36m<p>[39m
            [36m<button[39m
              [33maria-controls[39m=[32m"collapseExample"[39m
              [33maria-expanded[39m=[32m"false"[39m
              [33mclass[39m=[32m"btn default"[39m
              [33mdata-bs-target[39m=[32m"#collapseExample"[39m
              [33mdata-bs-toggle[39m=[32m"collapse"[39m
              [33mtype[39m=[32m"button"[39m
            [36m>[39m
              [0m see course info[0m
              [36m<i[39m
                [33mclass[39m=[32m"bi bi-plus-lg"[39m
              [36m/>[39m
            [36m</button>[39m
          [36m</p>[39m
        [36m</div>[39m
      [36m</div>[39m
      [36m<div[39m
        [33mclass[39m=[32m"row"[39m
      [36m>[39m
        [36m<div[39m
          [33mclass[39m=[32m"col"[39m
        [36m>[39m
          [36m<div[39m
            [33mclass[39m=[32m"collapse hide"[39m
            [33mid[39m=[32m"course-info-collapse"[39m
          [36m>[39m
            [36m<div[39m
              [33mclass[39m=[32m"card card-body"[39m
            [36m>[39m
              [36m<h6>[39m
                [0mCredits: [0m
                [0m 3[0m
              [36m</h6>[39m
              [36m<h6>[39m
                [0mDescription: [0m
                [0mObject oriented software design and development through use of an object oriented programming language. Topics include team programming, design patterns, graphical user interfaces, software engineering tools (e.g., integrated development environments, version control, build management, bug tracking, automated testing).[0m
              [36m</h6>[39m
              [36m<h6>[39m
                [0mPrerequisites: [0m
                [0mMinimum grade of C- in CISC 181 and CISC 220.[0m
              [36m</h6>[39m
            [36m</div>[39m
          [36m</div>[39m
        [36m</div>[39m
      [36m</div>[39m
    [36m</div>[39m

    Ignored nodes: comments, <script />, <style />
    [36m<div[39m
      [33mclass[39m=[32m"course-pool-scrollable container"[39m
      [33mdata-testid[39m=[32m"scroll-courses"[39m
    [36m>[39m
      [36m<div[39m
        [33mclass[39m=[32m"row"[39m
      [36m>[39m
        [36m<div[39m
          [33mclass[39m=[32m"col"[39m
        [36m>[39m
          [0m [0m
          [36m<p>[39m
            [0mCISC 287[0m
            [0m : [0m
            [0mVertically Integrated Projects II[0m
          [36m</p>[39m
        [36m</div>[39m
        [36m<div[39m
          [33mclass[39m=[32m"col-md-auto"[39m
        [36m>[39m
          [36m<p>[39m
            [36m<button[39m
              [33maria-controls[39m=[32m"collapseExample"[39m
              [33maria-expanded[39m=[32m"false"[39m
              [33mclass[39m=[32m"btn default"[39m
              [33mdata-bs-target[39m=[32m"#collapseExample"[39m
              [33mdata-bs-toggle[39m=[32m"collapse"[39m
              [33mtype[39m=[32m"button"[39m
            [36m>[39m
              [0m see course info[0m
              [36m<i[39m
                [33mclass[39m=[32m"bi bi-plus-lg"[39m
              [36m/>[39m
            [36m</button>[39m
          [36m</p>[39m
        [36m</div>[39m
      [36m</div>[39m
      [36m<div[39m
        [33mclass[39m=[32m"row"[39m
      [36m>[39m
        [36m<div[39m
          [33mclass[39m=[32m"col"[39m
        [36m>[39m
          [36m<div[39m
            [33mclass[39m=[32m"collapse hide"[39m
            [33mid[39m=[32m"course-info-collapse"[39m
          [36m>[39m
            [36m<div[39m
              [33mclass[39m=[32m"card card-body"[39m
            [36m>[39m
              [36m<h6>[39m
                [0mCredits: [0m
                [0m 1-2[0m
              [36m</h6>[39m
              [36m<h6>[39m
                [0mDescription: [0m
                [0mThe Vertically-Integrated Projects (VIP) Program operates in a research and development context. Undergraduate students that join VIP teams earn academic credit for their participation in design/discovery efforts that assist faculty and graduate students with research and development issues in their areas of expertise.[0m
              [36m</h6>[39m
              [36m<h6>[39m
                [0mPrerequisites: none[0m
              [36m</h6>[39m
            [36m</div>[39m
          [36m</div>[39m
        [36m</div>[39m
      [36m</div>[39m
    [36m</div>[39m

    Ignored nodes: comments, <script />, <style />
    [36m<div[39m
      [33mclass[39m=[32m"course-pool-scrollable container"[39m
      [33mdata-testid[39m=[32m"scroll-courses"[39m
    [36m>[39m
      [36m<div[39m
        [33mclass[39m=[32m"row"[39m
      [36m>[39m
        [36m<div[39m
          [33mclass[39m=[32m"col"[39m
        [36m>[39m
          [0m [0m
          [36m<p>[39m
            [0mCISC 303[0m
            [0m : [0m
            [0mAutomata Theory[0m
          [36m</p>[39m
        [36m</div>[39m
        [36m<div[39m
          [33mclass[39m=[32m"col-md-auto"[39m
        [36m>[39m
          [36m<p>[39m
            [36m<button[39m
              [33maria-controls[39m=[32m"collapseExample"[39m
              [33maria-expanded[39m=[32m"false"[39m
              [33mclass[39m=[32m"btn default"[39m
              [33mdata-bs-target[39m=[32m"#collapseExample"[39m
              [33mdata-bs-toggle[39m=[32m"collapse"[39m
              [33mtype[39m=[32m"button"[39m
            [36m>[39m
              [0m see course info[0m
              [36m<i[39m
                [33mclass[39m=[32m"bi bi-plus-lg"[39m
              [36m/>[39m
            [36m</button>[39m
          [36m</p>[39m
        [36m</div>[39m
      [36m</div>[39m
      [36m<div[39m
        [33mclass[39m=[32m"row"[39m
      [36m>[39m
        [36m<div[39m
          [33mclass[39m=[32m"col"[39m
        [36m>[39m
          [36m<div[39m
            [33mclass[39m=[32m"collapse hide"[39m
            [33mid[39m=[32m"course-info-collapse"[39m
          [36m>[39m
            [36m<div[39m
              [33mclass[39m=[32m"card card-body"[39m
            [36m>[39m
              [36m<h6>[39m
                [0mCredits: [0m
                [0m 3[0m
              [36m</h6>[39m
              [36m<h6>[39m
                [0mDescription: [0m
                [0mAutomata and formal language theory. Background for advanced applications in compilers, computer networks, operating systems, and natural language processing. Finite automata and regular languages. Push down automata and context free grammars. Turing machines.[0m
              [36m</h6>[39m
              [36m<h6>[39m
                [0mPrerequisites: [0m
                [0mA minimum grade of C- in both MATH 210 and CISC 220.[0m
              [36m</h6>[39m
            [36m</div>[39m
          [36m</div>[39m
        [36m</div>[39m
      [36m</div>[39m
    [36m</div>[39m

    Ignored nodes: comments, <script />, <style />
    [36m<div[39m
      [33mclass[39m=[32m"course-pool-scrollable container"[39m
      [33mdata-testid[39m=[32m"scroll-courses"[39m
    [36m>[39m
      [36m<div[39m
        [33mclass[39m=[32m"row"[39m
      [36m>[39m
        [36m<div[39m
          [33mclass[39m=[32m"col"[39m
        [36m>[39m
          [0m [0m
          [36m<p>[39m
            [0mCISC 304[0m
            [0m : [0m
            [0mLogic for Programming[0m
          [36m</p>[39m
        [36m</div>[39m
        [36m<div[39m
          [33mclass[39m=[32m"col-md-auto"[39m
        [36m>[39m
          [36m<p>[39m
            [36m<button[39m
              [33maria-controls[39m=[32m"collapseExample"[39m
              [33maria-expanded[39m=[32m"false"[39m
              [33mclass[39m=[32m"btn default"[39m
              [33mdata-bs-target[39m=[32m"#collapseExample"[39m
              [33mdata-bs-toggle[39m=[32m"collapse"[39m
              [33mtype[39m=[32m"button"[39m
            [36m>[39m
              [0m see course info[0m
              [36m<i[39m
                [33mclass[39m=[32m"bi bi-plus-lg"[39m
              [36m/>[39m
            [36m</button>[39m
          [36m</p>[39m
        [36m</div>[39m
      [36m</div>[39m
      [36m<div[39m
        [33mclass[39m=[32m"row"[39m
      [36m>[39m
        [36m<div[39m
          [33mclass[39m=[32m"col"[39m
        [36m>[39m
          [36m<div[39m
            [33mclass[39m=[32m"collapse hide"[39m
            [33mid[39m=[32m"course-info-collapse"[39m
          [36m>[39m
            [36m<div[39m
              [33mclass[39m=[32m"card card-body"[39m
            [36m>[39m
              [36m<h6>[39m
                [0mCredits: [0m
                [0m 3[0m
              [36m</h6>[39m
              [36m<h6>[39m
                [0mDescription: [0m
                [0mPropositional and predicate logic for general reasoning and advanced applications in knowledge representation in artificial intelligence and database, program correctness and programming semantics. Models, resolution, logic programming, and natural deduction.[0m
              [36m</h6>[39m
              [36m<h6>[39m
                [0mPrerequisites: [0m
                [0mCISC 220, MATH 210 (with minimum C- grade in both).[0m
              [36m</h6>[39m
            [36m</div>[39m
          [36m</div>[39m
        [36m</div>[39m
      [36m</div>[39m
    [36m</div>[39m

    Ignored nodes: comments, <script />, <style />
    [36m<div[39m
      [33mclass[39m=[32m"course-pool-scrollable container"[39m
      [33mdata-testid[39m=[32m"scroll-courses"[39m
    [36m>[39m
      [36m<div[39m
        [33mclass[39m=[32m"row"[39m
      [36m>[39m
        [36m<div[39m
          [33mclass[39m=[32m"col"[39m
        [36m>[39m
          [0m [0m
          [36m<p>[39m
            [0mCISC 320[0m
            [0m : [0m
            [0mIntroduction to Algorithms[0m
          [36m</p>[39m
        [36m</div>[39m
        [36m<div[39m
          [33mclass[39m=[32m"col-md-auto"[39m
        [36m>[39m
          [36m<p>[39m
            [36m<button[39m
              [33maria-controls[39m=[32m"collapseExample"[39m
              [33maria-expanded[39m=[32m"false"[39m
              [33mclass[39m=[32m"btn default"[39m
              [33mdata-bs-target[39m=[32m"#collapseExample"[39m
              [33mdata-bs-toggle[39m=[32m"collapse"[39m
              [33mtype[39m=[32m"button"[39m
            [36m>[39m
              [0m see course info[0m
              [36m<i[39m
                [33mclass[39m=[32m"bi bi-plus-lg"[39m
              [36m/>[39m
            [36m</button>[39m
          [36m</p>[39m
        [36m</div>[39m
      [36m</div>[39m
      [36m<div[39m
        [33mclass[39m=[32m"row"[39m
      [36m>[39m
        [36m<div[39m
          [33mclass[39m=[32m"col"[39m
        [36m>[39m
          [36m<div[39m
            [33mclass[39m=[32m"collapse hide"[39m
            [33mid[39m=[32m"course-info-collapse"[39m
          [36m>[39m
            [36m<div[39m
              [33mclass[39m=[32m"card card-body"[39m
            [36m>[39m
              [36m<h6>[39m
                [0mCredits: [0m
                [0m 3[0m
              [36m</h6>[39m
              [36m<h6>[39m
                [0mDescription: [0m
                [0mDesign and analysis of algorithms: worst/average case analysis, proofs for correctness and performance of algorithms. Algorithmic strategies (divide and conquer, greedy methods, dynamic programming, etc.). Algorithms for searching, forming and traversal of strings, trees and graphs. Categorization of computational problems: classes P and NP. NP completeness.[0m
              [36m</h6>[39m
              [36m<h6>[39m
                [0mPrerequisites: [0m
                [0mMATH 210 and a minimum grade of C- in CISC 220.[0m
              [36m</h6>[39m
            [36m</div>[39m
          [36m</div>[39m
        [36m</div>[39m
      [36m</div>[39m
    [36m</div>[39m

    Ignored nodes: comments, <script />, <style />
    [36m<div[39m
      [33mclass[39m=[32m"course-pool-scrollable container"[39m
      [33mdata-testid[39m=[32m"scroll-courses"[39m
    [36m>[39m
      [36m<div[39m
        [33mclass[39m=[32m"row"[39m
      [36m>[39m
        [36m<div[39m
          [33mclass[39m=[32m"col"[39m
        [36m>[39m
          [0m [0m
          [36m<p>[39m
            [0mCISC 355[0m
            [0m : [0m
            [0mComputers, Ethics and Society[0m
          [36m</p>[39m
        [36m</div>[39m
        [36m<div[39m
          [33mclass[39m=[32m"col-md-auto"[39m
        [36m>[39m
          [36m<p>[39m
            [36m<button[39m
              [33maria-controls[39m=[32m"collapseExample"[39m
              [33maria-expanded[39m=[32m"false"[39m
              [33mclass[39m=[32m"btn default"[39m
              [33mdata-bs-target[39m=[32m"#collapseExample"[39m
              [33mdata-bs-toggle[39m=[32m"collapse"[39m
              [33mtype[39m=[32m"button"[39m
            [36m>[39m
              [0m see course info[0m
              [36m<i[39m
                [33mclass[39m=[32m"bi bi-plus-lg"[39m
              [36m/>[39m
            [36m</button>[39m
          [36m</p>[39m
        [36m</div>[39m
      [36m</div>[39m
      [36m<div[39m
        [33mclass[39m=[32m"row"[39m
      [36m>[39m
        [36m<div[39m
          [33mclass[39m=[32m"col"[39m
        [36m>[39m
          [36m<div[39m
            [33mclass[39m=[32m"collapse hide"[39m
            [33mid[39m=[32m"course-info-collapse"[39m
          [36m>[39m
            [36m<div[39m
              [33mclass[39m=[32m"card card-body"[39m
            [36m>[39m
              [36m<h6>[39m
                [0mCredits: [0m
                [0m 3[0m
              [36m</h6>[39m
              [36m<h6>[39m
                [0mDescription: [0m
                [0m[0m
              [36m</h6>[39m
              [36m<h6>[39m
                [0mPrerequisites: none[0m
              [36m</h6>[39m
            [36m</div>[39m
          [36m</div>[39m
        [36m</div>[39m
      [36m</div>[39m
    [36m</div>[39m

    Ignored nodes: comments, <script />, <style />
    [36m<div[39m
      [33mclass[39m=[32m"course-pool-scrollable container"[39m
      [33mdata-testid[39m=[32m"scroll-courses"[39m
    [36m>[39m
      [36m<div[39m
        [33mclass[39m=[32m"row"[39m
      [36m>[39m
        [36m<div[39m
          [33mclass[39m=[32m"col"[39m
        [36m>[39m
          [0m [0m
          [36m<p>[39m
            [0mCISC 356[0m
            [0m : [0m
            [0mIntellectual Property in the Digital Age[0m
          [36m</p>[39m
        [36m</div>[39m
        [36m<div[39m
          [33mclass[39m=[32m"col-md-auto"[39m
        [36m>[39m
          [36m<p>[39m
            [36m<button[39m
              [33maria-controls[39m=[32m"collapseExample"[39m
              [33maria-expanded[39m=[32m"false"[39m
              [33mclass[39m=[32m"btn default"[39m
              [33mdata-bs-target[39m=[32m"#collapseExample"[39m
              [33mdata-bs-toggle[39m=[32m"collapse"[39m
              [33mtype[39m=[32m"button"[39m
            [36m>[39m
              [0m see course info[0m
              [36m<i[39m
                [33mclass[39m=[32m"bi bi-plus-lg"[39m
              [36m/>[39m
            [36m</button>[39m
          [36m</p>[39m
        [36m</div>[39m
      [36m</div>[39m
      [36m<div[39m
        [33mclass[39m=[32m"row"[39m
      [36m>[39m
        [36m<div[39m
          [33mclass[39m=[32m"col"[39m
        [36m>[39m
          [36m<div[39m
            [33mclass[39m=[32m"collapse hide"[39m
            [33mid[39m=[32m"course-info-collapse"[39m
          [36m>[39m
            [36m<div[39m
              [33mclass[39m=[32m"card card-body"[39m
            [36m>[39m
              [36m<h6>[39m
                [0mCredits: [0m
                [0m 3[0m
              [36m</h6>[39m
              [36m<h6>[39m
                [0mDescription: [0m
                [0mExplore economic, philosophical, social, and technical approaches to intellectual property (1500 BCE to present) then will research contemporary IP issues in software, entertainment, the Internet, and biotechnology.[0m
              [36m</h6>[39m
              [36m<h6>[39m
                [0mPrerequisites: none[0m
              [36m</h6>[39m
            [36m</div>[39m
          [36m</div>[39m
        [36m</div>[39m
      [36m</div>[39m
    [36m</div>[39m

    Ignored nodes: comments, <script />, <style />
    [36m<div[39m
      [33mclass[39m=[32m"course-pool-scrollable container"[39m
      [33mdata-testid[39m=[32m"scroll-courses"[39m
    [36m>[39m
      [36m<div[39m
        [33mclass[39m=[32m"row"[39m
      [36m>[39m
        [36m<div[39m
          [33mclass[39m=[32m"col"[39m
        [36m>[39m
          [0m [0m
          [36m<p>[39m
            [0mCISC 357[0m
            [0m : [0m
            [0mEngaging Youth in Computing[0m
          [36m</p>[39m
        [36m</div>[39m
        [36m<div[39m
          [33mclass[39m=[32m"col-md-auto"[39m
        [36m>[39m
          [36m<p>[39m
            [36m<button[39m
              [33maria-controls[39m=[32m"collapseExample"[39m
              [33maria-expanded[39m=[32m"false"[39m
              [33mclass[39m=[32m"btn default"[39m
              [33mdata-bs-target[39m=[32m"#collapseExample"[39m
              [33mdata-bs-toggle[39m=[32m"collapse"[39m
              [33mtype[39m=[32m"button"[39m
            [36m>[39m
              [0m see course info[0m
              [36m<i[39m
                [33mclass[39m=[32m"bi bi-plus-lg"[39m
              [36m/>[39m
            [36m</button>[39m
          [36m</p>[39m
        [36m</div>[39m
      [36m</div>[39m
      [36m<div[39m
        [33mclass[39m=[32m"row"[39m
      [36m>[39m
        [36m<div[39m
          [33mclass[39m=[32m"col"[39m
        [36m>[39m
          [36m<div[39m
            [33mclass[39m=[32m"collapse hide"[39m
            [33mid[39m=[32m"course-info-collapse"[39m
          [36m>[39m
            [36m<div[39m
              [33mclass[39m=[32m"card card-body"[39m
            [36m>[39m
              [36m<h6>[39m
                [0mCredits: [0m
                [0m 1-3[0m
              [36m</h6>[39m
              [36m<h6>[39m
                [0mDescription: [0m
                [0m[0m
              [36m</h6>[39m
              [36m<h6>[39m
                [0mPrerequisites: [0m
                [0mCISC 101 or CISC 103 or CISC 106 or CISC 108.[0m
              [36m</h6>[39m
            [36m</div>[39m
          [36m</div>[39m
        [36m</div>[39m
      [36m</div>[39m
    [36m</div>[39m

    Ignored nodes: comments, <script />, <style />
    [36m<div[39m
      [33mclass[39m=[32m"course-pool-scrollable container"[39m
      [33mdata-testid[39m=[32m"scroll-courses"[39m
    [36m>[39m
      [36m<div[39m
        [33mclass[39m=[32m"row"[39m
      [36m>[39m
        [36m<div[39m
          [33mclass[39m=[32m"col"[39m
        [36m>[39m
          [0m [0m
          [36m<p>[39m
            [0mCISC 360[0m
            [0m : [0m
            [0mComputer Architecture[0m
          [36m</p>[39m
        [36m</div>[39m
        [36m<div[39m
          [33mclass[39m=[32m"col-md-auto"[39m
        [36m>[39m
          [36m<p>[39m
            [36m<button[39m
              [33maria-controls[39m=[32m"collapseExample"[39m
              [33maria-expanded[39m=[32m"false"[39m
              [33mclass[39m=[32m"btn default"[39m
              [33mdata-bs-target[39m=[32m"#collapseExample"[39m
              [33mdata-bs-toggle[39m=[32m"collapse"[39m
              [33mtype[39m=[32m"button"[39m
            [36m>[39m
              [0m see course info[0m
              [36m<i[39m
                [33mclass[39m=[32m"bi bi-plus-lg"[39m
              [36m/>[39m
            [36m</button>[39m
          [36m</p>[39m
        [36m</div>[39m
      [36m</div>[39m
      [36m<div[39m
        [33mclass[39m=[32m"row"[39m
      [36m>[39m
        [36m<div[39m
          [33mclass[39m=[32m"col"[39m
        [36m>[39m
          [36m<div[39m
            [33mclass[39m=[32m"collapse hide"[39m
            [33mid[39m=[32m"course-info-collapse"[39m
          [36m>[39m
            [36m<div[39m
              [33mclass[39m=[32m"card card-body"[39m
            [36m>[39m
              [36m<h6>[39m
                [0mCredits: [0m
                [0m 3[0m
              [36m</h6>[39m
              [36m<h6>[39m
                [0mDescription: [0m
                [0mPrinciples and techniques used in the architecture of digital computers. Machine elements and their interrelation. Instruction sets, risc vs cisc, registers, busses and switches.[0m
              [36m</h6>[39m
              [36m<h6>[39m
                [0mPrerequisites: [0m
                [0mA minimum grade of C- in CISC 220 and CISC 260 (or equivalent courses).[0m
              [36m</h6>[39m
            [36m</div>[39m
          [36m</div>[39m
        [36m</div>[39m
      [36m</div>[39m
    [36m</div>[39m

    Ignored nodes: comments, <script />, <style />
    [36m<div[39m
      [33mclass[39m=[32m"course-pool-scrollable container"[39m
      [33mdata-testid[39m=[32m"scroll-courses"[39m
    [36m>[39m
      [36m<div[39m
        [33mclass[39m=[32m"row"[39m
      [36m>[39m
        [36m<div[39m
          [33mclass[39m=[32m"col"[39m
        [36m>[39m
          [0m [0m
          [36m<p>[39m
            [0mCISC 361[0m
            [0m : [0m
            [0mOperating Systems[0m
          [36m</p>[39m
        [36m</div>[39m
        [36m<div[39m
          [33mclass[39m=[32m"col-md-auto"[39m
        [36m>[39m
          [36m<p>[39m
            [36m<button[39m
              [33maria-controls[39m=[32m"collapseExample"[39m
              [33maria-expanded[39m=[32m"false"[39m
              [33mclass[39m=[32m"btn default"[39m
              [33mdata-bs-target[39m=[32m"#collapseExample"[39m
              [33mdata-bs-toggle[39m=[32m"collapse"[39m
              [33mtype[39m=[32m"button"[39m
            [36m>[39m
              [0m see course info[0m
              [36m<i[39m
                [33mclass[39m=[32m"bi bi-plus-lg"[39m
              [36m/>[39m
            [36m</button>[39m
          [36m</p>[39m
        [36m</div>[39m
      [36m</div>[39m
      [36m<div[39m
        [33mclass[39m=[32m"row"[39m
      [36m>[39m
        [36m<div[39m
          [33mclass[39m=[32m"col"[39m
        [36m>[39m
          [36m<div[39m
            [33mclass[39m=[32m"collapse hide"[39m
            [33mid[39m=[32m"course-info-collapse"[39m
          [36m>[39m
            [36m<div[39m
              [33mclass[39m=[32m"card card-body"[39m
            [36m>[39m
              [36m<h6>[39m
                [0mCredits: [0m
                [0m 3[0m
              [36m</h6>[39m
              [36m<h6>[39m
                [0mDescription: [0m
                [0mPrinciples and techniques employed in the development of operating systems and their control programs. Includes management of memory, processors, I/O devices.[0m
              [36m</h6>[39m
              [36m<h6>[39m
                [0mPrerequisites: [0m
                [0mA minimum grade of C- in both CISC 220 and CISC 260. CPEG 222 may be substituted for CISC 260.[0m
              [36m</h6>[39m
            [36m</div>[39m
          [36m</div>[39m
        [36m</div>[39m
      [36m</div>[39m
    [36m</div>[39m

    Ignored nodes: comments, <script />, <style />
    [36m<div[39m
      [33mclass[39m=[32m"course-pool-scrollable container"[39m
      [33mdata-testid[39m=[32m"scroll-courses"[39m
    [36m>[39m
      [36m<div[39m
        [33mclass[39m=[32m"row"[39m
      [36m>[39m
        [36m<div[39m
          [33mclass[39m=[32m"col"[39m
        [36m>[39m
          [0m [0m
          [36m<p>[39m
            [0mCISC 366[0m
            [0m : [0m
            [0mIndependent Study[0m
          [36m</p>[39m
        [36m</div>[39m
        [36m<div[39m
          [33mclass[39m=[32m"col-md-auto"[39m
        [36m>[39m
          [36m<p>[39m
            [36m<button[39m
              [33maria-controls[39m=[32m"collapseExample"[39m
              [33maria-expanded[39m=[32m"false"[39m
              [33mclass[39m=[32m"btn default"[39m
              [33mdata-bs-target[39m=[32m"#collapseExample"[39m
              [33mdata-bs-toggle[39m=[32m"collapse"[39m
              [33mtype[39m=[32m"button"[39m
            [36m>[39m
              [0m see course info[0m
              [36m<i[39m
                [33mclass[39m=[32m"bi bi-plus-lg"[39m
              [36m/>[39m
            [36m</button>[39m
          [36m</p>[39m
        [36m</div>[39m
      [36m</div>[39m
      [36m<div[39m
        [33mclass[39m=[32m"row"[39m
      [36m>[39m
        [36m<div[39m
          [33mclass[39m=[32m"col"[39m
        [36m>[39m
          [36m<div[39m
            [33mclass[39m=[32m"collapse hide"[39m
            [33mid[39m=[32m"course-info-collapse"[39m
          [36m>[39m
            [36m<div[39m
              [33mclass[39m=[32m"card card-body"[39m
            [36m>[39m
              [36m<h6>[39m
                [0mCredits: [0m
                [0m 1-6[0m
              [36m</h6>[39m
              [36m<h6>[39m
                [0mDescription: [0m
                [0m[0m
              [36m</h6>[39m
              [36m<h6>[39m
                [0mPrerequisites: none[0m
              [36m</h6>[39m
            [36m</div>[39m
          [36m</div>[39m
        [36m</div>[39m
      [36m</div>[39m
    [36m</div>[39m

    Ignored nodes: comments, <script />, <style />
    [36m<div[39m
      [33mclass[39m=[32m"course-pool-scrollable container"[39m
      [33mdata-testid[39m=[32m"scroll-courses"[39m
    [36m>[39m
      [36m<div[39m
        [33mclass[39m=[32m"row"[39m
      [36m>[39m
        [36m<div[39m
          [33mclass[39m=[32m"col"[39m
        [36m>[39m
          [0m [0m
          [36m<p>[39m
            [0mCISC 367[0m
            [0m : [0m
            [0mSEMINAR[0m
          [36m</p>[39m
        [36m</div>[39m
        [36m<div[39m
          [33mclass[39m=[32m"col-md-auto"[39m
        [36m>[39m
          [36m<p>[39m
            [36m<button[39m
              [33maria-controls[39m=[32m"collapseExample"[39m
              [33maria-expanded[39m=[32m"false"[39m
              [33mclass[39m=[32m"btn default"[39m
              [33mdata-bs-target[39m=[32m"#collapseExample"[39m
              [33mdata-bs-toggle[39m=[32m"collapse"[39m
              [33mtype[39m=[32m"button"[39m
            [36m>[39m
              [0m see course info[0m
              [36m<i[39m
                [33mclass[39m=[32m"bi bi-plus-lg"[39m
              [36m/>[39m
            [36m</button>[39m
          [36m</p>[39m
        [36m</div>[39m
      [36m</div>[39m
      [36m<div[39m
        [33mclass[39m=[32m"row"[39m
      [36m>[39m
        [36m<div[39m
          [33mclass[39m=[32m"col"[39m
        [36m>[39m
          [36m<div[39m
            [33mclass[39m=[32m"collapse hide"[39m
            [33mid[39m=[32m"course-info-collapse"[39m
          [36m>[39m
            [36m<div[39m
              [33mclass[39m=[32m"card card-body"[39m
            [36m>[39m
              [36m<h6>[39m
                [0mCredits: [0m
                [0m 1-6[0m
              [36m</h6>[39m
              [36m<h6>[39m
                [0mDescription: [0m
                [0m[0m
              [36m</h6>[39m
              [36m<h6>[39m
                [0mPrerequisites: none[0m
              [36m</h6>[39m
            [36m</div>[39m
          [36m</div>[39m
        [36m</div>[39m
      [36m</div>[39m
    [36m</div>[39m

    Ignored nodes: comments, <script />, <style />
    [36m<div[39m
      [33mclass[39m=[32m"course-pool-scrollable container"[39m
      [33mdata-testid[39m=[32m"scroll-courses"[39m
    [36m>[39m
      [36m<div[39m
        [33mclass[39m=[32m"row"[39m
      [36m>[39m
        [36m<div[39m
          [33mclass[39m=[32m"col"[39m
        [36m>[39m
          [0m [0m
          [36m<p>[39m
            [0mCISC 372[0m
            [0m : [0m
            [0mParallel Computing[0m
          [36m</p>[39m
        [36m</div>[39m
        [36m<div[39m
          [33mclass[39m=[32m"col-md-auto"[39m
        [36m>[39m
          [36m<p>[39m
            [36m<button[39m
              [33maria-controls[39m=[32m"collapseExample"[39m
              [33maria-expanded[39m=[32m"false"[39m
              [33mclass[39m=[32m"btn default"[39m
              [33mdata-bs-target[39m=[32m"#collapseExample"[39m
              [33mdata-bs-toggle[39m=[32m"collapse"[39m
              [33mtype[39m=[32m"button"[39m
            [36m>[39m
              [0m see course info[0m
              [36m<i[39m
                [33mclass[39m=[32m"bi bi-plus-lg"[39m
              [36m/>[39m
            [36m</button>[39m
          [36m</p>[39m
        [36m</div>[39m
      [36m</div>[39m
      [36m<div[39m
        [33mclass[39m=[32m"row"[39m
      [36m>[39m
        [36m<div[39m
          [33mclass[39m=[32m"col"[39m
        [36m>[39m
          [36m<div[39m
            [33mclass[39m=[32m"collapse hide"[39m
            [33mid[39m=[32m"course-info-collapse"[39m
          [36m>[39m
            [36m<div[39m
              [33mclass[39m=[32m"card card-body"[39m
            [36m>[39m
              [36m<h6>[39m
                [0mCredits: [0m
                [0m 3[0m
              [36m</h6>[39m
              [36m<h6>[39m
                [0mDescription: [0m
                [0mIntroduction to parallel computing concepts, methodologies, and tools. Programming and algorithmic techniques for code that will run simultaneously on parallel computing architectures. Topics include: single and multi-core parallelism, shared and distributed memory architectures, concurrency, program decomposition, data distribution, communication, load balancing, scalability, locality, granularity, debugging, performance evaluation.[0m
              [36m</h6>[39m
              [36m<h6>[39m
                [0mPrerequisites: [0m
                [0mC- or better in both CISC 220 and CISC 260.[0m
              [36m</h6>[39m
            [36m</div>[39m
          [36m</div>[39m
        [36m</div>[39m
      [36m</div>[39m
    [36m</div>[39m

    Ignored nodes: comments, <script />, <style />
    [36m<div[39m
      [33mclass[39m=[32m"course-pool-scrollable container"[39m
      [33mdata-testid[39m=[32m"scroll-courses"[39m
    [36m>[39m
      [36m<div[39m
        [33mclass[39m=[32m"row"[39m
      [36m>[39m
        [36m<div[39m
          [33mclass[39m=[32m"col"[39m
        [36m>[39m
          [0m [0m
          [36m<p>[39m
            [0mCISC 374[0m
            [0m : [0m
            [0mEducational Game Development[0m
          [36m</p>[39m
        [36m</div>[39m
        [36m<div[39m
          [33mclass[39m=[32m"col-md-auto"[39m
        [36m>[39m
          [36m<p>[39m
            [36m<button[39m
              [33maria-controls[39m=[32m"collapseExample"[39m
              [33maria-expanded[39m=[32m"false"[39m
              [33mclass[39m=[32m"btn default"[39m
              [33mdata-bs-target[39m=[32m"#collapseExample"[39m
              [33mdata-bs-toggle[39m=[32m"collapse"[39m
              [33mtype[39m=[32m"button"[39m
            [36m>[39m
              [0m see course info[0m
              [36m<i[39m
                [33mclass[39m=[32m"bi bi-plus-lg"[39m
              [36m/>[39m
            [36m</button>[39m
          [36m</p>[39m
        [36m</div>[39m
      [36m</div>[39m
      [36m<div[39m
        [33mclass[39m=[32m"row"[39m
      [36m>[39m
        [36m<div[39m
          [33mclass[39m=[32m"col"[39m
        [36m>[39m
          [36m<div[39m
            [33mclass[39m=[32m"collapse hide"[39m
            [33mid[39m=[32m"course-info-collapse"[39m
          [36m>[39m
            [36m<div[39m
              [33mclass[39m=[32m"card card-body"[39m
            [36m>[39m
              [36m<h6>[39m
                [0mCredits: [0m
                [0m 3[0m
              [36m</h6>[39m
              [36m<h6>[39m
                [0mDescription: [0m
                [0mExperience the software engineering process through creating educational games for youth; open-ended, project-oriented team learning while assisting regional teachers in integrating computing and computational thinking into the classroom; interact with teachers as clients, hone communication skills and experience design-studio-based critiques of your ideas.[0m
              [36m</h6>[39m
              [36m<h6>[39m
                [0mPrerequisites: [0m
                [0mCISC 220.[0m
              [36m</h6>[39m
            [36m</div>[39m
          [36m</div>[39m
        [36m</div>[39m
      [36m</div>[39m
    [36m</div>[39m

    Ignored nodes: comments, <script />, <style />
    [36m<div[39m
      [33mclass[39m=[32m"course-pool-scrollable container"[39m
      [33mdata-testid[39m=[32m"scroll-courses"[39m
    [36m>[39m
      [36m<div[39m
        [33mclass[39m=[32m"row"[39m
      [36m>[39m
        [36m<div[39m
          [33mclass[39m=[32m"col"[39m
        [36m>[39m
          [0m [0m
          [36m<p>[39m
            [0mCISC 387[0m
            [0m : [0m
            [0mVertically Integrated Projects III[0m
          [36m</p>[39m
        [36m</div>[39m
        [36m<div[39m
          [33mclass[39m=[32m"col-md-auto"[39m
        [36m>[39m
          [36m<p>[39m
            [36m<button[39m
              [33maria-controls[39m=[32m"collapseExample"[39m
              [33maria-expanded[39m=[32m"false"[39m
              [33mclass[39m=[32m"btn default"[39m
              [33mdata-bs-target[39m=[32m"#collapseExample"[39m
              [33mdata-bs-toggle[39m=[32m"collapse"[39m
              [33mtype[39m=[32m"button"[39m
            [36m>[39m
              [0m see course info[0m
              [36m<i[39m
                [33mclass[39m=[32m"bi bi-plus-lg"[39m
              [36m/>[39m
            [36m</button>[39m
          [36m</p>[39m
        [36m</div>[39m
      [36m</div>[39m
      [36m<div[39m
        [33mclass[39m=[32m"row"[39m
      [36m>[39m
        [36m<div[39m
          [33mclass[39m=[32m"col"[39m
        [36m>[39m
          [36m<div[39m
            [33mclass[39m=[32m"collapse hide"[39m
            [33mid[39m=[32m"course-info-collapse"[39m
          [36m>[39m
            [36m<div[39m
              [33mclass[39m=[32m"card card-body"[39m
            [36m>[39m
              [36m<h6>[39m
                [0mCredits: [0m
                [0m 1-3[0m
              [36m</h6>[39m
              [36m<h6>[39m
                [0mDescription: [0m
                [0mThe Vertically-Integrated Projects (VIP) Program operates in a research and development context. Undergraduate students that join VIP teams earn academic credit for their participation in design/discovery efforts that assist faculty and graduate students with research and development issues in their areas of expertise.[0m
              [36m</h6>[39m
              [36m<h6>[39m
                [0mPrerequisites: none[0m
              [36m</h6>[39m
            [36m</div>[39m
          [36m</div>[39m
        [36m</div>[39m
      [36m</div>[39m
    [36m</div>[39m

    Ignored nodes: comments, <script />, <style />
    [36m<div[39m
      [33mclass[39m=[32m"course-pool-scrollable container"[39m
      [33mdata-testid[39m=[32m"scroll-courses"[39m
    [36m>[39m
      [36m<div[39m
        [33mclass[39m=[32m"row"[39m
      [36m>[39m
        [36m<div[39m
          [33mclass[39m=[32m"col"[39m
        [36m>[39m
          [0m [0m
          [36m<p>[39m
            [0mCISC 401[0m
            [0m : [0m
            [0mElements of the Theory of Computation[0m
          [36m</p>[39m
        [36m</div>[39m
        [36m<div[39m
          [33mclass[39m=[32m"col-md-auto"[39m
        [36m>[39m
          [36m<p>[39m
            [36m<button[39m
              [33maria-controls[39m=[32m"collapseExample"[39m
              [33maria-expanded[39m=[32m"false"[39m
              [33mclass[39m=[32m"btn default"[39m
              [33mdata-bs-target[39m=[32m"#collapseExample"[39m
              [33mdata-bs-toggle[39m=[32m"collapse"[39m
              [33mtype[39m=[32m"button"[39m
            [36m>[39m
              [0m see course info[0m
              [36m<i[39m
                [33mclass[39m=[32m"bi bi-plus-lg"[39m
              [36m/>[39m
            [36m</button>[39m
          [36m</p>[39m
        [36m</div>[39m
      [36m</div>[39m
      [36m<div[39m
        [33mclass[39m=[32m"row"[39m
      [36m>[39m
        [36m<div[39m
          [33mclass[39m=[32m"col"[39m
        [36m>[39m
          [36m<div[39m
            [33mclass[39m=[32m"collapse hide"[39m
            [33mid[39m=[32m"course-info-collapse"[39m
          [36m>[39m
            [36m<div[39m
              [33mclass[39m=[32m"card card-body"[39m
            [36m>[39m
              [36m<h6>[39m
                [0mCredits: [0m
                [0m 3[0m
              [36m</h6>[39m
              [36m<h6>[39m
                [0mDescription: [0m
                [0mGeneral models of computation, formal languages and automata theory and algorithmic unsolvability.[0m
              [36m</h6>[39m
              [36m<h6>[39m
                [0mPrerequisites: [0m
                [0mCISC 303.[0m
              [36m</h6>[39m
            [36m</div>[39m
          [36m</div>[39m
        [36m</div>[39m
      [36m</div>[39m
    [36m</div>[39m

    Ignored nodes: comments, <script />, <style />
    [36m<div[39m
      [33mclass[39m=[32m"course-pool-scrollable container"[39m
      [33mdata-testid[39m=[32m"scroll-courses"[39m
    [36m>[39m
      [36m<div[39m
        [33mclass[39m=[32m"row"[39m
      [36m>[39m
        [36m<div[39m
          [33mclass[39m=[32m"col"[39m
        [36m>[39m
          [0m [0m
          [36m<p>[39m
            [0mCISC 404[0m
            [0m : [0m
            [0mLogic in Computer Science[0m
          [36m</p>[39m
        [36m</div>[39m
        [36m<div[39m
          [33mclass[39m=[32m"col-md-auto"[39m
        [36m>[39m
          [36m<p>[39m
            [36m<button[39m
              [33maria-controls[39m=[32m"collapseExample"[39m
              [33maria-expanded[39m=[32m"false"[39m
              [33mclass[39m=[32m"btn default"[39m
              [33mdata-bs-target[39m=[32m"#collapseExample"[39m
              [33mdata-bs-toggle[39m=[32m"collapse"[39m
              [33mtype[39m=[32m"button"[39m
            [36m>[39m
              [0m see course info[0m
              [36m<i[39m
                [33mclass[39m=[32m"bi bi-plus-lg"[39m
              [36m/>[39m
            [36m</button>[39m
          [36m</p>[39m
        [36m</div>[39m
      [36m</div>[39m
      [36m<div[39m
        [33mclass[39m=[32m"row"[39m
      [36m>[39m
        [36m<div[39m
          [33mclass[39m=[32m"col"[39m
        [36m>[39m
          [36m<div[39m
            [33mclass[39m=[32m"collapse hide"[39m
            [33mid[39m=[32m"course-info-collapse"[39m
          [36m>[39m
            [36m<div[39m
              [33mclass[39m=[32m"card card-body"[39m
            [36m>[39m
              [36m<h6>[39m
                [0mCredits: [0m
                [0m 3[0m
              [36m</h6>[39m
              [36m<h6>[39m
                [0mDescription: [0m
                [0mFormal introduction to first-order logic with emphasis on its relevance to computer science. Syntax, semantics, models, formal proofs and results on soundness, consistency, completeness, compactness and undecidability. Automated theorem proving also covered.[0m
              [36m</h6>[39m
              [36m<h6>[39m
                [0mPrerequisites: [0m
                [0mCISC 304.[0m
              [36m</h6>[39m
            [36m</div>[39m
          [36m</div>[39m
        [36m</div>[39m
      [36m</div>[39m
    [36m</div>[39m

    Ignored nodes: comments, <script />, <style />
    [36m<div[39m
      [33mclass[39m=[32m"course-pool-scrollable container"[39m
      [33mdata-testid[39m=[32m"scroll-courses"[39m
    [36m>[39m
      [36m<div[39m
        [33mclass[39m=[32m"row"[39m
      [36m>[39m
        [36m<div[39m
          [33mclass[39m=[32m"col"[39m
        [36m>[39m
          [0m [0m
          [36m<p>[39m
            [0mCISC 410[0m
            [0m : [0m
            [0mComputational Mathematics I[0m
          [36m</p>[39m
        [36m</div>[39m
        [36m<div[39m
          [33mclass[39m=[32m"col-md-auto"[39m
        [36m>[39m
          [36m<p>[39m
            [36m<button[39m
              [33maria-controls[39m=[32m"collapseExample"[39m
              [33maria-expanded[39m=[32m"false"[39m
              [33mclass[39m=[32m"btn default"[39m
              [33mdata-bs-target[39m=[32m"#collapseExample"[39m
              [33mdata-bs-toggle[39m=[32m"collapse"[39m
              [33mtype[39m=[32m"button"[39m
            [36m>[39m
              [0m see course info[0m
              [36m<i[39m
                [33mclass[39m=[32m"bi bi-plus-lg"[39m
              [36m/>[39m
            [36m</button>[39m
          [36m</p>[39m
        [36m</div>[39m
      [36m</div>[39m
      [36m<div[39m
        [33mclass[39m=[32m"row"[39m
      [36m>[39m
        [36m<div[39m
          [33mclass[39m=[32m"col"[39m
        [36m>[39m
          [36m<div[39m
            [33mclass[39m=[32m"collapse hide"[39m
            [33mid[39m=[32m"course-info-collapse"[39m
          [36m>[39m
            [36m<div[39m
              [33mclass[39m=[32m"card card-body"[39m
            [36m>[39m
              [36m<h6>[39m
                [0mCredits: [0m
                [0m 3[0m
              [36m</h6>[39m
              [36m<h6>[39m
                [0mDescription: [0m
                [0mFloating point numbers; conditioning and stability; LU, Cholesky, and QR factorizations; square and overdetermined linear systems; Newton and quasi- Newton rootfinding methods; piecewise polynomials for interpolation, integration, and finite differences; explicit methods for initial-value problems. prerequisitesuisites: MATH 305, MATH 349, or MATH 351. Students may not receive credit for both MATH 353 and MATH 426.[0m
              [36m</h6>[39m
              [36m<h6>[39m
                [0mPrerequisites: [0m
                [0mMATH 305 or MATH 351 or MATH 349.[0m
              [36m</h6>[39m
            [36m</div>[39m
          [36m</div>[39m
        [36m</div>[39m
      [36m</div>[39m
    [36m</div>[39m

    Ignored nodes: comments, <script />, <style />
    [36m<div[39m
      [33mclass[39m=[32m"course-pool-scrollable container"[39m
      [33mdata-testid[39m=[32m"scroll-courses"[39m
    [36m>[39m
      [36m<div[39m
        [33mclass[39m=[32m"row"[39m
      [36m>[39m
        [36m<div[39m
          [33mclass[39m=[32m"col"[39m
        [36m>[39m
          [0m [0m
          [36m<p>[39m
            [0mCISC 411[0m
            [0m : [0m
            [0mComputational Mathematics II[0m
          [36m</p>[39m
        [36m</div>[39m
        [36m<div[39m
          [33mclass[39m=[32m"col-md-auto"[39m
        [36m>[39m
          [36m<p>[39m
            [36m<button[39m
              [33maria-controls[39m=[32m"collapseExample"[39m
              [33maria-expanded[39m=[32m"false"[39m
              [33mclass[39m=[32m"btn default"[39m
              [33mdata-bs-target[39m=[32m"#collapseExample"[39m
              [33mdata-bs-toggle[39m=[32m"collapse"[39m
              [33mtype[39m=[32m"button"[39m
            [36m>[39m
              [0m see course info[0m
              [36m<i[39m
                [33mclass[39m=[32m"bi bi-plus-lg"[39m
              [36m/>[39m
            [36m</button>[39m
          [36m</p>[39m
        [36m</div>[39m
      [36m</div>[39m
      [36m<div[39m
        [33mclass[39m=[32m"row"[39m
      [36m>[39m
        [36m<div[39m
          [33mclass[39m=[32m"col"[39m
        [36m>[39m
          [36m<div[39m
            [33mclass[39m=[32m"collapse hide"[39m
            [33mid[39m=[32m"course-info-collapse"[39m
          [36m>[39m
            [36m<div[39m
              [33mclass[39m=[32m"card card-body"[39m
            [36m>[39m
              [36m<h6>[39m
                [0mCredits: [0m
                [0m 3[0m
              [36m</h6>[39m
              [36m<h6>[39m
                [0mDescription: [0m
                [0mEigenvalue and singular-value decompositions; power and Krylov subspace iterations; global interpolation and quadrature; methods for boundary-value problems and Poisson’s equation; implicit solvers for stiff problems; method of lines for partial differential equations; diffusion and advection problems.[0m
              [36m</h6>[39m
              [36m<h6>[39m
                [0mPrerequisites: [0m
                [0mMATH 426 or CISC 410 or MATH 353.[0m
              [36m</h6>[39m
            [36m</div>[39m
          [36m</div>[39m
        [36m</div>[39m
      [36m</div>[39m
    [36m</div>[39m

    Ignored nodes: comments, <script />, <style />
    [36m<div[39m
      [33mclass[39m=[32m"course-pool-scrollable container"[39m
      [33mdata-testid[39m=[32m"scroll-courses"[39m
    [36m>[39m
      [36m<div[39m
        [33mclass[39m=[32m"row"[39m
      [36m>[39m
        [36m<div[39m
          [33mclass[39m=[32m"col"[39m
        [36m>[39m
          [0m [0m
          [36m<p>[39m
            [0mCISC 414[0m
            [0m : [0m
            [0mFormal Methods in Software Engineering[0m
          [36m</p>[39m
        [36m</div>[39m
        [36m<div[39m
          [33mclass[39m=[32m"col-md-auto"[39m
        [36m>[39m
          [36m<p>[39m
            [36m<button[39m
              [33maria-controls[39m=[32m"collapseExample"[39m
              [33maria-expanded[39m=[32m"false"[39m
              [33mclass[39m=[32m"btn default"[39m
              [33mdata-bs-target[39m=[32m"#collapseExample"[39m
              [33mdata-bs-toggle[39m=[32m"collapse"[39m
              [33mtype[39m=[32m"button"[39m
            [36m>[39m
              [0m see course info[0m
              [36m<i[39m
                [33mclass[39m=[32m"bi bi-plus-lg"[39m
              [36m/>[39m
            [36m</button>[39m
          [36m</p>[39m
        [36m</div>[39m
      [36m</div>[39m
      [36m<div[39m
        [33mclass[39m=[32m"row"[39m
      [36m>[39m
        [36m<div[39m
          [33mclass[39m=[32m"col"[39m
        [36m>[39m
          [36m<div[39m
            [33mclass[39m=[32m"collapse hide"[39m
            [33mid[39m=[32m"course-info-collapse"[39m
          [36m>[39m
            [36m<div[39m
              [33mclass[39m=[32m"card card-body"[39m
            [36m>[39m
              [36m<h6>[39m
                [0mCredits: [0m
                [0m 3[0m
              [36m</h6>[39m
              [36m<h6>[39m
                [0mDescription: [0m
                [0mFormal approaches to the specification, verification, and design of software systems. Topics include representing programs as transition systems; liveness and safety properties; state space reachability; explicit, symbolic and automata-based model checking; temporal logics; symbolic execution; automated theorem-proving; and relational calculus. Learn to use state-of-the-art tools based on these methods, such as the model checker Spin.[0m
              [36m</h6>[39m
              [36m<h6>[39m
                [0mPrerequisites: [0m
                [0mCISC 304 or equivalent course, or permission of instructor.[0m
              [36m</h6>[39m
            [36m</div>[39m
          [36m</div>[39m
        [36m</div>[39m
      [36m</div>[39m
    [36m</div>[39m

    Ignored nodes: comments, <script />, <style />
    [36m<div[39m
      [33mclass[39m=[32m"course-pool-scrollable container"[39m
      [33mdata-testid[39m=[32m"scroll-courses"[39m
    [36m>[39m
      [36m<div[39m
        [33mclass[39m=[32m"row"[39m
      [36m>[39m
        [36m<div[39m
          [33mclass[39m=[32m"col"[39m
        [36m>[39m
          [0m [0m
          [36m<p>[39m
            [0mCISC 436[0m
            [0m : [0m
            [0mComputational Biology and Bioinformatics[0m
          [36m</p>[39m
        [36m</div>[39m
        [36m<div[39m
          [33mclass[39m=[32m"col-md-auto"[39m
        [36m>[39m
          [36m<p>[39m
            [36m<button[39m
              [33maria-controls[39m=[32m"collapseExample"[39m
              [33maria-expanded[39m=[32m"false"[39m
              [33mclass[39m=[32m"btn default"[39m
              [33mdata-bs-target[39m=[32m"#collapseExample"[39m
              [33mdata-bs-toggle[39m=[32m"collapse"[39m
              [33mtype[39m=[32m"button"[39m
            [36m>[39m
              [0m see course info[0m
              [36m<i[39m
                [33mclass[39m=[32m"bi bi-plus-lg"[39m
              [36m/>[39m
            [36m</button>[39m
          [36m</p>[39m
        [36m</div>[39m
      [36m</div>[39m
      [36m<div[39m
        [33mclass[39m=[32m"row"[39m
      [36m>[39m
        [36m<div[39m
          [33mclass[39m=[32m"col"[39m
        [36m>[39m
          [36m<div[39m
            [33mclass[39m=[32m"collapse hide"[39m
            [33mid[39m=[32m"course-info-collapse"[39m
          [36m>[39m
            [36m<div[39m
              [33mclass[39m=[32m"card card-body"[39m
            [36m>[39m
              [36m<h6>[39m
                [0mCredits: [0m
                [0m 3[0m
              [36m</h6>[39m
              [36m<h6>[39m
                [0mDescription: [0m
                [0mConcepts, methodologies, and tools in bioinformatics. Abstraction of biological problems for computational solutions. Genome sequencing and assembly, bio-sequence analysis and comparison and database search, dynamics programming, hidden Markov models, and phylogenetic trees.[0m
              [36m</h6>[39m
              [36m<h6>[39m
                [0mPrerequisites: [0m
                [0mCISC 220 or permission of instructor.[0m
              [36m</h6>[39m
            [36m</div>[39m
          [36m</div>[39m
        [36m</div>[39m
      [36m</div>[39m
    [36m</div>[39m

    Ignored nodes: comments, <script />, <style />
    [36m<div[39m
      [33mclass[39m=[32m"course-pool-scrollable container"[39m
      [33mdata-testid[39m=[32m"scroll-courses"[39m
    [36m>[39m
      [36m<div[39m
        [33mclass[39m=[32m"row"[39m
      [36m>[39m
        [36m<div[39m
          [33mclass[39m=[32m"col"[39m
        [36m>[39m
          [0m [0m
          [36m<p>[39m
            [0mCISC 437[0m
            [0m : [0m
            [0mDatabase Systems[0m
          [36m</p>[39m
        [36m</div>[39m
        [36m<div[39m
          [33mclass[39m=[32m"col-md-auto"[39m
        [36m>[39m
          [36m<p>[39m
            [36m<button[39m
              [33maria-controls[39m=[32m"collapseExample"[39m
              [33maria-expanded[39m=[32m"false"[39m
              [33mclass[39m=[32m"btn default"[39m
              [33mdata-bs-target[39m=[32m"#collapseExample"[39m
              [33mdata-bs-toggle[39m=[32m"collapse"[39m
              [33mtype[39m=[32m"button"[39m
            [36m>[39m
              [0m see course info[0m
              [36m<i[39m
                [33mclass[39m=[32m"bi bi-plus-lg"[39m
              [36m/>[39m
            [36m</button>[39m
          [36m</p>[39m
        [36m</div>[39m
      [36m</div>[39m
      [36m<div[39m
        [33mclass[39m=[32m"row"[39m
      [36m>[39m
        [36m<div[39m
          [33mclass[39m=[32m"col"[39m
        [36m>[39m
          [36m<div[39m
            [33mclass[39m=[32m"collapse hide"[39m
            [33mid[39m=[32m"course-info-collapse"[39m
          [36m>[39m
            [36m<div[39m
              [33mclass[39m=[32m"card card-body"[39m
            [36m>[39m
              [36m<h6>[39m
                [0mCredits: [0m
                [0m 3[0m
              [36m</h6>[39m
              [36m<h6>[39m
                [0mDescription: [0m
                [0mPhysical and logical organization of databases. Data retrieval languages, relational database languages, security and integrity, concurrency, distributed databases.[0m
              [36m</h6>[39m
              [36m<h6>[39m
                [0mPrerequisites: [0m
                [0mA minimum grade of C- in CISC 220.[0m
              [36m</h6>[39m
            [36m</div>[39m
          [36m</div>[39m
        [36m</div>[39m
      [36m</div>[39m
    [36m</div>[39m

    Ignored nodes: comments, <script />, <style />
    [36m<div[39m
      [33mclass[39m=[32m"course-pool-scrollable container"[39m
      [33mdata-testid[39m=[32m"scroll-courses"[39m
    [36m>[39m
      [36m<div[39m
        [33mclass[39m=[32m"row"[39m
      [36m>[39m
        [36m<div[39m
          [33mclass[39m=[32m"col"[39m
        [36m>[39m
          [0m [0m
          [36m<p>[39m
            [0mCISC 440[0m
            [0m : [0m
            [0mComputer Graphics[0m
          [36m</p>[39m
        [36m</div>[39m
        [36m<div[39m
          [33mclass[39m=[32m"col-md-auto"[39m
        [36m>[39m
          [36m<p>[39m
            [36m<button[39m
              [33maria-controls[39m=[32m"collapseExample"[39m
              [33maria-expanded[39m=[32m"false"[39m
              [33mclass[39m=[32m"btn default"[39m
              [33mdata-bs-target[39m=[32m"#collapseExample"[39m
              [33mdata-bs-toggle[39m=[32m"collapse"[39m
              [33mtype[39m=[32m"button"[39m
            [36m>[39m
              [0m see course info[0m
              [36m<i[39m
                [33mclass[39m=[32m"bi bi-plus-lg"[39m
              [36m/>[39m
            [36m</button>[39m
          [36m</p>[39m
        [36m</div>[39m
      [36m</div>[39m
      [36m<div[39m
        [33mclass[39m=[32m"row"[39m
      [36m>[39m
        [36m<div[39m
          [33mclass[39m=[32m"col"[39m
        [36m>[39m
          [36m<div[39m
            [33mclass[39m=[32m"collapse hide"[39m
            [33mid[39m=[32m"course-info-collapse"[39m
          [36m>[39m
            [36m<div[39m
              [33mclass[39m=[32m"card card-body"[39m
            [36m>[39m
              [36m<h6>[39m
                [0mCredits: [0m
                [0m 3[0m
              [36m</h6>[39m
              [36m<h6>[39m
                [0mDescription: [0m
                [0mComputer graphics technology, two- and three-dimensional systems, graphics software systems, modeling and object hierarchy, and animation.[0m
              [36m</h6>[39m
              [36m<h6>[39m
                [0mPrerequisites: [0m
                [0mCISC 220 and MATH 241.[0m
              [36m</h6>[39m
            [36m</div>[39m
          [36m</div>[39m
        [36m</div>[39m
      [36m</div>[39m
    [36m</div>[39m

    Ignored nodes: comments, <script />, <style />
    [36m<div[39m
      [33mclass[39m=[32m"course-pool-scrollable container"[39m
      [33mdata-testid[39m=[32m"scroll-courses"[39m
    [36m>[39m
      [36m<div[39m
        [33mclass[39m=[32m"row"[39m
      [36m>[39m
        [36m<div[39m
          [33mclass[39m=[32m"col"[39m
        [36m>[39m
          [0m [0m
          [36m<p>[39m
            [0mCISC 442[0m
            [0m : [0m
            [0mIntroduction to Computer Vision[0m
          [36m</p>[39m
        [36m</div>[39m
        [36m<div[39m
          [33mclass[39m=[32m"col-md-auto"[39m
        [36m>[39m
          [36m<p>[39m
            [36m<button[39m
              [33maria-controls[39m=[32m"collapseExample"[39m
              [33maria-expanded[39m=[32m"false"[39m
              [33mclass[39m=[32m"btn default"[39m
              [33mdata-bs-target[39m=[32m"#collapseExample"[39m
              [33mdata-bs-toggle[39m=[32m"collapse"[39m
              [33mtype[39m=[32m"button"[39m
            [36m>[39m
              [0m see course info[0m
              [36m<i[39m
                [33mclass[39m=[32m"bi bi-plus-lg"[39m
              [36m/>[39m
            [36m</button>[39m
          [36m</p>[39m
        [36m</div>[39m
      [36m</div>[39m
      [36m<div[39m
        [33mclass[39m=[32m"row"[39m
      [36m>[39m
        [36m<div[39m
          [33mclass[39m=[32m"col"[39m
        [36m>[39m
          [36m<div[39m
            [33mclass[39m=[32m"collapse hide"[39m
            [33mid[39m=[32m"course-info-collapse"[39m
          [36m>[39m
            [36m<div[39m
              [33mclass[39m=[32m"card card-body"[39m
            [36m>[39m
              [36m<h6>[39m
                [0mCredits: [0m
                [0m 3[0m
              [36m</h6>[39m
              [36m<h6>[39m
                [0mDescription: [0m
                [0mAnalysis of images and video to recognize, reconstruct, model, and otherwise infer static and dynamic properties of objects in the three-dimensional world. Geometry of image formation; image processing such as smoothing, edge and feature detection, color, and texture; segmentation; shape representation including deformable templates; stereo vision; motion estimation and tracking; techniques for 3-D reconstruction; image registration methods.[0m
              [36m</h6>[39m
              [36m<h6>[39m
                [0mPrerequisites: [0m
                [0mCISC 220.[0m
              [36m</h6>[39m
            [36m</div>[39m
          [36m</div>[39m
        [36m</div>[39m
      [36m</div>[39m
    [36m</div>[39m

    Ignored nodes: comments, <script />, <style />
    [36m<div[39m
      [33mclass[39m=[32m"course-pool-scrollable container"[39m
      [33mdata-testid[39m=[32m"scroll-courses"[39m
    [36m>[39m
      [36m<div[39m
        [33mclass[39m=[32m"row"[39m
      [36m>[39m
        [36m<div[39m
          [33mclass[39m=[32m"col"[39m
        [36m>[39m
          [0m [0m
          [36m<p>[39m
            [0mCISC 449[0m
            [0m : [0m
            [0mTopics in Computer Applications[0m
          [36m</p>[39m
        [36m</div>[39m
        [36m<div[39m
          [33mclass[39m=[32m"col-md-auto"[39m
        [36m>[39m
          [36m<p>[39m
            [36m<button[39m
              [33maria-controls[39m=[32m"collapseExample"[39m
              [33maria-expanded[39m=[32m"false"[39m
              [33mclass[39m=[32m"btn default"[39m
              [33mdata-bs-target[39m=[32m"#collapseExample"[39m
              [33mdata-bs-toggle[39m=[32m"collapse"[39m
              [33mtype[39m=[32m"button"[39m
            [36m>[39m
              [0m see course info[0m
              [36m<i[39m
                [33mclass[39m=[32m"bi bi-plus-lg"[39m
              [36m/>[39m
            [36m</button>[39m
          [36m</p>[39m
        [36m</div>[39m
      [36m</div>[39m
      [36m<div[39m
        [33mclass[39m=[32m"row"[39m
      [36m>[39m
        [36m<div[39m
          [33mclass[39m=[32m"col"[39m
        [36m>[39m
          [36m<div[39m
            [33mclass[39m=[32m"collapse hide"[39m
            [33mid[39m=[32m"course-info-collapse"[39m
          [36m>[39m
            [36m<div[39m
              [33mclass[39m=[32m"card card-body"[39m
            [36m>[39m
              [36m<h6>[39m
                [0mCredits: [0m
                [0m 3[0m
              [36m</h6>[39m
              [36m<h6>[39m
                [0mDescription: [0m
                [0mContents will vary to coincide with the interests of students and current faculty.[0m
              [36m</h6>[39m
              [36m<h6>[39m
                [0mPrerequisites: none[0m
              [36m</h6>[39m
            [36m</div>[39m
          [36m</div>[39m
        [36m</div>[39m
      [36m</div>[39m
    [36m</div>[39m

    Ignored nodes: comments, <script />, <style />
    [36m<div[39m
      [33mclass[39m=[32m"course-pool-scrollable container"[39m
      [33mdata-testid[39m=[32m"scroll-courses"[39m
    [36m>[39m
      [36m<div[39m
        [33mclass[39m=[32m"row"[39m
      [36m>[39m
        [36m<div[39m
          [33mclass[39m=[32m"col"[39m
        [36m>[39m
          [0m [0m
          [36m<p>[39m
            [0mCISC 450[0m
            [0m : [0m
            [0mComputer Networks I[0m
          [36m</p>[39m
        [36m</div>[39m
        [36m<div[39m
          [33mclass[39m=[32m"col-md-auto"[39m
        [36m>[39m
          [36m<p>[39m
            [36m<button[39m
              [33maria-controls[39m=[32m"collapseExample"[39m
              [33maria-expanded[39m=[32m"false"[39m
              [33mclass[39m=[32m"btn default"[39m
              [33mdata-bs-target[39m=[32m"#collapseExample"[39m
              [33mdata-bs-toggle[39m=[32m"collapse"[39m
              [33mtype[39m=[32m"button"[39m
            [36m>[39m
              [0m see course info[0m
              [36m<i[39m
                [33mclass[39m=[32m"bi bi-plus-lg"[39m
              [36m/>[39m
            [36m</button>[39m
          [36m</p>[39m
        [36m</div>[39m
      [36m</div>[39m
      [36m<div[39m
        [33mclass[39m=[32m"row"[39m
      [36m>[39m
        [36m<div[39m
          [33mclass[39m=[32m"col"[39m
        [36m>[39m
          [36m<div[39m
            [33mclass[39m=[32m"collapse hide"[39m
            [33mid[39m=[32m"course-info-collapse"[39m
          [36m>[39m
            [36m<div[39m
              [33mclass[39m=[32m"card card-body"[39m
            [36m>[39m
              [36m<h6>[39m
                [0mCredits: [0m
                [0m 3[0m
              [36m</h6>[39m
              [36m<h6>[39m
                [0mDescription: [0m
                [0mFoundation principles, architectures and techniques employed in computer and communication networks. Focuses on mechanisms used in TCP/IP protocol suite. Topics include connection management, end-to-end reliable data transfer, sliding window protocols, quality of service, flow control, congestion control, routing, LANs, framing, error control, analog versus digital transmission, packet versus circuit switching, multiplexing.[0m
              [36m</h6>[39m
              [36m<h6>[39m
                [0mPrerequisites: [0m
                [0mCISC 260 or CPEG 222.[0m
              [36m</h6>[39m
            [36m</div>[39m
          [36m</div>[39m
        [36m</div>[39m
      [36m</div>[39m
    [36m</div>[39m

    Ignored nodes: comments, <script />, <style />
    [36m<div[39m
      [33mclass[39m=[32m"course-pool-scrollable container"[39m
      [33mdata-testid[39m=[32m"scroll-courses"[39m
    [36m>[39m
      [36m<div[39m
        [33mclass[39m=[32m"row"[39m
      [36m>[39m
        [36m<div[39m
          [33mclass[39m=[32m"col"[39m
        [36m>[39m
          [0m [0m
          [36m<p>[39m
            [0mCISC 453[0m
            [0m : [0m
            [0mSimulation of Computer Networks[0m
          [36m</p>[39m
        [36m</div>[39m
        [36m<div[39m
          [33mclass[39m=[32m"col-md-auto"[39m
        [36m>[39m
          [36m<p>[39m
            [36m<button[39m
              [33maria-controls[39m=[32m"collapseExample"[39m
              [33maria-expanded[39m=[32m"false"[39m
              [33mclass[39m=[32m"btn default"[39m
              [33mdata-bs-target[39m=[32m"#collapseExample"[39m
              [33mdata-bs-toggle[39m=[32m"collapse"[39m
              [33mtype[39m=[32m"button"[39m
            [36m>[39m
              [0m see course info[0m
              [36m<i[39m
                [33mclass[39m=[32m"bi bi-plus-lg"[39m
              [36m/>[39m
            [36m</button>[39m
          [36m</p>[39m
        [36m</div>[39m
      [36m</div>[39m
      [36m<div[39m
        [33mclass[39m=[32m"row"[39m
      [36m>[39m
        [36m<div[39m
          [33mclass[39m=[32m"col"[39m
        [36m>[39m
          [36m<div[39m
            [33mclass[39m=[32m"collapse hide"[39m
            [33mid[39m=[32m"course-info-collapse"[39m
          [36m>[39m
            [36m<div[39m
              [33mclass[39m=[32m"card card-body"[39m
            [36m>[39m
              [36m<h6>[39m
                [0mCredits: [0m
                [0m 3[0m
              [36m</h6>[39m
              [36m<h6>[39m
                [0mDescription: [0m
                [0mModeling and computer simulation of discrete systems using discrete event simulation techniques. Application to the performance evaluation and modeling of computer networks and networking protocols. Study and use of simulation systems such as OPNET, Qualnet, and ns-2.[0m
              [36m</h6>[39m
              [36m<h6>[39m
                [0mPrerequisites: [0m
                [0mCISC 450, or equivalent.[0m
              [36m</h6>[39m
            [36m</div>[39m
          [36m</div>[39m
        [36m</div>[39m
      [36m</div>[39m
    [36m</div>[39m

    Ignored nodes: comments, <script />, <style />
    [36m<div[39m
      [33mclass[39m=[32m"course-pool-scrollable container"[39m
      [33mdata-testid[39m=[32m"scroll-courses"[39m
    [36m>[39m
      [36m<div[39m
        [33mclass[39m=[32m"row"[39m
      [36m>[39m
        [36m<div[39m
          [33mclass[39m=[32m"col"[39m
        [36m>[39m
          [0m [0m
          [36m<p>[39m
            [0mCISC 459[0m
            [0m : [0m
            [0mTopics in Communications, Distributed Computing and Networks[0m
          [36m</p>[39m
        [36m</div>[39m
        [36m<div[39m
          [33mclass[39m=[32m"col-md-auto"[39m
        [36m>[39m
          [36m<p>[39m
            [36m<button[39m
              [33maria-controls[39m=[32m"collapseExample"[39m
              [33maria-expanded[39m=[32m"false"[39m
              [33mclass[39m=[32m"btn default"[39m
              [33mdata-bs-target[39m=[32m"#collapseExample"[39m
              [33mdata-bs-toggle[39m=[32m"collapse"[39m
              [33mtype[39m=[32m"button"[39m
            [36m>[39m
              [0m see course info[0m
              [36m<i[39m
                [33mclass[39m=[32m"bi bi-plus-lg"[39m
              [36m/>[39m
            [36m</button>[39m
          [36m</p>[39m
        [36m</div>[39m
      [36m</div>[39m
      [36m<div[39m
        [33mclass[39m=[32m"row"[39m
      [36m>[39m
        [36m<div[39m
          [33mclass[39m=[32m"col"[39m
        [36m>[39m
          [36m<div[39m
            [33mclass[39m=[32m"collapse hide"[39m
            [33mid[39m=[32m"course-info-collapse"[39m
          [36m>[39m
            [36m<div[39m
              [33mclass[39m=[32m"card card-body"[39m
            [36m>[39m
              [36m<h6>[39m
                [0mCredits: [0m
                [0m 3[0m
              [36m</h6>[39m
              [36m<h6>[39m
                [0mDescription: [0m
                [0mContents vary to coincide with the interests of students and current faculty.[0m
              [36m</h6>[39m
              [36m<h6>[39m
                [0mPrerequisites: [0m
                [0mCISC 450.[0m
              [36m</h6>[39m
            [36m</div>[39m
          [36m</div>[39m
        [36m</div>[39m
      [36m</div>[39m
    [36m</div>[39m

    Ignored nodes: comments, <script />, <style />
    [36m<div[39m
      [33mclass[39m=[32m"course-pool-scrollable container"[39m
      [33mdata-testid[39m=[32m"scroll-courses"[39m
    [36m>[39m
      [36m<div[39m
        [33mclass[39m=[32m"row"[39m
      [36m>[39m
        [36m<div[39m
          [33mclass[39m=[32m"col"[39m
        [36m>[39m
          [0m [0m
          [36m<p>[39m
            [0mCISC 464[0m
            [0m : [0m
            [0mIntroduction to Network Security[0m
          [36m</p>[39m
        [36m</div>[39m
        [36m<div[39m
          [33mclass[39m=[32m"col-md-auto"[39m
        [36m>[39m
          [36m<p>[39m
            [36m<button[39m
              [33maria-controls[39m=[32m"collapseExample"[39m
              [33maria-expanded[39m=[32m"false"[39m
              [33mclass[39m=[32m"btn default"[39m
              [33mdata-bs-target[39m=[32m"#collapseExample"[39m
              [33mdata-bs-toggle[39m=[32m"collapse"[39m
              [33mtype[39m=[32m"button"[39m
            [36m>[39m
              [0m see course info[0m
              [36m<i[39m
                [33mclass[39m=[32m"bi bi-plus-lg"[39m
              [36m/>[39m
            [36m</button>[39m
          [36m</p>[39m
        [36m</div>[39m
      [36m</div>[39m
      [36m<div[39m
        [33mclass[39m=[32m"row"[39m
      [36m>[39m
        [36m<div[39m
          [33mclass[39m=[32m"col"[39m
        [36m>[39m
          [36m<div[39m
            [33mclass[39m=[32m"collapse hide"[39m
            [33mid[39m=[32m"course-info-collapse"[39m
          [36m>[39m
            [36m<div[39m
              [33mclass[39m=[32m"card card-body"[39m
            [36m>[39m
              [36m<h6>[39m
                [0mCredits: [0m
                [0m 3[0m
              [36m</h6>[39m
              [36m<h6>[39m
                [0mDescription: [0m
                [0mPractical introduction to network security field. Covers material on cryptography, intrusions, denial-of-service attacks, worms, honeynets and other hot topics in network security.[0m
              [36m</h6>[39m
              [36m<h6>[39m
                [0mPrerequisites: [0m
                [0mCISC 450 or equivalent.[0m
              [36m</h6>[39m
            [36m</div>[39m
          [36m</div>[39m
        [36m</div>[39m
      [36m</div>[39m
    [36m</div>[39m

    Ignored nodes: comments, <script />, <style />
    [36m<div[39m
      [33mclass[39m=[32m"course-pool-scrollable container"[39m
      [33mdata-testid[39m=[32m"scroll-courses"[39m
    [36m>[39m
      [36m<div[39m
        [33mclass[39m=[32m"row"[39m
      [36m>[39m
        [36m<div[39m
          [33mclass[39m=[32m"col"[39m
        [36m>[39m
          [0m [0m
          [36m<p>[39m
            [0mCISC 465[0m
            [0m : [0m
            [0mIntroduction to Cybersecurity[0m
          [36m</p>[39m
        [36m</div>[39m
        [36m<div[39m
          [33mclass[39m=[32m"col-md-auto"[39m
        [36m>[39m
          [36m<p>[39m
            [36m<button[39m
              [33maria-controls[39m=[32m"collapseExample"[39m
              [33maria-expanded[39m=[32m"false"[39m
              [33mclass[39m=[32m"btn default"[39m
              [33mdata-bs-target[39m=[32m"#collapseExample"[39m
              [33mdata-bs-toggle[39m=[32m"collapse"[39m
              [33mtype[39m=[32m"button"[39m
            [36m>[39m
              [0m see course info[0m
              [36m<i[39m
                [33mclass[39m=[32m"bi bi-plus-lg"[39m
              [36m/>[39m
            [36m</button>[39m
          [36m</p>[39m
        [36m</div>[39m
      [36m</div>[39m
      [36m<div[39m
        [33mclass[39m=[32m"row"[39m
      [36m>[39m
        [36m<div[39m
          [33mclass[39m=[32m"col"[39m
        [36m>[39m
          [36m<div[39m
            [33mclass[39m=[32m"collapse hide"[39m
            [33mid[39m=[32m"course-info-collapse"[39m
          [36m>[39m
            [36m<div[39m
              [33mclass[39m=[32m"card card-body"[39m
            [36m>[39m
              [36m<h6>[39m
                [0mCredits: [0m
                [0m 3[0m
              [36m</h6>[39m
              [36m<h6>[39m
                [0mDescription: [0m
                [0mThis cybersecurity course is an introduction to computer and network security and covers the foundation security policies and methods to provide confidentiality, integrity, and availability, as well as cryptography, auditing, and user security. Topics are reinforced with hands-on exercises run in a virtual machine environment.[0m
              [36m</h6>[39m
              [36m<h6>[39m
                [0mPrerequisites: none[0m
              [36m</h6>[39m
            [36m</div>[39m
          [36m</div>[39m
        [36m</div>[39m
      [36m</div>[39m
    [36m</div>[39m

    Ignored nodes: comments, <script />, <style />
    [36m<div[39m
      [33mclass[39m=[32m"course-pool-scrollable container"[39m
      [33mdata-testid[39m=[32m"scroll-courses"[39m
    [36m>[39m
      [36m<div[39m
        [33mclass[39m=[32m"row"[39m
      [36m>[39m
        [36m<div[39m
          [33mclass[39m=[32m"col"[39m
        [36m>[39m
          [0m [0m
          [36m<p>[39m
            [0mCISC 466[0m
            [0m : [0m
            [0mIndependent Study[0m
          [36m</p>[39m
        [36m</div>[39m
        [36m<div[39m
          [33mclass[39m=[32m"col-md-auto"[39m
        [36m>[39m
          [36m<p>[39m
            [36m<button[39m
              [33maria-controls[39m=[32m"collapseExample"[39m
              [33maria-expanded[39m=[32m"false"[39m
              [33mclass[39m=[32m"btn default"[39m
              [33mdata-bs-target[39m=[32m"#collapseExample"[39m
              [33mdata-bs-toggle[39m=[32m"collapse"[39m
              [33mtype[39m=[32m"button"[39m
            [36m>[39m
              [0m see course info[0m
              [36m<i[39m
                [33mclass[39m=[32m"bi bi-plus-lg"[39m
              [36m/>[39m
            [36m</button>[39m
          [36m</p>[39m
        [36m</div>[39m
      [36m</div>[39m
      [36m<div[39m
        [33mclass[39m=[32m"row"[39m
      [36m>[39m
        [36m<div[39m
          [33mclass[39m=[32m"col"[39m
        [36m>[39m
          [36m<div[39m
            [33mclass[39m=[32m"collapse hide"[39m
            [33mid[39m=[32m"course-info-collapse"[39m
          [36m>[39m
            [36m<div[39m
              [33mclass[39m=[32m"card card-body"[39m
            [36m>[39m
              [36m<h6>[39m
                [0mCredits: [0m
                [0m 1-6[0m
              [36m</h6>[39m
              [36m<h6>[39m
                [0mDescription: [0m
                [0m[0m
              [36m</h6>[39m
              [36m<h6>[39m
                [0mPrerequisites: none[0m
              [36m</h6>[39m
            [36m</div>[39m
          [36m</div>[39m
        [36m</div>[39m
      [36m</div>[39m
    [36m</div>[39m

    Ignored nodes: comments, <script />, <style />
    [36m<div[39m
      [33mclass[39m=[32m"course-pool-scrollable container"[39m
      [33mdata-testid[39m=[32m"scroll-courses"[39m
    [36m>[39m
      [36m<div[39m
        [33mclass[39m=[32m"row"[39m
      [36m>[39m
        [36m<div[39m
          [33mclass[39m=[32m"col"[39m
        [36m>[39m
          [0m [0m
          [36m<p>[39m
            [0mCISC 467[0m
            [0m : [0m
            [0mSEMINAR[0m
          [36m</p>[39m
        [36m</div>[39m
        [36m<div[39m
          [33mclass[39m=[32m"col-md-auto"[39m
        [36m>[39m
          [36m<p>[39m
            [36m<button[39m
              [33maria-controls[39m=[32m"collapseExample"[39m
              [33maria-expanded[39m=[32m"false"[39m
              [33mclass[39m=[32m"btn default"[39m
              [33mdata-bs-target[39m=[32m"#collapseExample"[39m
              [33mdata-bs-toggle[39m=[32m"collapse"[39m
              [33mtype[39m=[32m"button"[39m
            [36m>[39m
              [0m see course info[0m
              [36m<i[39m
                [33mclass[39m=[32m"bi bi-plus-lg"[39m
              [36m/>[39m
            [36m</button>[39m
          [36m</p>[39m
        [36m</div>[39m
      [36m</div>[39m
      [36m<div[39m
        [33mclass[39m=[32m"row"[39m
      [36m>[39m
        [36m<div[39m
          [33mclass[39m=[32m"col"[39m
        [36m>[39m
          [36m<div[39m
            [33mclass[39m=[32m"collapse hide"[39m
            [33mid[39m=[32m"course-info-collapse"[39m
          [36m>[39m
            [36m<div[39m
              [33mclass[39m=[32m"card card-body"[39m
            [36m>[39m
              [36m<h6>[39m
                [0mCredits: [0m
                [0m 1-6[0m
              [36m</h6>[39m
              [36m<h6>[39m
                [0mDescription: [0m
                [0m[0m
              [36m</h6>[39m
              [36m<h6>[39m
                [0mPrerequisites: none[0m
              [36m</h6>[39m
            [36m</div>[39m
          [36m</div>[39m
        [36m</div>[39m
      [36m</div>[39m
    [36m</div>[39m

    Ignored nodes: comments, <script />, <style />
    [36m<div[39m
      [33mclass[39m=[32m"course-pool-scrollable container"[39m
      [33mdata-testid[39m=[32m"scroll-courses"[39m
    [36m>[39m
      [36m<div[39m
        [33mclass[39m=[32m"row"[39m
      [36m>[39m
        [36m<div[39m
          [33mclass[39m=[32m"col"[39m
        [36m>[39m
          [0m [0m
          [36m<p>[39m
            [0mCISC 471[0m
            [0m : [0m
            [0mCompiler Design[0m
          [36m</p>[39m
        [36m</div>[39m
        [36m<div[39m
          [33mclass[39m=[32m"col-md-auto"[39m
        [36m>[39m
          [36m<p>[39m
            [36m<button[39m
              [33maria-controls[39m=[32m"collapseExample"[39m
              [33maria-expanded[39m=[32m"false"[39m
              [33mclass[39m=[32m"btn default"[39m
              [33mdata-bs-target[39m=[32m"#collapseExample"[39m
              [33mdata-bs-toggle[39m=[32m"collapse"[39m
              [33mtype[39m=[32m"button"[39m
            [36m>[39m
              [0m see course info[0m
              [36m<i[39m
                [33mclass[39m=[32m"bi bi-plus-lg"[39m
              [36m/>[39m
            [36m</button>[39m
          [36m</p>[39m
        [36m</div>[39m
      [36m</div>[39m
      [36m<div[39m
        [33mclass[39m=[32m"row"[39m
      [36m>[39m
        [36m<div[39m
          [33mclass[39m=[32m"col"[39m
        [36m>[39m
          [36m<div[39m
            [33mclass[39m=[32m"collapse hide"[39m
            [33mid[39m=[32m"course-info-collapse"[39m
          [36m>[39m
            [36m<div[39m
              [33mclass[39m=[32m"card card-body"[39m
            [36m>[39m
              [36m<h6>[39m
                [0mCredits: [0m
                [0m 3[0m
              [36m</h6>[39m
              [36m<h6>[39m
                [0mDescription: [0m
                [0mIntroduction to the design and implementation of compilers, with a focus on lexical analysis, parsing and syntax directed translation.[0m
              [36m</h6>[39m
              [36m<h6>[39m
                [0mPrerequisites: [0m
                [0mCISC 260 and CISC 303[0m
              [36m</h6>[39m
            [36m</div>[39m
          [36m</div>[39m
        [36m</div>[39m
      [36m</div>[39m
    [36m</div>[39m

    Ignored nodes: comments, <script />, <style />
    [36m<div[39m
      [33mclass[39m=[32m"course-pool-scrollable container"[39m
      [33mdata-testid[39m=[32m"scroll-courses"[39m
    [36m>[39m
      [36m<div[39m
        [33mclass[39m=[32m"row"[39m
      [36m>[39m
        [36m<div[39m
          [33mclass[39m=[32m"col"[39m
        [36m>[39m
          [0m [0m
          [36m<p>[39m
            [0mCISC 472[0m
            [0m : [0m
            [0mWeb Applications Security[0m
          [36m</p>[39m
        [36m</div>[39m
        [36m<div[39m
          [33mclass[39m=[32m"col-md-auto"[39m
        [36m>[39m
          [36m<p>[39m
            [36m<button[39m
              [33maria-controls[39m=[32m"collapseExample"[39m
              [33maria-expanded[39m=[32m"false"[39m
              [33mclass[39m=[32m"btn default"[39m
              [33mdata-bs-target[39m=[32m"#collapseExample"[39m
              [33mdata-bs-toggle[39m=[32m"collapse"[39m
              [33mtype[39m=[32m"button"[39m
            [36m>[39m
              [0m see course info[0m
              [36m<i[39m
                [33mclass[39m=[32m"bi bi-plus-lg"[39m
              [36m/>[39m
            [36m</button>[39m
          [36m</p>[39m
        [36m</div>[39m
      [36m</div>[39m
      [36m<div[39m
        [33mclass[39m=[32m"row"[39m
      [36m>[39m
        [36m<div[39m
          [33mclass[39m=[32m"col"[39m
        [36m>[39m
          [36m<div[39m
            [33mclass[39m=[32m"collapse hide"[39m
            [33mid[39m=[32m"course-info-collapse"[39m
          [36m>[39m
            [36m<div[39m
              [33mclass[39m=[32m"card card-body"[39m
            [36m>[39m
              [36m<h6>[39m
                [0mCredits: [0m
                [0m 3[0m
              [36m</h6>[39m
              [36m<h6>[39m
                [0mDescription: [0m
                [0mThis seminar-style cybersecurity course covers one specific discipline of information security known as application security. This discipline (APPSEC) refers to the development of software that can continue to function correctly even under constant scrutiny and attack by determined adversaries.[0m
              [36m</h6>[39m
              [36m<h6>[39m
                [0mPrerequisites: none[0m
              [36m</h6>[39m
            [36m</div>[39m
          [36m</div>[39m
        [36m</div>[39m
      [36m</div>[39m
    [36m</div>[39m

    Ignored nodes: comments, <script />, <style />
    [36m<div[39m
      [33mclass[39m=[32m"course-pool-scrollable container"[39m
      [33mdata-testid[39m=[32m"scroll-courses"[39m
    [36m>[39m
      [36m<div[39m
        [33mclass[39m=[32m"row"[39m
      [36m>[39m
        [36m<div[39m
          [33mclass[39m=[32m"col"[39m
        [36m>[39m
          [0m [0m
          [36m<p>[39m
            [0mCISC 473[0m
            [0m : [0m
            [0mComputer Science Projects[0m
          [36m</p>[39m
        [36m</div>[39m
        [36m<div[39m
          [33mclass[39m=[32m"col-md-auto"[39m
        [36m>[39m
          [36m<p>[39m
            [36m<button[39m
              [33maria-controls[39m=[32m"collapseExample"[39m
              [33maria-expanded[39m=[32m"false"[39m
              [33mclass[39m=[32m"btn default"[39m
              [33mdata-bs-target[39m=[32m"#collapseExample"[39m
              [33mdata-bs-toggle[39m=[32m"collapse"[39m
              [33mtype[39m=[32m"button"[39m
            [36m>[39m
              [0m see course info[0m
              [36m<i[39m
                [33mclass[39m=[32m"bi bi-plus-lg"[39m
              [36m/>[39m
            [36m</button>[39m
          [36m</p>[39m
        [36m</div>[39m
      [36m</div>[39m
      [36m<div[39m
        [33mclass[39m=[32m"row"[39m
      [36m>[39m
        [36m<div[39m
          [33mclass[39m=[32m"col"[39m
        [36m>[39m
          [36m<div[39m
            [33mclass[39m=[32m"collapse hide"[39m
            [33mid[39m=[32m"course-info-collapse"[39m
          [36m>[39m
            [36m<div[39m
              [33mclass[39m=[32m"card card-body"[39m
            [36m>[39m
              [36m<h6>[39m
                [0mCredits: [0m
                [0m 3[0m
              [36m</h6>[39m
              [36m<h6>[39m
                [0mDescription: [0m
                [0mExperimental, theoretical and literature studies of computer science problems.[0m
              [36m</h6>[39m
              [36m<h6>[39m
                [0mPrerequisites: none[0m
              [36m</h6>[39m
            [36m</div>[39m
          [36m</div>[39m
        [36m</div>[39m
      [36m</div>[39m
    [36m</div>[39m

    Ignored nodes: comments, <script />, <style />
    [36m<div[39m
      [33mclass[39m=[32m"course-pool-scrollable container"[39m
      [33mdata-testid[39m=[32m"scroll-courses"[39m
    [36m>[39m
      [36m<div[39m
        [33mclass[39m=[32m"row"[39m
      [36m>[39m
        [36m<div[39m
          [33mclass[39m=[32m"col"[39m
        [36m>[39m
          [0m [0m
          [36m<p>[39m
            [0mCISC 474[0m
            [0m : [0m
            [0mAdvanced Web Technologies[0m
          [36m</p>[39m
        [36m</div>[39m
        [36m<div[39m
          [33mclass[39m=[32m"col-md-auto"[39m
        [36m>[39m
          [36m<p>[39m
            [36m<button[39m
              [33maria-controls[39m=[32m"collapseExample"[39m
              [33maria-expanded[39m=[32m"false"[39m
              [33mclass[39m=[32m"btn default"[39m
              [33mdata-bs-target[39m=[32m"#collapseExample"[39m
              [33mdata-bs-toggle[39m=[32m"collapse"[39m
              [33mtype[39m=[32m"button"[39m
            [36m>[39m
              [0m see course info[0m
              [36m<i[39m
                [33mclass[39m=[32m"bi bi-plus-lg"[39m
              [36m/>[39m
            [36m</button>[39m
          [36m</p>[39m
        [36m</div>[39m
      [36m</div>[39m
      [36m<div[39m
        [33mclass[39m=[32m"row"[39m
      [36m>[39m
        [36m<div[39m
          [33mclass[39m=[32m"col"[39m
        [36m>[39m
          [36m<div[39m
            [33mclass[39m=[32m"collapse hide"[39m
            [33mid[39m=[32m"course-info-collapse"[39m
          [36m>[39m
            [36m<div[39m
              [33mclass[39m=[32m"card card-body"[39m
            [36m>[39m
              [36m<h6>[39m
                [0mCredits: [0m
                [0m 3[0m
              [36m</h6>[39m
              [36m<h6>[39m
                [0mDescription: [0m
                [0mProgramming and architecture of web servers and the technologies for implementing high performance, sophisticated web sites for applications like e-commerce. Students learn how to install and set-up a web server, how to write and install programs for a web server, and how to design and implement multi-tier client/server applications with database backends.[0m
              [36m</h6>[39m
              [36m<h6>[39m
                [0mPrerequisites: [0m
                [0mCISC 275[0m
              [36m</h6>[39m
            [36m</div>[39m
          [36m</div>[39m
        [36m</div>[39m
      [36m</div>[39m
    [36m</div>[39m

    Ignored nodes: comments, <script />, <style />
    [36m<div[39m
      [33mclass[39m=[32m"course-pool-scrollable container"[39m
      [33mdata-testid[39m=[32m"scroll-courses"[39m
    [36m>[39m
      [36m<div[39m
        [33mclass[39m=[32m"row"[39m
      [36m>[39m
        [36m<div[39m
          [33mclass[39m=[32m"col"[39m
        [36m>[39m
          [0m [0m
          [36m<p>[39m
            [0mCISC 475[0m
            [0m : [0m
            [0mAdvanced Software Engineering[0m
          [36m</p>[39m
        [36m</div>[39m
        [36m<div[39m
          [33mclass[39m=[32m"col-md-auto"[39m
        [36m>[39m
          [36m<p>[39m
            [36m<button[39m
              [33maria-controls[39m=[32m"collapseExample"[39m
              [33maria-expanded[39m=[32m"false"[39m
              [33mclass[39m=[32m"btn default"[39m
              [33mdata-bs-target[39m=[32m"#collapseExample"[39m
              [33mdata-bs-toggle[39m=[32m"collapse"[39m
              [33mtype[39m=[32m"button"[39m
            [36m>[39m
              [0m see course info[0m
              [36m<i[39m
                [33mclass[39m=[32m"bi bi-plus-lg"[39m
              [36m/>[39m
            [36m</button>[39m
          [36m</p>[39m
        [36m</div>[39m
      [36m</div>[39m
      [36m<div[39m
        [33mclass[39m=[32m"row"[39m
      [36m>[39m
        [36m<div[39m
          [33mclass[39m=[32m"col"[39m
        [36m>[39m
          [36m<div[39m
            [33mclass[39m=[32m"collapse hide"[39m
            [33mid[39m=[32m"course-info-collapse"[39m
          [36m>[39m
            [36m<div[39m
              [33mclass[39m=[32m"card card-body"[39m
            [36m>[39m
              [36m<h6>[39m
                [0mCredits: [0m
                [0m 3[0m
              [36m</h6>[39m
              [36m<h6>[39m
                [0mDescription: [0m
                [0mUnderstand and apply a complete modern software engineering process. Topics include requirements analysis, specification, design, implementation, verification, and project management. Real-life team projects cover all aspects of the software development lifecycle, from the requirements to acceptance testing.[0m
              [36m</h6>[39m
              [36m<h6>[39m
                [0mPrerequisites: [0m
                [0mCISC 275. CISC 361 is recommended.[0m
              [36m</h6>[39m
            [36m</div>[39m
          [36m</div>[39m
        [36m</div>[39m
      [36m</div>[39m
    [36m</div>[39m

    Ignored nodes: comments, <script />, <style />
    [36m<div[39m
      [33mclass[39m=[32m"course-pool-scrollable container"[39m
      [33mdata-testid[39m=[32m"scroll-courses"[39m
    [36m>[39m
      [36m<div[39m
        [33mclass[39m=[32m"row"[39m
      [36m>[39m
        [36m<div[39m
          [33mclass[39m=[32m"col"[39m
        [36m>[39m
          [0m [0m
          [36m<p>[39m
            [0mCISC 476[0m
            [0m : [0m
            [0mSecure Software Design[0m
          [36m</p>[39m
        [36m</div>[39m
        [36m<div[39m
          [33mclass[39m=[32m"col-md-auto"[39m
        [36m>[39m
          [36m<p>[39m
            [36m<button[39m
              [33maria-controls[39m=[32m"collapseExample"[39m
              [33maria-expanded[39m=[32m"false"[39m
              [33mclass[39m=[32m"btn default"[39m
              [33mdata-bs-target[39m=[32m"#collapseExample"[39m
              [33mdata-bs-toggle[39m=[32m"collapse"[39m
              [33mtype[39m=[32m"button"[39m
            [36m>[39m
              [0m see course info[0m
              [36m<i[39m
                [33mclass[39m=[32m"bi bi-plus-lg"[39m
              [36m/>[39m
            [36m</button>[39m
          [36m</p>[39m
        [36m</div>[39m
      [36m</div>[39m
      [36m<div[39m
        [33mclass[39m=[32m"row"[39m
      [36m>[39m
        [36m<div[39m
          [33mclass[39m=[32m"col"[39m
        [36m>[39m
          [36m<div[39m
            [33mclass[39m=[32m"collapse hide"[39m
            [33mid[39m=[32m"course-info-collapse"[39m
          [36m>[39m
            [36m<div[39m
              [33mclass[39m=[32m"card card-body"[39m
            [36m>[39m
              [36m<h6>[39m
                [0mCredits: [0m
                [0m 3[0m
              [36m</h6>[39m
              [36m<h6>[39m
                [0mDescription: [0m
                [0mThis cybersecurity course introduce the theory and practices used to help make a computer program secure and provide the skills needed to implement programs that are free from vulnerabilities.[0m
              [36m</h6>[39m
              [36m<h6>[39m
                [0mPrerequisites: none[0m
              [36m</h6>[39m
            [36m</div>[39m
          [36m</div>[39m
        [36m</div>[39m
      [36m</div>[39m
    [36m</div>[39m

    Ignored nodes: comments, <script />, <style />
    [36m<div[39m
      [33mclass[39m=[32m"course-pool-scrollable container"[39m
      [33mdata-testid[39m=[32m"scroll-courses"[39m
    [36m>[39m
      [36m<div[39m
        [33mclass[39m=[32m"row"[39m
      [36m>[39m
        [36m<div[39m
          [33mclass[39m=[32m"col"[39m
        [36m>[39m
          [0m [0m
          [36m<p>[39m
            [0mCISC 479[0m
            [0m : [0m
            [0mTopics in Architecture and Software[0m
          [36m</p>[39m
        [36m</div>[39m
        [36m<div[39m
          [33mclass[39m=[32m"col-md-auto"[39m
        [36m>[39m
          [36m<p>[39m
            [36m<button[39m
              [33maria-controls[39m=[32m"collapseExample"[39m
              [33maria-expanded[39m=[32m"false"[39m
              [33mclass[39m=[32m"btn default"[39m
              [33mdata-bs-target[39m=[32m"#collapseExample"[39m
              [33mdata-bs-toggle[39m=[32m"collapse"[39m
              [33mtype[39m=[32m"button"[39m
            [36m>[39m
              [0m see course info[0m
              [36m<i[39m
                [33mclass[39m=[32m"bi bi-plus-lg"[39m
              [36m/>[39m
            [36m</button>[39m
          [36m</p>[39m
        [36m</div>[39m
      [36m</div>[39m
      [36m<div[39m
        [33mclass[39m=[32m"row"[39m
      [36m>[39m
        [36m<div[39m
          [33mclass[39m=[32m"col"[39m
        [36m>[39m
          [36m<div[39m
            [33mclass[39m=[32m"collapse hide"[39m
            [33mid[39m=[32m"course-info-collapse"[39m
          [36m>[39m
            [36m<div[39m
              [33mclass[39m=[32m"card card-body"[39m
            [36m>[39m
              [36m<h6>[39m
                [0mCredits: [0m
                [0m 3-6[0m
              [36m</h6>[39m
              [36m<h6>[39m
                [0mDescription: [0m
                [0mContents will vary to coincide with the interests of students and faculty.[0m
              [36m</h6>[39m
              [36m<h6>[39m
                [0mPrerequisites: [0m
                [0mCISC 361.[0m
              [36m</h6>[39m
            [36m</div>[39m
          [36m</div>[39m
        [36m</div>[39m
      [36m</div>[39m
    [36m</div>[39m

    Ignored nodes: comments, <script />, <style />
    [36m<div[39m
      [33mclass[39m=[32m"course-pool-scrollable container"[39m
      [33mdata-testid[39m=[32m"scroll-courses"[39m
    [36m>[39m
      [36m<div[39m
        [33mclass[39m=[32m"row"[39m
      [36m>[39m
        [36m<div[39m
          [33mclass[39m=[32m"col"[39m
        [36m>[39m
          [0m [0m
          [36m<p>[39m
            [0mCISC 481[0m
            [0m : [0m
            [0mArtificial Intelligence[0m
          [36m</p>[39m
        [36m</div>[39m
        [36m<div[39m
          [33mclass[39m=[32m"col-md-auto"[39m
        [36m>[39m
          [36m<p>[39m
            [36m<button[39m
              [33maria-controls[39m=[32m"collapseExample"[39m
              [33maria-expanded[39m=[32m"false"[39m
              [33mclass[39m=[32m"btn default"[39m
              [33mdata-bs-target[39m=[32m"#collapseExample"[39m
              [33mdata-bs-toggle[39m=[32m"collapse"[39m
              [33mtype[39m=[32m"button"[39m
            [36m>[39m
              [0m see course info[0m
              [36m<i[39m
                [33mclass[39m=[32m"bi bi-plus-lg"[39m
              [36m/>[39m
            [36m</button>[39m
          [36m</p>[39m
        [36m</div>[39m
      [36m</div>[39m
      [36m<div[39m
        [33mclass[39m=[32m"row"[39m
      [36m>[39m
        [36m<div[39m
          [33mclass[39m=[32m"col"[39m
        [36m>[39m
          [36m<div[39m
            [33mclass[39m=[32m"collapse hide"[39m
            [33mid[39m=[32m"course-info-collapse"[39m
          [36m>[39m
            [36m<div[39m
              [33mclass[39m=[32m"card card-body"[39m
            [36m>[39m
              [36m<h6>[39m
                [0mCredits: [0m
                [0m 3[0m
              [36m</h6>[39m
              [36m<h6>[39m
                [0mDescription: [0m
                [0mProgramming techniques for problems not amenable to algorithmic solutions. Problem formulation, search strategies, state spaces, applications of logic, knowledge representation, planning and application areas.[0m
              [36m</h6>[39m
              [36m<h6>[39m
                [0mPrerequisites: [0m
                [0mCISC 220 with a minimum grade of C-, CISC 304.[0m
              [36m</h6>[39m
            [36m</div>[39m
          [36m</div>[39m
        [36m</div>[39m
      [36m</div>[39m
    [36m</div>[39m

    Ignored nodes: comments, <script />, <style />
    [36m<div[39m
      [33mclass[39m=[32m"course-pool-scrollable container"[39m
      [33mdata-testid[39m=[32m"scroll-courses"[39m
    [36m>[39m
      [36m<div[39m
        [33mclass[39m=[32m"row"[39m
      [36m>[39m
        [36m<div[39m
          [33mclass[39m=[32m"col"[39m
        [36m>[39m
          [0m [0m
          [36m<p>[39m
            [0mCISC 482[0m
            [0m : [0m
            [0mIntroduction to Human-Computer Interaction[0m
          [36m</p>[39m
        [36m</div>[39m
        [36m<div[39m
          [33mclass[39m=[32m"col-md-auto"[39m
        [36m>[39m
          [36m<p>[39m
            [36m<button[39m
              [33maria-controls[39m=[32m"collapseExample"[39m
              [33maria-expanded[39m=[32m"false"[39m
              [33mclass[39m=[32m"btn default"[39m
              [33mdata-bs-target[39m=[32m"#collapseExample"[39m
              [33mdata-bs-toggle[39m=[32m"collapse"[39m
              [33mtype[39m=[32m"button"[39m
            [36m>[39m
              [0m see course info[0m
              [36m<i[39m
                [33mclass[39m=[32m"bi bi-plus-lg"[39m
              [36m/>[39m
            [36m</button>[39m
          [36m</p>[39m
        [36m</div>[39m
      [36m</div>[39m
      [36m<div[39m
        [33mclass[39m=[32m"row"[39m
      [36m>[39m
        [36m<div[39m
          [33mclass[39m=[32m"col"[39m
        [36m>[39m
          [36m<div[39m
            [33mclass[39m=[32m"collapse hide"[39m
            [33mid[39m=[32m"course-info-collapse"[39m
          [36m>[39m
            [36m<div[39m
              [33mclass[39m=[32m"card card-body"[39m
            [36m>[39m
              [36m<h6>[39m
                [0mCredits: [0m
                [0m 3[0m
              [36m</h6>[39m
              [36m<h6>[39m
                [0mDescription: [0m
                [0mResearch and theoretical methods for the study, design, implementation, and evaluation of effective user-interactive systems, including requirements for gathering, survey design, and rapid prototyping. Hands-on group projects supplement theoretical knowledge.[0m
              [36m</h6>[39m
              [36m<h6>[39m
                [0mPrerequisites: [0m
                [0mCISC 275.[0m
              [36m</h6>[39m
            [36m</div>[39m
          [36m</div>[39m
        [36m</div>[39m
      [36m</div>[39m
    [36m</div>[39m

    Ignored nodes: comments, <script />, <style />
    [36m<div[39m
      [33mclass[39m=[32m"course-pool-scrollable container"[39m
      [33mdata-testid[39m=[32m"scroll-courses"[39m
    [36m>[39m
      [36m<div[39m
        [33mclass[39m=[32m"row"[39m
      [36m>[39m
        [36m<div[39m
          [33mclass[39m=[32m"col"[39m
        [36m>[39m
          [0m [0m
          [36m<p>[39m
            [0mCISC 483[0m
            [0m : [0m
            [0mIntroduction to Data Mining[0m
          [36m</p>[39m
        [36m</div>[39m
        [36m<div[39m
          [33mclass[39m=[32m"col-md-auto"[39m
        [36m>[39m
          [36m<p>[39m
            [36m<button[39m
              [33maria-controls[39m=[32m"collapseExample"[39m
              [33maria-expanded[39m=[32m"false"[39m
              [33mclass[39m=[32m"btn default"[39m
              [33mdata-bs-target[39m=[32m"#collapseExample"[39m
              [33mdata-bs-toggle[39m=[32m"collapse"[39m
              [33mtype[39m=[32m"button"[39m
            [36m>[39m
              [0m see course info[0m
              [36m<i[39m
                [33mclass[39m=[32m"bi bi-plus-lg"[39m
              [36m/>[39m
            [36m</button>[39m
          [36m</p>[39m
        [36m</div>[39m
      [36m</div>[39m
      [36m<div[39m
        [33mclass[39m=[32m"row"[39m
      [36m>[39m
        [36m<div[39m
          [33mclass[39m=[32m"col"[39m
        [36m>[39m
          [36m<div[39m
            [33mclass[39m=[32m"collapse hide"[39m
            [33mid[39m=[32m"course-info-collapse"[39m
          [36m>[39m
            [36m<div[39m
              [33mclass[39m=[32m"card card-body"[39m
            [36m>[39m
              [36m<h6>[39m
                [0mCredits: [0m
                [0m 3[0m
              [36m</h6>[39m
              [36m<h6>[39m
                [0mDescription: [0m
                [0mConcepts, techniques, and algorithms for mining large data sets to discover structural patterns that can be used to make subsequent predictions. Emphasis on practical approaches and empirical evaluation. Use of a workbench of data mining tools, such as the Weka toolkit.[0m
              [36m</h6>[39m
              [36m<h6>[39m
                [0mPrerequisites: [0m
                [0mCISC 220 and  MATH 205 or MATH 350.[0m
              [36m</h6>[39m
            [36m</div>[39m
          [36m</div>[39m
        [36m</div>[39m
      [36m</div>[39m
    [36m</div>[39m

    Ignored nodes: comments, <script />, <style />
    [36m<div[39m
      [33mclass[39m=[32m"course-pool-scrollable container"[39m
      [33mdata-testid[39m=[32m"scroll-courses"[39m
    [36m>[39m
      [36m<div[39m
        [33mclass[39m=[32m"row"[39m
      [36m>[39m
        [36m<div[39m
          [33mclass[39m=[32m"col"[39m
        [36m>[39m
          [0m [0m
          [36m<p>[39m
            [0mCISC 484[0m
            [0m : [0m
            [0mIntroduction to Machine Learning[0m
          [36m</p>[39m
        [36m</div>[39m
        [36m<div[39m
          [33mclass[39m=[32m"col-md-auto"[39m
        [36m>[39m
          [36m<p>[39m
            [36m<button[39m
              [33maria-controls[39m=[32m"collapseExample"[39m
              [33maria-expanded[39m=[32m"false"[39m
              [33mclass[39m=[32m"btn default"[39m
              [33mdata-bs-target[39m=[32m"#collapseExample"[39m
              [33mdata-bs-toggle[39m=[32m"collapse"[39m
              [33mtype[39m=[32m"button"[39m
            [36m>[39m
              [0m see course info[0m
              [36m<i[39m
                [33mclass[39m=[32m"bi bi-plus-lg"[39m
              [36m/>[39m
            [36m</button>[39m
          [36m</p>[39m
        [36m</div>[39m
      [36m</div>[39m
      [36m<div[39m
        [33mclass[39m=[32m"row"[39m
      [36m>[39m
        [36m<div[39m
          [33mclass[39m=[32m"col"[39m
        [36m>[39m
          [36m<div[39m
            [33mclass[39m=[32m"collapse hide"[39m
            [33mid[39m=[32m"course-info-collapse"[39m
          [36m>[39m
            [36m<div[39m
              [33mclass[39m=[32m"card card-body"[39m
            [36m>[39m
              [36m<h6>[39m
                [0mCredits: [0m
                [0m 3[0m
              [36m</h6>[39m
              [36m<h6>[39m
                [0mDescription: [0m
                [0mDevelopment of methods to learn to solve a task using examples. Explore different machine learning algorithms/techniques and discuss their strengths and weaknesses and situations they are or are not suited for.[0m
              [36m</h6>[39m
              [36m<h6>[39m
                [0mPrerequisites: [0m
                [0mCISC 220 and MATH 205 or MATH 350.[0m
              [36m</h6>[39m
            [36m</div>[39m
          [36m</div>[39m
        [36m</div>[39m
      [36m</div>[39m
    [36m</div>[39m

    Ignored nodes: comments, <script />, <style />
    [36m<div[39m
      [33mclass[39m=[32m"course-pool-scrollable container"[39m
      [33mdata-testid[39m=[32m"scroll-courses"[39m
    [36m>[39m
      [36m<div[39m
        [33mclass[39m=[32m"row"[39m
      [36m>[39m
        [36m<div[39m
          [33mclass[39m=[32m"col"[39m
        [36m>[39m
          [0m [0m
          [36m<p>[39m
            [0mCISC 487[0m
            [0m : [0m
            [0mVertically Integrated Projects IV[0m
          [36m</p>[39m
        [36m</div>[39m
        [36m<div[39m
          [33mclass[39m=[32m"col-md-auto"[39m
        [36m>[39m
          [36m<p>[39m
            [36m<button[39m
              [33maria-controls[39m=[32m"collapseExample"[39m
              [33maria-expanded[39m=[32m"false"[39m
              [33mclass[39m=[32m"btn default"[39m
              [33mdata-bs-target[39m=[32m"#collapseExample"[39m
              [33mdata-bs-toggle[39m=[32m"collapse"[39m
              [33mtype[39m=[32m"button"[39m
            [36m>[39m
              [0m see course info[0m
              [36m<i[39m
                [33mclass[39m=[32m"bi bi-plus-lg"[39m
              [36m/>[39m
            [36m</button>[39m
          [36m</p>[39m
        [36m</div>[39m
      [36m</div>[39m
      [36m<div[39m
        [33mclass[39m=[32m"row"[39m
      [36m>[39m
        [36m<div[39m
          [33mclass[39m=[32m"col"[39m
        [36m>[39m
          [36m<div[39m
            [33mclass[39m=[32m"collapse hide"[39m
            [33mid[39m=[32m"course-info-collapse"[39m
          [36m>[39m
            [36m<div[39m
              [33mclass[39m=[32m"card card-body"[39m
            [36m>[39m
              [36m<h6>[39m
                [0mCredits: [0m
                [0m 1-3[0m
              [36m</h6>[39m
              [36m<h6>[39m
                [0mDescription: [0m
                [0mThe Vertically-Integrated Projects (VIP) Program operates in a research and development context. Undergraduate students that join VIP teams earn academic credit for their participation in design/discovery efforts that assist faculty and graduate students with research and development issues in their areas of expertise.[0m
              [36m</h6>[39m
              [36m<h6>[39m
                [0mPrerequisites: none[0m
              [36m</h6>[39m
            [36m</div>[39m
          [36m</div>[39m
        [36m</div>[39m
      [36m</div>[39m
    [36m</div>[39m

    Ignored nodes: comments, <script />, <style />
    [36m<div[39m
      [33mclass[39m=[32m"course-pool-scrollable container"[39m
      [33mdata-testid[39m=[32m"scroll-courses"[39m
    [36m>[39m
      [36m<div[39m
        [33mclass[39m=[32m"row"[39m
      [36m>[39m
        [36m<div[39m
          [33mclass[39m=[32m"col"[39m
        [36m>[39m
          [0m [0m
          [36m<p>[39m
            [0mCISC 489[0m
            [0m : [0m
            [0mTopics: Artificial Intelligence[0m
          [36m</p>[39m
        [36m</div>[39m
        [36m<div[39m
          [33mclass[39m=[32m"col-md-auto"[39m
        [36m>[39m
          [36m<p>[39m
            [36m<button[39m
              [33maria-controls[39m=[32m"collapseExample"[39m
              [33maria-expanded[39m=[32m"false"[39m
              [33mclass[39m=[32m"btn default"[39m
              [33mdata-bs-target[39m=[32m"#collapseExample"[39m
              [33mdata-bs-toggle[39m=[32m"collapse"[39m
              [33mtype[39m=[32m"button"[39m
            [36m>[39m
              [0m see course info[0m
              [36m<i[39m
                [33mclass[39m=[32m"bi bi-plus-lg"[39m
              [36m/>[39m
            [36m</button>[39m
          [36m</p>[39m
        [36m</div>[39m
      [36m</div>[39m
      [36m<div[39m
        [33mclass[39m=[32m"row"[39m
      [36m>[39m
        [36m<div[39m
          [33mclass[39m=[32m"col"[39m
        [36m>[39m
          [36m<div[39m
            [33mclass[39m=[32m"collapse hide"[39m
            [33mid[39m=[32m"course-info-collapse"[39m
          [36m>[39m
            [36m<div[39m
              [33mclass[39m=[32m"card card-body"[39m
            [36m>[39m
              [36m<h6>[39m
                [0mCredits: [0m
                [0m 3[0m
              [36m</h6>[39m
              [36m<h6>[39m
                [0mDescription: [0m
                [0mContents vary to coincide with the interests of students and current faculty.[0m
              [36m</h6>[39m
              [36m<h6>[39m
                [0mPrerequisites: none[0m
              [36m</h6>[39m
            [36m</div>[39m
          [36m</div>[39m
        [36m</div>[39m
      [36m</div>[39m
    [36m</div>[39m

    Ignored nodes: comments, <script />, <style />
    [36m<div[39m
      [33mclass[39m=[32m"course-pool-scrollable container"[39m
      [33mdata-testid[39m=[32m"scroll-courses"[39m
    [36m>[39m
      [36m<div[39m
        [33mclass[39m=[32m"row"[39m
      [36m>[39m
        [36m<div[39m
          [33mclass[39m=[32m"col"[39m
        [36m>[39m
          [0m [0m
          [36m<p>[39m
            [0mCISC 498[0m
            [0m : [0m
            [0mComputer Science Senior Design Project I[0m
          [36m</p>[39m
        [36m</div>[39m
        [36m<div[39m
          [33mclass[39m=[32m"col-md-auto"[39m
        [36m>[39m
          [36m<p>[39m
            [36m<button[39m
              [33maria-controls[39m=[32m"collapseExample"[39m
              [33maria-expanded[39m=[32m"false"[39m
              [33mclass[39m=[32m"btn default"[39m
              [33mdata-bs-target[39m=[32m"#collapseExample"[39m
              [33mdata-bs-toggle[39m=[32m"collapse"[39m
              [33mtype[39m=[32m"button"[39m
            [36m>[39m
              [0m see course info[0m
              [36m<i[39m
                [33mclass[39m=[32m"bi bi-plus-lg"[39m
              [36m/>[39m
            [36m</button>[39m
          [36m</p>[39m
        [36m</div>[39m
      [36m</div>[39m
      [36m<div[39m
        [33mclass[39m=[32m"row"[39m
      [36m>[39m
        [36m<div[39m
          [33mclass[39m=[32m"col"[39m
        [36m>[39m
          [36m<div[39m
            [33mclass[39m=[32m"collapse hide"[39m
            [33mid[39m=[32m"course-info-collapse"[39m
          [36m>[39m
            [36m<div[39m
              [33mclass[39m=[32m"card card-body"[39m
            [36m>[39m
              [36m<h6>[39m
                [0mCredits: [0m
                [0m 3[0m
              [36m</h6>[39m
              [36m<h6>[39m
                [0mDescription: [0m
                [0mFirst semester of two-semester senior software design course.  Students work in teams to develop solutions to real-world problems for a client.  Application of a modern software engineering process; requirement solicitation, analysis, and specification; prototyping; design; incremental development; testing and verification; client interaction; and presentation. Offered in Fall only.[0m
              [36m</h6>[39m
              [36m<h6>[39m
                [0mPrerequisites: [0m
                [0mCISC 275 and CISC 320.[0m
              [36m</h6>[39m
            [36m</div>[39m
          [36m</div>[39m
        [36m</div>[39m
      [36m</div>[39m
    [36m</div>[39m

    Ignored nodes: comments, <script />, <style />
    [36m<div[39m
      [33mclass[39m=[32m"course-pool-scrollable container"[39m
      [33mdata-testid[39m=[32m"scroll-courses"[39m
    [36m>[39m
      [36m<div[39m
        [33mclass[39m=[32m"row"[39m
      [36m>[39m
        [36m<div[39m
          [33mclass[39m=[32m"col"[39m
        [36m>[39m
          [0m [0m
          [36m<p>[39m
            [0mCISC 499[0m
            [0m : [0m
            [0mComputer Science Senior Design Project II[0m
          [36m</p>[39m
        [36m</div>[39m
        [36m<div[39m
          [33mclass[39m=[32m"col-md-auto"[39m
        [36m>[39m
          [36m<p>[39m
            [36m<button[39m
              [33maria-controls[39m=[32m"collapseExample"[39m
              [33maria-expanded[39m=[32m"false"[39m
              [33mclass[39m=[32m"btn default"[39m
              [33mdata-bs-target[39m=[32m"#collapseExample"[39m
              [33mdata-bs-toggle[39m=[32m"collapse"[39m
              [33mtype[39m=[32m"button"[39m
            [36m>[39m
              [0m see course info[0m
              [36m<i[39m
                [33mclass[39m=[32m"bi bi-plus-lg"[39m
              [36m/>[39m
            [36m</button>[39m
          [36m</p>[39m
        [36m</div>[39m
      [36m</div>[39m
      [36m<div[39m
        [33mclass[39m=[32m"row"[39m
      [36m>[39m
        [36m<div[39m
          [33mclass[39m=[32m"col"[39m
        [36m>[39m
          [36m<div[39m
            [33mclass[39m=[32m"collapse hide"[39m
            [33mid[39m=[32m"course-info-collapse"[39m
          [36m>[39m
            [36m<div[39m
              [33mclass[39m=[32m"card card-body"[39m
            [36m>[39m
              [36m<h6>[39m
                [0mCredits: [0m
                [0m 3[0m
              [36m</h6>[39m
              [36m<h6>[39m
                [0mDescription: [0m
                [0m[0m
              [36m</h6>[39m
              [36m<h6>[39m
                [0mPrerequisites: [0m
                [0mCISC 498.[0m
              [36m</h6>[39m
            [36m</div>[39m
          [36m</div>[39m
        [36m</div>[39m
      [36m</div>[39m
    [36m</div>[39m

    Ignored nodes: comments, <script />, <style />
    [36m<div[39m
      [33mclass[39m=[32m"course-pool-scrollable container"[39m
      [33mdata-testid[39m=[32m"scroll-courses"[39m
    [36m>[39m
      [36m<div[39m
        [33mclass[39m=[32m"row"[39m
      [36m>[39m
        [36m<div[39m
          [33mclass[39m=[32m"col"[39m
        [36m>[39m
          [0m [0m
          [36m<p>[39m
            [0mCISC 567[0m
            [0m : [0m
            [0mSEMINAR[0m
          [36m</p>[39m
        [36m</div>[39m
        [36m<div[39m
          [33mclass[39m=[32m"col-md-auto"[39m
        [36m>[39m
          [36m<p>[39m
            [36m<button[39m
              [33maria-controls[39m=[32m"collapseExample"[39m
              [33maria-expanded[39m=[32m"false"[39m
              [33mclass[39m=[32m"btn default"[39m
              [33mdata-bs-target[39m=[32m"#collapseExample"[39m
              [33mdata-bs-toggle[39m=[32m"collapse"[39m
              [33mtype[39m=[32m"button"[39m
            [36m>[39m
              [0m see course info[0m
              [36m<i[39m
                [33mclass[39m=[32m"bi bi-plus-lg"[39m
              [36m/>[39m
            [36m</button>[39m
          [36m</p>[39m
        [36m</div>[39m
      [36m</div>[39m
      [36m<div[39m
        [33mclass[39m=[32m"row"[39m
      [36m>[39m
        [36m<div[39m
          [33mclass[39m=[32m"col"[39m
        [36m>[39m
          [36m<div[39m
            [33mclass[39m=[32m"collapse hide"[39m
            [33mid[39m=[32m"course-info-collapse"[39m
          [36m>[39m
            [36m<div[39m
              [33mclass[39m=[32m"card card-body"[39m
            [36m>[39m
              [36m<h6>[39m
                [0mCredits: [0m
                [0m 1-12[0m
              [36m</h6>[39m
              [36m<h6>[39m
                [0mDescription: [0m
                [0m[0m
              [36m</h6>[39m
              [36m<h6>[39m
                [0mPrerequisites: none[0m
              [36m</h6>[39m
            [36m</div>[39m
          [36m</div>[39m
        [36m</div>[39m
      [36m</div>[39m
    [36m</div>[39m

    Ignored nodes: comments, <script />, <style />
    [36m<div[39m
      [33mclass[39m=[32m"course-pool-scrollable container"[39m
      [33mdata-testid[39m=[32m"scroll-courses"[39m
    [36m>[39m
      [36m<div[39m
        [33mclass[39m=[32m"row"[39m
      [36m>[39m
        [36m<div[39m
          [33mclass[39m=[32m"col"[39m
        [36m>[39m
          [0m [0m
          [36m<p>[39m
            [0mCISC 601[0m
            [0m : [0m
            [0mElements of the Theory of Computation[0m
          [36m</p>[39m
        [36m</div>[39m
        [36m<div[39m
          [33mclass[39m=[32m"col-md-auto"[39m
        [36m>[39m
          [36m<p>[39m
            [36m<button[39m
              [33maria-controls[39m=[32m"collapseExample"[39m
              [33maria-expanded[39m=[32m"false"[39m
              [33mclass[39m=[32m"btn default"[39m
              [33mdata-bs-target[39m=[32m"#collapseExample"[39m
              [33mdata-bs-toggle[39m=[32m"collapse"[39m
              [33mtype[39m=[32m"button"[39m
            [36m>[39m
              [0m see course info[0m
              [36m<i[39m
                [33mclass[39m=[32m"bi bi-plus-lg"[39m
              [36m/>[39m
            [36m</button>[39m
          [36m</p>[39m
        [36m</div>[39m
      [36m</div>[39m
      [36m<div[39m
        [33mclass[39m=[32m"row"[39m
      [36m>[39m
        [36m<div[39m
          [33mclass[39m=[32m"col"[39m
        [36m>[39m
          [36m<div[39m
            [33mclass[39m=[32m"collapse hide"[39m
            [33mid[39m=[32m"course-info-collapse"[39m
          [36m>[39m
            [36m<div[39m
              [33mclass[39m=[32m"card card-body"[39m
            [36m>[39m
              [36m<h6>[39m
                [0mCredits: [0m
                [0m 3[0m
              [36m</h6>[39m
              [36m<h6>[39m
                [0mDescription: [0m
                [0mGeneral models of computation, formal languages and automata theory, and algorithmic unsolvability[0m
              [36m</h6>[39m
              [36m<h6>[39m
                [0mPrerequisites: [0m
                [0mA course in which the student was required to prove theorems[0m
              [36m</h6>[39m
            [36m</div>[39m
          [36m</div>[39m
        [36m</div>[39m
      [36m</div>[39m
    [36m</div>[39m

    Ignored nodes: comments, <script />, <style />
    [36m<div[39m
      [33mclass[39m=[32m"course-pool-scrollable container"[39m
      [33mdata-testid[39m=[32m"scroll-courses"[39m
    [36m>[39m
      [36m<div[39m
        [33mclass[39m=[32m"row"[39m
      [36m>[39m
        [36m<div[39m
          [33mclass[39m=[32m"col"[39m
        [36m>[39m
          [0m [0m
          [36m<p>[39m
            [0mCISC 604[0m
            [0m : [0m
            [0mLogic in Computer Science[0m
          [36m</p>[39m
        [36m</div>[39m
        [36m<div[39m
          [33mclass[39m=[32m"col-md-auto"[39m
        [36m>[39m
          [36m<p>[39m
            [36m<button[39m
              [33maria-controls[39m=[32m"collapseExample"[39m
              [33maria-expanded[39m=[32m"false"[39m
              [33mclass[39m=[32m"btn default"[39m
              [33mdata-bs-target[39m=[32m"#collapseExample"[39m
              [33mdata-bs-toggle[39m=[32m"collapse"[39m
              [33mtype[39m=[32m"button"[39m
            [36m>[39m
              [0m see course info[0m
              [36m<i[39m
                [33mclass[39m=[32m"bi bi-plus-lg"[39m
              [36m/>[39m
            [36m</button>[39m
          [36m</p>[39m
        [36m</div>[39m
      [36m</div>[39m
      [36m<div[39m
        [33mclass[39m=[32m"row"[39m
      [36m>[39m
        [36m<div[39m
          [33mclass[39m=[32m"col"[39m
        [36m>[39m
          [36m<div[39m
            [33mclass[39m=[32m"collapse hide"[39m
            [33mid[39m=[32m"course-info-collapse"[39m
          [36m>[39m
            [36m<div[39m
              [33mclass[39m=[32m"card card-body"[39m
            [36m>[39m
              [36m<h6>[39m
                [0mCredits: [0m
                [0m 3[0m
              [36m</h6>[39m
              [36m<h6>[39m
                [0mDescription: [0m
                [0mFormal introduction to first-order logic with emphasis on its relevance to computer science. Syntax, semantics, models, formal proofs and results on soundness, consistency, completeness, compactness and undecidability. Automated theorem proving also covered.[0m
              [36m</h6>[39m
              [36m<h6>[39m
                [0mPrerequisites: [0m
                [0mCISC304 equivalent.[0m
              [36m</h6>[39m
            [36m</div>[39m
          [36m</div>[39m
        [36m</div>[39m
      [36m</div>[39m
    [36m</div>[39m

    Ignored nodes: comments, <script />, <style />
    [36m<div[39m
      [33mclass[39m=[32m"course-pool-scrollable container"[39m
      [33mdata-testid[39m=[32m"scroll-courses"[39m
    [36m>[39m
      [36m<div[39m
        [33mclass[39m=[32m"row"[39m
      [36m>[39m
        [36m<div[39m
          [33mclass[39m=[32m"col"[39m
        [36m>[39m
          [0m [0m
          [36m<p>[39m
            [0mCISC 605[0m
            [0m : [0m
            [0mComputer Science Principles[0m
          [36m</p>[39m
        [36m</div>[39m
        [36m<div[39m
          [33mclass[39m=[32m"col-md-auto"[39m
        [36m>[39m
          [36m<p>[39m
            [36m<button[39m
              [33maria-controls[39m=[32m"collapseExample"[39m
              [33maria-expanded[39m=[32m"false"[39m
              [33mclass[39m=[32m"btn default"[39m
              [33mdata-bs-target[39m=[32m"#collapseExample"[39m
              [33mdata-bs-toggle[39m=[32m"collapse"[39m
              [33mtype[39m=[32m"button"[39m
            [36m>[39m
              [0m see course info[0m
              [36m<i[39m
                [33mclass[39m=[32m"bi bi-plus-lg"[39m
              [36m/>[39m
            [36m</button>[39m
          [36m</p>[39m
        [36m</div>[39m
      [36m</div>[39m
      [36m<div[39m
        [33mclass[39m=[32m"row"[39m
      [36m>[39m
        [36m<div[39m
          [33mclass[39m=[32m"col"[39m
        [36m>[39m
          [36m<div[39m
            [33mclass[39m=[32m"collapse hide"[39m
            [33mid[39m=[32m"course-info-collapse"[39m
          [36m>[39m
            [36m<div[39m
              [33mclass[39m=[32m"card card-body"[39m
            [36m>[39m
              [36m<h6>[39m
                [0mCredits: [0m
                [0m 3[0m
              [36m</h6>[39m
              [36m<h6>[39m
                [0mDescription: [0m
                [0mIntroduction to computing as a creative activity for broad participation. Engages in computational thinking activities: abstraction, data and information, algorithms, programming, internet, and global impact of computing. Empowers students to apply computing to all disciplines including arts, humanities, business, sciences, health, and education.[0m
              [36m</h6>[39m
              [36m<h6>[39m
                [0mPrerequisites: none[0m
              [36m</h6>[39m
            [36m</div>[39m
          [36m</div>[39m
        [36m</div>[39m
      [36m</div>[39m
    [36m</div>[39m

    Ignored nodes: comments, <script />, <style />
    [36m<div[39m
      [33mclass[39m=[32m"course-pool-scrollable container"[39m
      [33mdata-testid[39m=[32m"scroll-courses"[39m
    [36m>[39m
      [36m<div[39m
        [33mclass[39m=[32m"row"[39m
      [36m>[39m
        [36m<div[39m
          [33mclass[39m=[32m"col"[39m
        [36m>[39m
          [0m [0m
          [36m<p>[39m
            [0mCISC 606[0m
            [0m : [0m
            [0mFoundations in Programming[0m
          [36m</p>[39m
        [36m</div>[39m
        [36m<div[39m
          [33mclass[39m=[32m"col-md-auto"[39m
        [36m>[39m
          [36m<p>[39m
            [36m<button[39m
              [33maria-controls[39m=[32m"collapseExample"[39m
              [33maria-expanded[39m=[32m"false"[39m
              [33mclass[39m=[32m"btn default"[39m
              [33mdata-bs-target[39m=[32m"#collapseExample"[39m
              [33mdata-bs-toggle[39m=[32m"collapse"[39m
              [33mtype[39m=[32m"button"[39m
            [36m>[39m
              [0m see course info[0m
              [36m<i[39m
                [33mclass[39m=[32m"bi bi-plus-lg"[39m
              [36m/>[39m
            [36m</button>[39m
          [36m</p>[39m
        [36m</div>[39m
      [36m</div>[39m
      [36m<div[39m
        [33mclass[39m=[32m"row"[39m
      [36m>[39m
        [36m<div[39m
          [33mclass[39m=[32m"col"[39m
        [36m>[39m
          [36m<div[39m
            [33mclass[39m=[32m"collapse hide"[39m
            [33mid[39m=[32m"course-info-collapse"[39m
          [36m>[39m
            [36m<div[39m
              [33mclass[39m=[32m"card card-body"[39m
            [36m>[39m
              [36m<h6>[39m
                [0mCredits: [0m
                [0m 3[0m
              [36m</h6>[39m
              [36m<h6>[39m
                [0mDescription: [0m
                [0mIntroduction to the concepts and practice of programming for graduate students with minimal to no prior experience in programming, to prepare to teach programming, use programming in another field of study, or gain skills for graduate study in a computer science-related field.[0m
              [36m</h6>[39m
              [36m<h6>[39m
                [0mPrerequisites: none[0m
              [36m</h6>[39m
            [36m</div>[39m
          [36m</div>[39m
        [36m</div>[39m
      [36m</div>[39m
    [36m</div>[39m

    Ignored nodes: comments, <script />, <style />
    [36m<div[39m
      [33mclass[39m=[32m"course-pool-scrollable container"[39m
      [33mdata-testid[39m=[32m"scroll-courses"[39m
    [36m>[39m
      [36m<div[39m
        [33mclass[39m=[32m"row"[39m
      [36m>[39m
        [36m<div[39m
          [33mclass[39m=[32m"col"[39m
        [36m>[39m
          [0m [0m
          [36m<p>[39m
            [0mCISC 611[0m
            [0m : [0m
            [0mSoftware Process Management[0m
          [36m</p>[39m
        [36m</div>[39m
        [36m<div[39m
          [33mclass[39m=[32m"col-md-auto"[39m
        [36m>[39m
          [36m<p>[39m
            [36m<button[39m
              [33maria-controls[39m=[32m"collapseExample"[39m
              [33maria-expanded[39m=[32m"false"[39m
              [33mclass[39m=[32m"btn default"[39m
              [33mdata-bs-target[39m=[32m"#collapseExample"[39m
              [33mdata-bs-toggle[39m=[32m"collapse"[39m
              [33mtype[39m=[32m"button"[39m
            [36m>[39m
              [0m see course info[0m
              [36m<i[39m
                [33mclass[39m=[32m"bi bi-plus-lg"[39m
              [36m/>[39m
            [36m</button>[39m
          [36m</p>[39m
        [36m</div>[39m
      [36m</div>[39m
      [36m<div[39m
        [33mclass[39m=[32m"row"[39m
      [36m>[39m
        [36m<div[39m
          [33mclass[39m=[32m"col"[39m
        [36m>[39m
          [36m<div[39m
            [33mclass[39m=[32m"collapse hide"[39m
            [33mid[39m=[32m"course-info-collapse"[39m
          [36m>[39m
            [36m<div[39m
              [33mclass[39m=[32m"card card-body"[39m
            [36m>[39m
              [36m<h6>[39m
                [0mCredits: [0m
                [0m 3[0m
              [36m</h6>[39m
              [36m<h6>[39m
                [0mDescription: [0m
                [0mSoftware management studies processes and concepts for planning and monitoring all software life-cycle phases. Topics include management models and structures, project planning including scheduling, effort estimation and risk management, project personnel and organization, project control (monitoring, measurement, correction and performance standards), software configuration management, and process description languages and tools.[0m
              [36m</h6>[39m
              [36m<h6>[39m
                [0mPrerequisites: none[0m
              [36m</h6>[39m
            [36m</div>[39m
          [36m</div>[39m
        [36m</div>[39m
      [36m</div>[39m
    [36m</div>[39m

    Ignored nodes: comments, <script />, <style />
    [36m<div[39m
      [33mclass[39m=[32m"course-pool-scrollable container"[39m
      [33mdata-testid[39m=[32m"scroll-courses"[39m
    [36m>[39m
      [36m<div[39m
        [33mclass[39m=[32m"row"[39m
      [36m>[39m
        [36m<div[39m
          [33mclass[39m=[32m"col"[39m
        [36m>[39m
          [0m [0m
          [36m<p>[39m
            [0mCISC 612[0m
            [0m : [0m
            [0mSoftware Design[0m
          [36m</p>[39m
        [36m</div>[39m
        [36m<div[39m
          [33mclass[39m=[32m"col-md-auto"[39m
        [36m>[39m
          [36m<p>[39m
            [36m<button[39m
              [33maria-controls[39m=[32m"collapseExample"[39m
              [33maria-expanded[39m=[32m"false"[39m
              [33mclass[39m=[32m"btn default"[39m
              [33mdata-bs-target[39m=[32m"#collapseExample"[39m
              [33mdata-bs-toggle[39m=[32m"collapse"[39m
              [33mtype[39m=[32m"button"[39m
            [36m>[39m
              [0m see course info[0m
              [36m<i[39m
                [33mclass[39m=[32m"bi bi-plus-lg"[39m
              [36m/>[39m
            [36m</button>[39m
          [36m</p>[39m
        [36m</div>[39m
      [36m</div>[39m
      [36m<div[39m
        [33mclass[39m=[32m"row"[39m
      [36m>[39m
        [36m<div[39m
          [33mclass[39m=[32m"col"[39m
        [36m>[39m
          [36m<div[39m
            [33mclass[39m=[32m"collapse hide"[39m
            [33mid[39m=[32m"course-info-collapse"[39m
          [36m>[39m
            [36m<div[39m
              [33mclass[39m=[32m"card card-body"[39m
            [36m>[39m
              [36m<h6>[39m
                [0mCredits: [0m
                [0m 3[0m
              [36m</h6>[39m
              [36m<h6>[39m
                [0mDescription: [0m
                [0mKey software design concepts are introduced. Topics include basic design concepts, principles of good design, design strategies, software architecture and styles of architectural design, and design and architectural notations and languages. Detailed design, including design patterns and component design are also covered. Implementation issues that affect the design, including design support tools and tools for analyzing designs are discussed.[0m
              [36m</h6>[39m
              [36m<h6>[39m
                [0mPrerequisites: none[0m
              [36m</h6>[39m
            [36m</div>[39m
          [36m</div>[39m
        [36m</div>[39m
      [36m</div>[39m
    [36m</div>[39m

    Ignored nodes: comments, <script />, <style />
    [36m<div[39m
      [33mclass[39m=[32m"course-pool-scrollable container"[39m
      [33mdata-testid[39m=[32m"scroll-courses"[39m
    [36m>[39m
      [36m<div[39m
        [33mclass[39m=[32m"row"[39m
      [36m>[39m
        [36m<div[39m
          [33mclass[39m=[32m"col"[39m
        [36m>[39m
          [0m [0m
          [36m<p>[39m
            [0mCISC 613[0m
            [0m : [0m
            [0mSoftware Requirements Engineering[0m
          [36m</p>[39m
        [36m</div>[39m
        [36m<div[39m
          [33mclass[39m=[32m"col-md-auto"[39m
        [36m>[39m
          [36m<p>[39m
            [36m<button[39m
              [33maria-controls[39m=[32m"collapseExample"[39m
              [33maria-expanded[39m=[32m"false"[39m
              [33mclass[39m=[32m"btn default"[39m
              [33mdata-bs-target[39m=[32m"#collapseExample"[39m
              [33mdata-bs-toggle[39m=[32m"collapse"[39m
              [33mtype[39m=[32m"button"[39m
            [36m>[39m
              [0m see course info[0m
              [36m<i[39m
                [33mclass[39m=[32m"bi bi-plus-lg"[39m
              [36m/>[39m
            [36m</button>[39m
          [36m</p>[39m
        [36m</div>[39m
      [36m</div>[39m
      [36m<div[39m
        [33mclass[39m=[32m"row"[39m
      [36m>[39m
        [36m<div[39m
          [33mclass[39m=[32m"col"[39m
        [36m>[39m
          [36m<div[39m
            [33mclass[39m=[32m"collapse hide"[39m
            [33mid[39m=[32m"course-info-collapse"[39m
          [36m>[39m
            [36m<div[39m
              [33mclass[39m=[32m"card card-body"[39m
            [36m>[39m
              [36m<h6>[39m
                [0mCredits: [0m
                [0m 3[0m
              [36m</h6>[39m
              [36m<h6>[39m
                [0mDescription: [0m
                [0mRigorous methods to elicit, analyze, and specify the requirements of a software system. The tasks range from identifying stakeholders and their goals producing a precise software specification document. Topics may include data flow diagrams, use cases, UML sequence and collaboration diagrams, finite state machines, requirements for real-time and concurrent systems, entity-relationship diagrams, and logic-based specifications, as well as the analysis of specifications for consistency and completeness.[0m
              [36m</h6>[39m
              [36m<h6>[39m
                [0mPrerequisites: none[0m
              [36m</h6>[39m
            [36m</div>[39m
          [36m</div>[39m
        [36m</div>[39m
      [36m</div>[39m
    [36m</div>[39m

    Ignored nodes: comments, <script />, <style />
    [36m<div[39m
      [33mclass[39m=[32m"course-pool-scrollable container"[39m
      [33mdata-testid[39m=[32m"scroll-courses"[39m
    [36m>[39m
      [36m<div[39m
        [33mclass[39m=[32m"row"[39m
      [36m>[39m
        [36m<div[39m
          [33mclass[39m=[32m"col"[39m
        [36m>[39m
          [0m [0m
          [36m<p>[39m
            [0mCISC 614[0m
            [0m : [0m
            [0mFormal Methods in Software Engineering[0m
          [36m</p>[39m
        [36m</div>[39m
        [36m<div[39m
          [33mclass[39m=[32m"col-md-auto"[39m
        [36m>[39m
          [36m<p>[39m
            [36m<button[39m
              [33maria-controls[39m=[32m"collapseExample"[39m
              [33maria-expanded[39m=[32m"false"[39m
              [33mclass[39m=[32m"btn default"[39m
              [33mdata-bs-target[39m=[32m"#collapseExample"[39m
              [33mdata-bs-toggle[39m=[32m"collapse"[39m
              [33mtype[39m=[32m"button"[39m
            [36m>[39m
              [0m see course info[0m
              [36m<i[39m
                [33mclass[39m=[32m"bi bi-plus-lg"[39m
              [36m/>[39m
            [36m</button>[39m
          [36m</p>[39m
        [36m</div>[39m
      [36m</div>[39m
      [36m<div[39m
        [33mclass[39m=[32m"row"[39m
      [36m>[39m
        [36m<div[39m
          [33mclass[39m=[32m"col"[39m
        [36m>[39m
          [36m<div[39m
            [33mclass[39m=[32m"collapse hide"[39m
            [33mid[39m=[32m"course-info-collapse"[39m
          [36m>[39m
            [36m<div[39m
              [33mclass[39m=[32m"card card-body"[39m
            [36m>[39m
              [36m<h6>[39m
                [0mCredits: [0m
                [0m 3[0m
              [36m</h6>[39m
              [36m<h6>[39m
                [0mDescription: [0m
                [0mFormal approaches to the specification, verification, and design of software systems. Topics include representing programs as transition systems; liveness and safety properties; state space reachability; explicit, symbolic and automata-based model checking; temporal logics; symbolic execution; automated theorem-proving; and relational calculus. Learn to use state-of-the-art tools based on these methods, such as the model checker Spin.[0m
              [36m</h6>[39m
              [36m<h6>[39m
                [0mPrerequisites: none[0m
              [36m</h6>[39m
            [36m</div>[39m
          [36m</div>[39m
        [36m</div>[39m
      [36m</div>[39m
    [36m</div>[39m

    Ignored nodes: comments, <script />, <style />
    [36m<div[39m
      [33mclass[39m=[32m"course-pool-scrollable container"[39m
      [33mdata-testid[39m=[32m"scroll-courses"[39m
    [36m>[39m
      [36m<div[39m
        [33mclass[39m=[32m"row"[39m
      [36m>[39m
        [36m<div[39m
          [33mclass[39m=[32m"col"[39m
        [36m>[39m
          [0m [0m
          [36m<p>[39m
            [0mCISC 615[0m
            [0m : [0m
            [0mSoftware Testing and Maintenance[0m
          [36m</p>[39m
        [36m</div>[39m
        [36m<div[39m
          [33mclass[39m=[32m"col-md-auto"[39m
        [36m>[39m
          [36m<p>[39m
            [36m<button[39m
              [33maria-controls[39m=[32m"collapseExample"[39m
              [33maria-expanded[39m=[32m"false"[39m
              [33mclass[39m=[32m"btn default"[39m
              [33mdata-bs-target[39m=[32m"#collapseExample"[39m
              [33mdata-bs-toggle[39m=[32m"collapse"[39m
              [33mtype[39m=[32m"button"[39m
            [36m>[39m
              [0m see course info[0m
              [36m<i[39m
                [33mclass[39m=[32m"bi bi-plus-lg"[39m
              [36m/>[39m
            [36m</button>[39m
          [36m</p>[39m
        [36m</div>[39m
      [36m</div>[39m
      [36m<div[39m
        [33mclass[39m=[32m"row"[39m
      [36m>[39m
        [36m<div[39m
          [33mclass[39m=[32m"col"[39m
        [36m>[39m
          [36m<div[39m
            [33mclass[39m=[32m"collapse hide"[39m
            [33mid[39m=[32m"course-info-collapse"[39m
          [36m>[39m
            [36m<div[39m
              [33mclass[39m=[32m"card card-body"[39m
            [36m>[39m
              [36m<h6>[39m
                [0mCredits: [0m
                [0m 3[0m
              [36m</h6>[39m
              [36m<h6>[39m
                [0mDescription: [0m
                [0mStudy of software testing and maintenance methodologies for modern software. Topics include approaches to automatic test case generation, test oracles, test coverage analysis, regression testing, program understanding, and software maintenance tools. A primary focus will be automation in software testing and maintenance approaches.[0m
              [36m</h6>[39m
              [36m<h6>[39m
                [0mPrerequisites: none[0m
              [36m</h6>[39m
            [36m</div>[39m
          [36m</div>[39m
        [36m</div>[39m
      [36m</div>[39m
    [36m</div>[39m

    Ignored nodes: comments, <script />, <style />
    [36m<div[39m
      [33mclass[39m=[32m"course-pool-scrollable container"[39m
      [33mdata-testid[39m=[32m"scroll-courses"[39m
    [36m>[39m
      [36m<div[39m
        [33mclass[39m=[32m"row"[39m
      [36m>[39m
        [36m<div[39m
          [33mclass[39m=[32m"col"[39m
        [36m>[39m
          [0m [0m
          [36m<p>[39m
            [0mCISC 621[0m
            [0m : [0m
            [0mAlgorithm Design and Analysis[0m
          [36m</p>[39m
        [36m</div>[39m
        [36m<div[39m
          [33mclass[39m=[32m"col-md-auto"[39m
        [36m>[39m
          [36m<p>[39m
            [36m<button[39m
              [33maria-controls[39m=[32m"collapseExample"[39m
              [33maria-expanded[39m=[32m"false"[39m
              [33mclass[39m=[32m"btn default"[39m
              [33mdata-bs-target[39m=[32m"#collapseExample"[39m
              [33mdata-bs-toggle[39m=[32m"collapse"[39m
              [33mtype[39m=[32m"button"[39m
            [36m>[39m
              [0m see course info[0m
              [36m<i[39m
                [33mclass[39m=[32m"bi bi-plus-lg"[39m
              [36m/>[39m
            [36m</button>[39m
          [36m</p>[39m
        [36m</div>[39m
      [36m</div>[39m
      [36m<div[39m
        [33mclass[39m=[32m"row"[39m
      [36m>[39m
        [36m<div[39m
          [33mclass[39m=[32m"col"[39m
        [36m>[39m
          [36m<div[39m
            [33mclass[39m=[32m"collapse hide"[39m
            [33mid[39m=[32m"course-info-collapse"[39m
          [36m>[39m
            [36m<div[39m
              [33mclass[39m=[32m"card card-body"[39m
            [36m>[39m
              [36m<h6>[39m
                [0mCredits: [0m
                [0m 3[0m
              [36m</h6>[39m
              [36m<h6>[39m
                [0mDescription: [0m
                [0mEmphasis on developing expertise in the design and analysis of algorithms. Equal importance given to techniques and specific algorithms. Particular topics include advanced data structures, graph algorithms, disjoint set manipulation, sorting and selection, amortized analysis, NP-completeness, and matrix and polynomial multiplication.[0m
              [36m</h6>[39m
              [36m<h6>[39m
                [0mPrerequisites: [0m
                [0mUndergraduate algorithms and discrete math courses[0m
              [36m</h6>[39m
            [36m</div>[39m
          [36m</div>[39m
        [36m</div>[39m
      [36m</div>[39m
    [36m</div>[39m

    Ignored nodes: comments, <script />, <style />
    [36m<div[39m
      [33mclass[39m=[32m"course-pool-scrollable container"[39m
      [33mdata-testid[39m=[32m"scroll-courses"[39m
    [36m>[39m
      [36m<div[39m
        [33mclass[39m=[32m"row"[39m
      [36m>[39m
        [36m<div[39m
          [33mclass[39m=[32m"col"[39m
        [36m>[39m
          [0m [0m
          [36m<p>[39m
            [0mCISC 636[0m
            [0m : [0m
            [0mComputational Biology and Bioinformatics[0m
          [36m</p>[39m
        [36m</div>[39m
        [36m<div[39m
          [33mclass[39m=[32m"col-md-auto"[39m
        [36m>[39m
          [36m<p>[39m
            [36m<button[39m
              [33maria-controls[39m=[32m"collapseExample"[39m
              [33maria-expanded[39m=[32m"false"[39m
              [33mclass[39m=[32m"btn default"[39m
              [33mdata-bs-target[39m=[32m"#collapseExample"[39m
              [33mdata-bs-toggle[39m=[32m"collapse"[39m
              [33mtype[39m=[32m"button"[39m
            [36m>[39m
              [0m see course info[0m
              [36m<i[39m
                [33mclass[39m=[32m"bi bi-plus-lg"[39m
              [36m/>[39m
            [36m</button>[39m
          [36m</p>[39m
        [36m</div>[39m
      [36m</div>[39m
      [36m<div[39m
        [33mclass[39m=[32m"row"[39m
      [36m>[39m
        [36m<div[39m
          [33mclass[39m=[32m"col"[39m
        [36m>[39m
          [36m<div[39m
            [33mclass[39m=[32m"collapse hide"[39m
            [33mid[39m=[32m"course-info-collapse"[39m
          [36m>[39m
            [36m<div[39m
              [33mclass[39m=[32m"card card-body"[39m
            [36m>[39m
              [36m<h6>[39m
                [0mCredits: [0m
                [0m 3[0m
              [36m</h6>[39m
              [36m<h6>[39m
                [0mDescription: [0m
                [0mConcepts, methodologies, and tools in bioinformatics. Abstraction of biological problems for computational solutions. Genome sequencing and assembly, bio-sequence analysis and comparison and database search, dynamics programming, hidden Markov models, and phylogenetic trees.[0m
              [36m</h6>[39m
              [36m<h6>[39m
                [0mPrerequisites: [0m
                [0mCISC220 or permission of instructor.[0m
              [36m</h6>[39m
            [36m</div>[39m
          [36m</div>[39m
        [36m</div>[39m
      [36m</div>[39m
    [36m</div>[39m

    Ignored nodes: comments, <script />, <style />
    [36m<div[39m
      [33mclass[39m=[32m"course-pool-scrollable container"[39m
      [33mdata-testid[39m=[32m"scroll-courses"[39m
    [36m>[39m
      [36m<div[39m
        [33mclass[39m=[32m"row"[39m
      [36m>[39m
        [36m<div[39m
          [33mclass[39m=[32m"col"[39m
        [36m>[39m
          [0m [0m
          [36m<p>[39m
            [0mCISC 637[0m
            [0m : [0m
            [0mDatabase Systems[0m
          [36m</p>[39m
        [36m</div>[39m
        [36m<div[39m
          [33mclass[39m=[32m"col-md-auto"[39m
        [36m>[39m
          [36m<p>[39m
            [36m<button[39m
              [33maria-controls[39m=[32m"collapseExample"[39m
              [33maria-expanded[39m=[32m"false"[39m
              [33mclass[39m=[32m"btn default"[39m
              [33mdata-bs-target[39m=[32m"#collapseExample"[39m
              [33mdata-bs-toggle[39m=[32m"collapse"[39m
              [33mtype[39m=[32m"button"[39m
            [36m>[39m
              [0m see course info[0m
              [36m<i[39m
                [33mclass[39m=[32m"bi bi-plus-lg"[39m
              [36m/>[39m
            [36m</button>[39m
          [36m</p>[39m
        [36m</div>[39m
      [36m</div>[39m
      [36m<div[39m
        [33mclass[39m=[32m"row"[39m
      [36m>[39m
        [36m<div[39m
          [33mclass[39m=[32m"col"[39m
        [36m>[39m
          [36m<div[39m
            [33mclass[39m=[32m"collapse hide"[39m
            [33mid[39m=[32m"course-info-collapse"[39m
          [36m>[39m
            [36m<div[39m
              [33mclass[39m=[32m"card card-body"[39m
            [36m>[39m
              [36m<h6>[39m
                [0mCredits: [0m
                [0m 3[0m
              [36m</h6>[39m
              [36m<h6>[39m
                [0mDescription: [0m
                [0mPhysical and logical organization of databases. Data retrieval languages, relational database languages, security and integrity, concurrency, distributed databases.[0m
              [36m</h6>[39m
              [36m<h6>[39m
                [0mPrerequisites: [0m
                [0mCISC220 or equivalent.[0m
              [36m</h6>[39m
            [36m</div>[39m
          [36m</div>[39m
        [36m</div>[39m
      [36m</div>[39m
    [36m</div>[39m

    Ignored nodes: comments, <script />, <style />
    [36m<div[39m
      [33mclass[39m=[32m"course-pool-scrollable container"[39m
      [33mdata-testid[39m=[32m"scroll-courses"[39m
    [36m>[39m
      [36m<div[39m
        [33mclass[39m=[32m"row"[39m
      [36m>[39m
        [36m<div[39m
          [33mclass[39m=[32m"col"[39m
        [36m>[39m
          [0m [0m
          [36m<p>[39m
            [0mCISC 640[0m
            [0m : [0m
            [0mComputer Graphics[0m
          [36m</p>[39m
        [36m</div>[39m
        [36m<div[39m
          [33mclass[39m=[32m"col-md-auto"[39m
        [36m>[39m
          [36m<p>[39m
            [36m<button[39m
              [33maria-controls[39m=[32m"collapseExample"[39m
              [33maria-expanded[39m=[32m"false"[39m
              [33mclass[39m=[32m"btn default"[39m
              [33mdata-bs-target[39m=[32m"#collapseExample"[39m
              [33mdata-bs-toggle[39m=[32m"collapse"[39m
              [33mtype[39m=[32m"button"[39m
            [36m>[39m
              [0m see course info[0m
              [36m<i[39m
                [33mclass[39m=[32m"bi bi-plus-lg"[39m
              [36m/>[39m
            [36m</button>[39m
          [36m</p>[39m
        [36m</div>[39m
      [36m</div>[39m
      [36m<div[39m
        [33mclass[39m=[32m"row"[39m
      [36m>[39m
        [36m<div[39m
          [33mclass[39m=[32m"col"[39m
        [36m>[39m
          [36m<div[39m
            [33mclass[39m=[32m"collapse hide"[39m
            [33mid[39m=[32m"course-info-collapse"[39m
          [36m>[39m
            [36m<div[39m
              [33mclass[39m=[32m"card card-body"[39m
            [36m>[39m
              [36m<h6>[39m
                [0mCredits: [0m
                [0m 3[0m
              [36m</h6>[39m
              [36m<h6>[39m
                [0mDescription: [0m
                [0mComputer graphics technology, two- and three-dimensional systems, graphics software systems, modeling and object hierarchy, and animation.[0m
              [36m</h6>[39m
              [36m<h6>[39m
                [0mPrerequisites: [0m
                [0mCISC220 or equivalent.[0m
              [36m</h6>[39m
            [36m</div>[39m
          [36m</div>[39m
        [36m</div>[39m
      [36m</div>[39m
    [36m</div>[39m

    Ignored nodes: comments, <script />, <style />
    [36m<div[39m
      [33mclass[39m=[32m"course-pool-scrollable container"[39m
      [33mdata-testid[39m=[32m"scroll-courses"[39m
    [36m>[39m
      [36m<div[39m
        [33mclass[39m=[32m"row"[39m
      [36m>[39m
        [36m<div[39m
          [33mclass[39m=[32m"col"[39m
        [36m>[39m
          [0m [0m
          [36m<p>[39m
            [0mCISC 642[0m
            [0m : [0m
            [0mIntroduction to Computer Vision[0m
          [36m</p>[39m
        [36m</div>[39m
        [36m<div[39m
          [33mclass[39m=[32m"col-md-auto"[39m
        [36m>[39m
          [36m<p>[39m
            [36m<button[39m
              [33maria-controls[39m=[32m"collapseExample"[39m
              [33maria-expanded[39m=[32m"false"[39m
              [33mclass[39m=[32m"btn default"[39m
              [33mdata-bs-target[39m=[32m"#collapseExample"[39m
              [33mdata-bs-toggle[39m=[32m"collapse"[39m
              [33mtype[39m=[32m"button"[39m
            [36m>[39m
              [0m see course info[0m
              [36m<i[39m
                [33mclass[39m=[32m"bi bi-plus-lg"[39m
              [36m/>[39m
            [36m</button>[39m
          [36m</p>[39m
        [36m</div>[39m
      [36m</div>[39m
      [36m<div[39m
        [33mclass[39m=[32m"row"[39m
      [36m>[39m
        [36m<div[39m
          [33mclass[39m=[32m"col"[39m
        [36m>[39m
          [36m<div[39m
            [33mclass[39m=[32m"collapse hide"[39m
            [33mid[39m=[32m"course-info-collapse"[39m
          [36m>[39m
            [36m<div[39m
              [33mclass[39m=[32m"card card-body"[39m
            [36m>[39m
              [36m<h6>[39m
                [0mCredits: [0m
                [0m 3[0m
              [36m</h6>[39m
              [36m<h6>[39m
                [0mDescription: [0m
                [0mAn introduction to the analysis of images and video in order to recognize, reconstruct, model, and otherwise infer static and dynamic properties of objects in the three-dimensional world. Studies the geometry of image formation; basic concepts in image processing such as smoothing, edge and feature detection, color, and texture; segmentation; shape representation including deformable templates; stereo vision; motion estimation and tracking; techniques for 3-D reconstruction; image registration methods.[0m
              [36m</h6>[39m
              [36m<h6>[39m
                [0mPrerequisites: [0m
                [0mCISC220 equivalent[0m
              [36m</h6>[39m
            [36m</div>[39m
          [36m</div>[39m
        [36m</div>[39m
      [36m</div>[39m
    [36m</div>[39m

    Ignored nodes: comments, <script />, <style />
    [36m<div[39m
      [33mclass[39m=[32m"course-pool-scrollable container"[39m
      [33mdata-testid[39m=[32m"scroll-courses"[39m
    [36m>[39m
      [36m<div[39m
        [33mclass[39m=[32m"row"[39m
      [36m>[39m
        [36m<div[39m
          [33mclass[39m=[32m"col"[39m
        [36m>[39m
          [0m [0m
          [36m<p>[39m
            [0mCISC 649[0m
            [0m : [0m
            [0mTopics in Computer Applications[0m
          [36m</p>[39m
        [36m</div>[39m
        [36m<div[39m
          [33mclass[39m=[32m"col-md-auto"[39m
        [36m>[39m
          [36m<p>[39m
            [36m<button[39m
              [33maria-controls[39m=[32m"collapseExample"[39m
              [33maria-expanded[39m=[32m"false"[39m
              [33mclass[39m=[32m"btn default"[39m
              [33mdata-bs-target[39m=[32m"#collapseExample"[39m
              [33mdata-bs-toggle[39m=[32m"collapse"[39m
              [33mtype[39m=[32m"button"[39m
            [36m>[39m
              [0m see course info[0m
              [36m<i[39m
                [33mclass[39m=[32m"bi bi-plus-lg"[39m
              [36m/>[39m
            [36m</button>[39m
          [36m</p>[39m
        [36m</div>[39m
      [36m</div>[39m
      [36m<div[39m
        [33mclass[39m=[32m"row"[39m
      [36m>[39m
        [36m<div[39m
          [33mclass[39m=[32m"col"[39m
        [36m>[39m
          [36m<div[39m
            [33mclass[39m=[32m"collapse hide"[39m
            [33mid[39m=[32m"course-info-collapse"[39m
          [36m>[39m
            [36m<div[39m
              [33mclass[39m=[32m"card card-body"[39m
            [36m>[39m
              [36m<h6>[39m
                [0mCredits: [0m
                [0m 3[0m
              [36m</h6>[39m
              [36m<h6>[39m
                [0mDescription: [0m
                [0mContents will vary to coincide with the interests of students and current faculty.[0m
              [36m</h6>[39m
              [36m<h6>[39m
                [0mPrerequisites: none[0m
              [36m</h6>[39m
            [36m</div>[39m
          [36m</div>[39m
        [36m</div>[39m
      [36m</div>[39m
    [36m</div>[39m

    Ignored nodes: comments, <script />, <style />
    [36m<div[39m
      [33mclass[39m=[32m"course-pool-scrollable container"[39m
      [33mdata-testid[39m=[32m"scroll-courses"[39m
    [36m>[39m
      [36m<div[39m
        [33mclass[39m=[32m"row"[39m
      [36m>[39m
        [36m<div[39m
          [33mclass[39m=[32m"col"[39m
        [36m>[39m
          [0m [0m
          [36m<p>[39m
            [0mCISC 650[0m
            [0m : [0m
            [0mComputer Networks II[0m
          [36m</p>[39m
        [36m</div>[39m
        [36m<div[39m
          [33mclass[39m=[32m"col-md-auto"[39m
        [36m>[39m
          [36m<p>[39m
            [36m<button[39m
              [33maria-controls[39m=[32m"collapseExample"[39m
              [33maria-expanded[39m=[32m"false"[39m
              [33mclass[39m=[32m"btn default"[39m
              [33mdata-bs-target[39m=[32m"#collapseExample"[39m
              [33mdata-bs-toggle[39m=[32m"collapse"[39m
              [33mtype[39m=[32m"button"[39m
            [36m>[39m
              [0m see course info[0m
              [36m<i[39m
                [33mclass[39m=[32m"bi bi-plus-lg"[39m
              [36m/>[39m
            [36m</button>[39m
          [36m</p>[39m
        [36m</div>[39m
      [36m</div>[39m
      [36m<div[39m
        [33mclass[39m=[32m"row"[39m
      [36m>[39m
        [36m<div[39m
          [33mclass[39m=[32m"col"[39m
        [36m>[39m
          [36m<div[39m
            [33mclass[39m=[32m"collapse hide"[39m
            [33mid[39m=[32m"course-info-collapse"[39m
          [36m>[39m
            [36m<div[39m
              [33mclass[39m=[32m"card card-body"[39m
            [36m>[39m
              [36m<h6>[39m
                [0mCredits: [0m
                [0m 3[0m
              [36m</h6>[39m
              [36m<h6>[39m
                [0mDescription: [0m
                [0mFoundation principles, architectures, and techniques employed in computer and communication networks. Focuses on mechanisms used in TCP/IP protocol suite. Topics include connection management, end-to-end reliable data transfer, sliding window protocols, quality of service, flow control, congestion control, routing, LANs, framing, error control, analog versus digital transmission, packet versus circuit switching, multiplexing.[0m
              [36m</h6>[39m
              [36m<h6>[39m
                [0mPrerequisites: [0m
                [0mAn undergraduate level course in computer architecture and operating systems.[0m
              [36m</h6>[39m
            [36m</div>[39m
          [36m</div>[39m
        [36m</div>[39m
      [36m</div>[39m
    [36m</div>[39m

    Ignored nodes: comments, <script />, <style />
    [36m<div[39m
      [33mclass[39m=[32m"course-pool-scrollable container"[39m
      [33mdata-testid[39m=[32m"scroll-courses"[39m
    [36m>[39m
      [36m<div[39m
        [33mclass[39m=[32m"row"[39m
      [36m>[39m
        [36m<div[39m
          [33mclass[39m=[32m"col"[39m
        [36m>[39m
          [0m [0m
          [36m<p>[39m
            [0mCISC 653[0m
            [0m : [0m
            [0mSimulation of Computer Networks[0m
          [36m</p>[39m
        [36m</div>[39m
        [36m<div[39m
          [33mclass[39m=[32m"col-md-auto"[39m
        [36m>[39m
          [36m<p>[39m
            [36m<button[39m
              [33maria-controls[39m=[32m"collapseExample"[39m
              [33maria-expanded[39m=[32m"false"[39m
              [33mclass[39m=[32m"btn default"[39m
              [33mdata-bs-target[39m=[32m"#collapseExample"[39m
              [33mdata-bs-toggle[39m=[32m"collapse"[39m
              [33mtype[39m=[32m"button"[39m
            [36m>[39m
              [0m see course info[0m
              [36m<i[39m
                [33mclass[39m=[32m"bi bi-plus-lg"[39m
              [36m/>[39m
            [36m</button>[39m
          [36m</p>[39m
        [36m</div>[39m
      [36m</div>[39m
      [36m<div[39m
        [33mclass[39m=[32m"row"[39m
      [36m>[39m
        [36m<div[39m
          [33mclass[39m=[32m"col"[39m
        [36m>[39m
          [36m<div[39m
            [33mclass[39m=[32m"collapse hide"[39m
            [33mid[39m=[32m"course-info-collapse"[39m
          [36m>[39m
            [36m<div[39m
              [33mclass[39m=[32m"card card-body"[39m
            [36m>[39m
              [36m<h6>[39m
                [0mCredits: [0m
                [0m 3[0m
              [36m</h6>[39m
              [36m<h6>[39m
                [0mDescription: [0m
                [0mModeling and computer simulation of discrete systems using discrete event simulation techniques. Application to the performance evaluation and modeling of computer networks and networking protocols. Study and use of simulation systems such as OPNET, Qualnet, and ns-2.[0m
              [36m</h6>[39m
              [36m<h6>[39m
                [0mPrerequisites: [0m
                [0mCISC450 or CISC 650.[0m
              [36m</h6>[39m
            [36m</div>[39m
          [36m</div>[39m
        [36m</div>[39m
      [36m</div>[39m
    [36m</div>[39m

    Ignored nodes: comments, <script />, <style />
    [36m<div[39m
      [33mclass[39m=[32m"course-pool-scrollable container"[39m
      [33mdata-testid[39m=[32m"scroll-courses"[39m
    [36m>[39m
      [36m<div[39m
        [33mclass[39m=[32m"row"[39m
      [36m>[39m
        [36m<div[39m
          [33mclass[39m=[32m"col"[39m
        [36m>[39m
          [0m [0m
          [36m<p>[39m
            [0mCISC 655[0m
            [0m : [0m
            [0mCommunication Skills for CS Researchers[0m
          [36m</p>[39m
        [36m</div>[39m
        [36m<div[39m
          [33mclass[39m=[32m"col-md-auto"[39m
        [36m>[39m
          [36m<p>[39m
            [36m<button[39m
              [33maria-controls[39m=[32m"collapseExample"[39m
              [33maria-expanded[39m=[32m"false"[39m
              [33mclass[39m=[32m"btn default"[39m
              [33mdata-bs-target[39m=[32m"#collapseExample"[39m
              [33mdata-bs-toggle[39m=[32m"collapse"[39m
              [33mtype[39m=[32m"button"[39m
            [36m>[39m
              [0m see course info[0m
              [36m<i[39m
                [33mclass[39m=[32m"bi bi-plus-lg"[39m
              [36m/>[39m
            [36m</button>[39m
          [36m</p>[39m
        [36m</div>[39m
      [36m</div>[39m
      [36m<div[39m
        [33mclass[39m=[32m"row"[39m
      [36m>[39m
        [36m<div[39m
          [33mclass[39m=[32m"col"[39m
        [36m>[39m
          [36m<div[39m
            [33mclass[39m=[32m"collapse hide"[39m
            [33mid[39m=[32m"course-info-collapse"[39m
          [36m>[39m
            [36m<div[39m
              [33mclass[39m=[32m"card card-body"[39m
            [36m>[39m
              [36m<h6>[39m
                [0mCredits: [0m
                [0m 3[0m
              [36m</h6>[39m
              [36m<h6>[39m
                [0mDescription: [0m
                [0mMentored experience in writing computer science research papers, proposals, and dissertations through focused writing exercises and critiques. Practice in developing and presenting elevator talks, research posters, conference and thesis defense presentations, and research interview talks. This course is open to graduate and undergraduates.[0m
              [36m</h6>[39m
              [36m<h6>[39m
                [0mPrerequisites: [0m
                [0mOne semester of computer science research experience with an advisor and a current research project.[0m
              [36m</h6>[39m
            [36m</div>[39m
          [36m</div>[39m
        [36m</div>[39m
      [36m</div>[39m
    [36m</div>[39m

    Ignored nodes: comments, <script />, <style />
    [36m<div[39m
      [33mclass[39m=[32m"course-pool-scrollable container"[39m
      [33mdata-testid[39m=[32m"scroll-courses"[39m
    [36m>[39m
      [36m<div[39m
        [33mclass[39m=[32m"row"[39m
      [36m>[39m
        [36m<div[39m
          [33mclass[39m=[32m"col"[39m
        [36m>[39m
          [0m [0m
          [36m<p>[39m
            [0mCISC 659[0m
            [0m : [0m
            [0mTopics in Communications, Distributed Computing and Networks[0m
          [36m</p>[39m
        [36m</div>[39m
        [36m<div[39m
          [33mclass[39m=[32m"col-md-auto"[39m
        [36m>[39m
          [36m<p>[39m
            [36m<button[39m
              [33maria-controls[39m=[32m"collapseExample"[39m
              [33maria-expanded[39m=[32m"false"[39m
              [33mclass[39m=[32m"btn default"[39m
              [33mdata-bs-target[39m=[32m"#collapseExample"[39m
              [33mdata-bs-toggle[39m=[32m"collapse"[39m
              [33mtype[39m=[32m"button"[39m
            [36m>[39m
              [0m see course info[0m
              [36m<i[39m
                [33mclass[39m=[32m"bi bi-plus-lg"[39m
              [36m/>[39m
            [36m</button>[39m
          [36m</p>[39m
        [36m</div>[39m
      [36m</div>[39m
      [36m<div[39m
        [33mclass[39m=[32m"row"[39m
      [36m>[39m
        [36m<div[39m
          [33mclass[39m=[32m"col"[39m
        [36m>[39m
          [36m<div[39m
            [33mclass[39m=[32m"collapse hide"[39m
            [33mid[39m=[32m"course-info-collapse"[39m
          [36m>[39m
            [36m<div[39m
              [33mclass[39m=[32m"card card-body"[39m
            [36m>[39m
              [36m<h6>[39m
                [0mCredits: [0m
                [0m 3[0m
              [36m</h6>[39m
              [36m<h6>[39m
                [0mDescription: [0m
                [0mContents vary to coincide with the interests of students and faculty.[0m
              [36m</h6>[39m
              [36m<h6>[39m
                [0mPrerequisites: [0m
                [0mCISC 650[0m
              [36m</h6>[39m
            [36m</div>[39m
          [36m</div>[39m
        [36m</div>[39m
      [36m</div>[39m
    [36m</div>[39m

    Ignored nodes: comments, <script />, <style />
    [36m<div[39m
      [33mclass[39m=[32m"course-pool-scrollable container"[39m
      [33mdata-testid[39m=[32m"scroll-courses"[39m
    [36m>[39m
      [36m<div[39m
        [33mclass[39m=[32m"row"[39m
      [36m>[39m
        [36m<div[39m
          [33mclass[39m=[32m"col"[39m
        [36m>[39m
          [0m [0m
          [36m<p>[39m
            [0mCISC 662[0m
            [0m : [0m
            [0mComputer Systems: Architecture[0m
          [36m</p>[39m
        [36m</div>[39m
        [36m<div[39m
          [33mclass[39m=[32m"col-md-auto"[39m
        [36m>[39m
          [36m<p>[39m
            [36m<button[39m
              [33maria-controls[39m=[32m"collapseExample"[39m
              [33maria-expanded[39m=[32m"false"[39m
              [33mclass[39m=[32m"btn default"[39m
              [33mdata-bs-target[39m=[32m"#collapseExample"[39m
              [33mdata-bs-toggle[39m=[32m"collapse"[39m
              [33mtype[39m=[32m"button"[39m
            [36m>[39m
              [0m see course info[0m
              [36m<i[39m
                [33mclass[39m=[32m"bi bi-plus-lg"[39m
              [36m/>[39m
            [36m</button>[39m
          [36m</p>[39m
        [36m</div>[39m
      [36m</div>[39m
      [36m<div[39m
        [33mclass[39m=[32m"row"[39m
      [36m>[39m
        [36m<div[39m
          [33mclass[39m=[32m"col"[39m
        [36m>[39m
          [36m<div[39m
            [33mclass[39m=[32m"collapse hide"[39m
            [33mid[39m=[32m"course-info-collapse"[39m
          [36m>[39m
            [36m<div[39m
              [33mclass[39m=[32m"card card-body"[39m
            [36m>[39m
              [36m<h6>[39m
                [0mCredits: [0m
                [0m 3[0m
              [36m</h6>[39m
              [36m<h6>[39m
                [0mDescription: [0m
                [0mRecent advances in computer architecture and their impact on architectural design. Multicomputer and multiprocessor architectures. Parallel machines.[0m
              [36m</h6>[39m
              [36m<h6>[39m
                [0mPrerequisites: [0m
                [0mCISC360 or equivalent.[0m
              [36m</h6>[39m
            [36m</div>[39m
          [36m</div>[39m
        [36m</div>[39m
      [36m</div>[39m
    [36m</div>[39m

    Ignored nodes: comments, <script />, <style />
    [36m<div[39m
      [33mclass[39m=[32m"course-pool-scrollable container"[39m
      [33mdata-testid[39m=[32m"scroll-courses"[39m
    [36m>[39m
      [36m<div[39m
        [33mclass[39m=[32m"row"[39m
      [36m>[39m
        [36m<div[39m
          [33mclass[39m=[32m"col"[39m
        [36m>[39m
          [0m [0m
          [36m<p>[39m
            [0mCISC 663[0m
            [0m : [0m
            [0mOperating Systems[0m
          [36m</p>[39m
        [36m</div>[39m
        [36m<div[39m
          [33mclass[39m=[32m"col-md-auto"[39m
        [36m>[39m
          [36m<p>[39m
            [36m<button[39m
              [33maria-controls[39m=[32m"collapseExample"[39m
              [33maria-expanded[39m=[32m"false"[39m
              [33mclass[39m=[32m"btn default"[39m
              [33mdata-bs-target[39m=[32m"#collapseExample"[39m
              [33mdata-bs-toggle[39m=[32m"collapse"[39m
              [33mtype[39m=[32m"button"[39m
            [36m>[39m
              [0m see course info[0m
              [36m<i[39m
                [33mclass[39m=[32m"bi bi-plus-lg"[39m
              [36m/>[39m
            [36m</button>[39m
          [36m</p>[39m
        [36m</div>[39m
      [36m</div>[39m
      [36m<div[39m
        [33mclass[39m=[32m"row"[39m
      [36m>[39m
        [36m<div[39m
          [33mclass[39m=[32m"col"[39m
        [36m>[39m
          [36m<div[39m
            [33mclass[39m=[32m"collapse hide"[39m
            [33mid[39m=[32m"course-info-collapse"[39m
          [36m>[39m
            [36m<div[39m
              [33mclass[39m=[32m"card card-body"[39m
            [36m>[39m
              [36m<h6>[39m
                [0mCredits: [0m
                [0m 3[0m
              [36m</h6>[39m
              [36m<h6>[39m
                [0mDescription: [0m
                [0mComparison and analysis of strategies for the management of memory, processors, I/O devices and file systems.[0m
              [36m</h6>[39m
              [36m<h6>[39m
                [0mPrerequisites: [0m
                [0mCISC260 or equivalent[0m
              [36m</h6>[39m
            [36m</div>[39m
          [36m</div>[39m
        [36m</div>[39m
      [36m</div>[39m
    [36m</div>[39m

    Ignored nodes: comments, <script />, <style />
    [36m<div[39m
      [33mclass[39m=[32m"course-pool-scrollable container"[39m
      [33mdata-testid[39m=[32m"scroll-courses"[39m
    [36m>[39m
      [36m<div[39m
        [33mclass[39m=[32m"row"[39m
      [36m>[39m
        [36m<div[39m
          [33mclass[39m=[32m"col"[39m
        [36m>[39m
          [0m [0m
          [36m<p>[39m
            [0mCISC 664[0m
            [0m : [0m
            [0mIntroduction to Network Security[0m
          [36m</p>[39m
        [36m</div>[39m
        [36m<div[39m
          [33mclass[39m=[32m"col-md-auto"[39m
        [36m>[39m
          [36m<p>[39m
            [36m<button[39m
              [33maria-controls[39m=[32m"collapseExample"[39m
              [33maria-expanded[39m=[32m"false"[39m
              [33mclass[39m=[32m"btn default"[39m
              [33mdata-bs-target[39m=[32m"#collapseExample"[39m
              [33mdata-bs-toggle[39m=[32m"collapse"[39m
              [33mtype[39m=[32m"button"[39m
            [36m>[39m
              [0m see course info[0m
              [36m<i[39m
                [33mclass[39m=[32m"bi bi-plus-lg"[39m
              [36m/>[39m
            [36m</button>[39m
          [36m</p>[39m
        [36m</div>[39m
      [36m</div>[39m
      [36m<div[39m
        [33mclass[39m=[32m"row"[39m
      [36m>[39m
        [36m<div[39m
          [33mclass[39m=[32m"col"[39m
        [36m>[39m
          [36m<div[39m
            [33mclass[39m=[32m"collapse hide"[39m
            [33mid[39m=[32m"course-info-collapse"[39m
          [36m>[39m
            [36m<div[39m
              [33mclass[39m=[32m"card card-body"[39m
            [36m>[39m
              [36m<h6>[39m
                [0mCredits: [0m
                [0m 3[0m
              [36m</h6>[39m
              [36m<h6>[39m
                [0mDescription: [0m
                [0mDetailed, in-depth overview of pressing network security problems and discusses potential solutions. Covers a broad variety of security topics, such as cryptography, authentication, denial-of-service attacks, worms, viruses, etc. Lecture and optional reading provide background information on the key network security concepts, and course projects create opportunity to exercise concepts learned in class.[0m
              [36m</h6>[39m
              [36m<h6>[39m
                [0mPrerequisites: [0m
                [0mCISC450 or CISC 650.[0m
              [36m</h6>[39m
            [36m</div>[39m
          [36m</div>[39m
        [36m</div>[39m
      [36m</div>[39m
    [36m</div>[39m

    Ignored nodes: comments, <script />, <style />
    [36m<div[39m
      [33mclass[39m=[32m"course-pool-scrollable container"[39m
      [33mdata-testid[39m=[32m"scroll-courses"[39m
    [36m>[39m
      [36m<div[39m
        [33mclass[39m=[32m"row"[39m
      [36m>[39m
        [36m<div[39m
          [33mclass[39m=[32m"col"[39m
        [36m>[39m
          [0m [0m
          [36m<p>[39m
            [0mCISC 665[0m
            [0m : [0m
            [0mIntroduction to Cybersecurity[0m
          [36m</p>[39m
        [36m</div>[39m
        [36m<div[39m
          [33mclass[39m=[32m"col-md-auto"[39m
        [36m>[39m
          [36m<p>[39m
            [36m<button[39m
              [33maria-controls[39m=[32m"collapseExample"[39m
              [33maria-expanded[39m=[32m"false"[39m
              [33mclass[39m=[32m"btn default"[39m
              [33mdata-bs-target[39m=[32m"#collapseExample"[39m
              [33mdata-bs-toggle[39m=[32m"collapse"[39m
              [33mtype[39m=[32m"button"[39m
            [36m>[39m
              [0m see course info[0m
              [36m<i[39m
                [33mclass[39m=[32m"bi bi-plus-lg"[39m
              [36m/>[39m
            [36m</button>[39m
          [36m</p>[39m
        [36m</div>[39m
      [36m</div>[39m
      [36m<div[39m
        [33mclass[39m=[32m"row"[39m
      [36m>[39m
        [36m<div[39m
          [33mclass[39m=[32m"col"[39m
        [36m>[39m
          [36m<div[39m
            [33mclass[39m=[32m"collapse hide"[39m
            [33mid[39m=[32m"course-info-collapse"[39m
          [36m>[39m
            [36m<div[39m
              [33mclass[39m=[32m"card card-body"[39m
            [36m>[39m
              [36m<h6>[39m
                [0mCredits: [0m
                [0m 3[0m
              [36m</h6>[39m
              [36m<h6>[39m
                [0mDescription: [0m
                [0mIntroduction to computer and network security and covers the foundation security policies and methods to provide confidentiality, integrity, and availability, as well as cryptography, auditing, and user security. Topics are reinforced with hands-on exercises run in a virtual machine environment.[0m
              [36m</h6>[39m
              [36m<h6>[39m
                [0mPrerequisites: none[0m
              [36m</h6>[39m
            [36m</div>[39m
          [36m</div>[39m
        [36m</div>[39m
      [36m</div>[39m
    [36m</div>[39m

    Ignored nodes: comments, <script />, <style />
    [36m<div[39m
      [33mclass[39m=[32m"course-pool-scrollable container"[39m
      [33mdata-testid[39m=[32m"scroll-courses"[39m
    [36m>[39m
      [36m<div[39m
        [33mclass[39m=[32m"row"[39m
      [36m>[39m
        [36m<div[39m
          [33mclass[39m=[32m"col"[39m
        [36m>[39m
          [0m [0m
          [36m<p>[39m
            [0mCISC 666[0m
            [0m : [0m
            [0mSPECIAL PROBLEM[0m
          [36m</p>[39m
        [36m</div>[39m
        [36m<div[39m
          [33mclass[39m=[32m"col-md-auto"[39m
        [36m>[39m
          [36m<p>[39m
            [36m<button[39m
              [33maria-controls[39m=[32m"collapseExample"[39m
              [33maria-expanded[39m=[32m"false"[39m
              [33mclass[39m=[32m"btn default"[39m
              [33mdata-bs-target[39m=[32m"#collapseExample"[39m
              [33mdata-bs-toggle[39m=[32m"collapse"[39m
              [33mtype[39m=[32m"button"[39m
            [36m>[39m
              [0m see course info[0m
              [36m<i[39m
                [33mclass[39m=[32m"bi bi-plus-lg"[39m
              [36m/>[39m
            [36m</button>[39m
          [36m</p>[39m
        [36m</div>[39m
      [36m</div>[39m
      [36m<div[39m
        [33mclass[39m=[32m"row"[39m
      [36m>[39m
        [36m<div[39m
          [33mclass[39m=[32m"col"[39m
        [36m>[39m
          [36m<div[39m
            [33mclass[39m=[32m"collapse hide"[39m
            [33mid[39m=[32m"course-info-collapse"[39m
          [36m>[39m
            [36m<div[39m
              [33mclass[39m=[32m"card card-body"[39m
            [36m>[39m
              [36m<h6>[39m
                [0mCredits: [0m
                [0m 1-12[0m
              [36m</h6>[39m
              [36m<h6>[39m
                [0mDescription: [0m
                [0m[0m
              [36m</h6>[39m
              [36m<h6>[39m
                [0mPrerequisites: none[0m
              [36m</h6>[39m
            [36m</div>[39m
          [36m</div>[39m
        [36m</div>[39m
      [36m</div>[39m
    [36m</div>[39m

    Ignored nodes: comments, <script />, <style />
    [36m<div[39m
      [33mclass[39m=[32m"course-pool-scrollable container"[39m
      [33mdata-testid[39m=[32m"scroll-courses"[39m
    [36m>[39m
      [36m<div[39m
        [33mclass[39m=[32m"row"[39m
      [36m>[39m
        [36m<div[39m
          [33mclass[39m=[32m"col"[39m
        [36m>[39m
          [0m [0m
          [36m<p>[39m
            [0mCISC 667[0m
            [0m : [0m
            [0mSEMINAR[0m
          [36m</p>[39m
        [36m</div>[39m
        [36m<div[39m
          [33mclass[39m=[32m"col-md-auto"[39m
        [36m>[39m
          [36m<p>[39m
            [36m<button[39m
              [33maria-controls[39m=[32m"collapseExample"[39m
              [33maria-expanded[39m=[32m"false"[39m
              [33mclass[39m=[32m"btn default"[39m
              [33mdata-bs-target[39m=[32m"#collapseExample"[39m
              [33mdata-bs-toggle[39m=[32m"collapse"[39m
              [33mtype[39m=[32m"button"[39m
            [36m>[39m
              [0m see course info[0m
              [36m<i[39m
                [33mclass[39m=[32m"bi bi-plus-lg"[39m
              [36m/>[39m
            [36m</button>[39m
          [36m</p>[39m
        [36m</div>[39m
      [36m</div>[39m
      [36m<div[39m
        [33mclass[39m=[32m"row"[39m
      [36m>[39m
        [36m<div[39m
          [33mclass[39m=[32m"col"[39m
        [36m>[39m
          [36m<div[39m
            [33mclass[39m=[32m"collapse hide"[39m
            [33mid[39m=[32m"course-info-collapse"[39m
          [36m>[39m
            [36m<div[39m
              [33mclass[39m=[32m"card card-body"[39m
            [36m>[39m
              [36m<h6>[39m
                [0mCredits: [0m
                [0m 1-12[0m
              [36m</h6>[39m
              [36m<h6>[39m
                [0mDescription: [0m
                [0m[0m
              [36m</h6>[39m
              [36m<h6>[39m
                [0mPrerequisites: none[0m
              [36m</h6>[39m
            [36m</div>[39m
          [36m</div>[39m
        [36m</div>[39m
      [36m</div>[39m
    [36m</div>[39m

    Ignored nodes: comments, <script />, <style />
    [36m<div[39m
      [33mclass[39m=[32m"course-pool-scrollable container"[39m
      [33mdata-testid[39m=[32m"scroll-courses"[39m
    [36m>[39m
      [36m<div[39m
        [33mclass[39m=[32m"row"[39m
      [36m>[39m
        [36m<div[39m
          [33mclass[39m=[32m"col"[39m
        [36m>[39m
          [0m [0m
          [36m<p>[39m
            [0mCISC 670[0m
            [0m : [0m
            [0mProgramming Languages[0m
          [36m</p>[39m
        [36m</div>[39m
        [36m<div[39m
          [33mclass[39m=[32m"col-md-auto"[39m
        [36m>[39m
          [36m<p>[39m
            [36m<button[39m
              [33maria-controls[39m=[32m"collapseExample"[39m
              [33maria-expanded[39m=[32m"false"[39m
              [33mclass[39m=[32m"btn default"[39m
              [33mdata-bs-target[39m=[32m"#collapseExample"[39m
              [33mdata-bs-toggle[39m=[32m"collapse"[39m
              [33mtype[39m=[32m"button"[39m
            [36m>[39m
              [0m see course info[0m
              [36m<i[39m
                [33mclass[39m=[32m"bi bi-plus-lg"[39m
              [36m/>[39m
            [36m</button>[39m
          [36m</p>[39m
        [36m</div>[39m
      [36m</div>[39m
      [36m<div[39m
        [33mclass[39m=[32m"row"[39m
      [36m>[39m
        [36m<div[39m
          [33mclass[39m=[32m"col"[39m
        [36m>[39m
          [36m<div[39m
            [33mclass[39m=[32m"collapse hide"[39m
            [33mid[39m=[32m"course-info-collapse"[39m
          [36m>[39m
            [36m<div[39m
              [33mclass[39m=[32m"card card-body"[39m
            [36m>[39m
              [36m<h6>[39m
                [0mCredits: [0m
                [0m 3[0m
              [36m</h6>[39m
              [36m<h6>[39m
                [0mDescription: [0m
                [0mSelection, use and implementation of appropriate language(s) for given problems. Syntax, semantics, pragmatics, parameter passing and abstract data types.[0m
              [36m</h6>[39m
              [36m<h6>[39m
                [0mPrerequisites: [0m
                [0mCISC303 or equivalent.[0m
              [36m</h6>[39m
            [36m</div>[39m
          [36m</div>[39m
        [36m</div>[39m
      [36m</div>[39m
    [36m</div>[39m

    Ignored nodes: comments, <script />, <style />
    [36m<div[39m
      [33mclass[39m=[32m"course-pool-scrollable container"[39m
      [33mdata-testid[39m=[32m"scroll-courses"[39m
    [36m>[39m
      [36m<div[39m
        [33mclass[39m=[32m"row"[39m
      [36m>[39m
        [36m<div[39m
          [33mclass[39m=[32m"col"[39m
        [36m>[39m
          [0m [0m
          [36m<p>[39m
            [0mCISC 672[0m
            [0m : [0m
            [0mCompiler Construction[0m
          [36m</p>[39m
        [36m</div>[39m
        [36m<div[39m
          [33mclass[39m=[32m"col-md-auto"[39m
        [36m>[39m
          [36m<p>[39m
            [36m<button[39m
              [33maria-controls[39m=[32m"collapseExample"[39m
              [33maria-expanded[39m=[32m"false"[39m
              [33mclass[39m=[32m"btn default"[39m
              [33mdata-bs-target[39m=[32m"#collapseExample"[39m
              [33mdata-bs-toggle[39m=[32m"collapse"[39m
              [33mtype[39m=[32m"button"[39m
            [36m>[39m
              [0m see course info[0m
              [36m<i[39m
                [33mclass[39m=[32m"bi bi-plus-lg"[39m
              [36m/>[39m
            [36m</button>[39m
          [36m</p>[39m
        [36m</div>[39m
      [36m</div>[39m
      [36m<div[39m
        [33mclass[39m=[32m"row"[39m
      [36m>[39m
        [36m<div[39m
          [33mclass[39m=[32m"col"[39m
        [36m>[39m
          [36m<div[39m
            [33mclass[39m=[32m"collapse hide"[39m
            [33mid[39m=[32m"course-info-collapse"[39m
          [36m>[39m
            [36m<div[39m
              [33mclass[39m=[32m"card card-body"[39m
            [36m>[39m
              [36m<h6>[39m
                [0mCredits: [0m
                [0m 3[0m
              [36m</h6>[39m
              [36m<h6>[39m
                [0mDescription: [0m
                [0mAdvanced design and implementation of programming language translators. Emphasis on parsing methods, run-time, storage management techniques, code generation and optimization.[0m
              [36m</h6>[39m
              [36m<h6>[39m
                [0mPrerequisites: [0m
                [0mCISC320 or equivalent, and CISC 601 recommended.[0m
              [36m</h6>[39m
            [36m</div>[39m
          [36m</div>[39m
        [36m</div>[39m
      [36m</div>[39m
    [36m</div>[39m

    Ignored nodes: comments, <script />, <style />
    [36m<div[39m
      [33mclass[39m=[32m"course-pool-scrollable container"[39m
      [33mdata-testid[39m=[32m"scroll-courses"[39m
    [36m>[39m
      [36m<div[39m
        [33mclass[39m=[32m"row"[39m
      [36m>[39m
        [36m<div[39m
          [33mclass[39m=[32m"col"[39m
        [36m>[39m
          [0m [0m
          [36m<p>[39m
            [0mCISC 675[0m
            [0m : [0m
            [0mSoftware Engineering Principles and Practices[0m
          [36m</p>[39m
        [36m</div>[39m
        [36m<div[39m
          [33mclass[39m=[32m"col-md-auto"[39m
        [36m>[39m
          [36m<p>[39m
            [36m<button[39m
              [33maria-controls[39m=[32m"collapseExample"[39m
              [33maria-expanded[39m=[32m"false"[39m
              [33mclass[39m=[32m"btn default"[39m
              [33mdata-bs-target[39m=[32m"#collapseExample"[39m
              [33mdata-bs-toggle[39m=[32m"collapse"[39m
              [33mtype[39m=[32m"button"[39m
            [36m>[39m
              [0m see course info[0m
              [36m<i[39m
                [33mclass[39m=[32m"bi bi-plus-lg"[39m
              [36m/>[39m
            [36m</button>[39m
          [36m</p>[39m
        [36m</div>[39m
      [36m</div>[39m
      [36m<div[39m
        [33mclass[39m=[32m"row"[39m
      [36m>[39m
        [36m<div[39m
          [33mclass[39m=[32m"col"[39m
        [36m>[39m
          [36m<div[39m
            [33mclass[39m=[32m"collapse hide"[39m
            [33mid[39m=[32m"course-info-collapse"[39m
          [36m>[39m
            [36m<div[39m
              [33mclass[39m=[32m"card card-body"[39m
            [36m>[39m
              [36m<h6>[39m
                [0mCredits: [0m
                [0m 3[0m
              [36m</h6>[39m
              [36m<h6>[39m
                [0mDescription: [0m
                [0mUnderstand and apply a complete modern software engineeringprocess. Topics include requirements analysis, specification, design,implementation, verification, and project management. Real-life teamprojects cover all aspects of software development lifecycle, from requirements to acceptance testing. Use of formal methods in the specification, design, and verification of software will be explored.[0m
              [36m</h6>[39m
              [36m<h6>[39m
                [0mPrerequisites: [0m
                [0mBy permission of instructor only.[0m
              [36m</h6>[39m
            [36m</div>[39m
          [36m</div>[39m
        [36m</div>[39m
      [36m</div>[39m
    [36m</div>[39m

    Ignored nodes: comments, <script />, <style />
    [36m<div[39m
      [33mclass[39m=[32m"course-pool-scrollable container"[39m
      [33mdata-testid[39m=[32m"scroll-courses"[39m
    [36m>[39m
      [36m<div[39m
        [33mclass[39m=[32m"row"[39m
      [36m>[39m
        [36m<div[39m
          [33mclass[39m=[32m"col"[39m
        [36m>[39m
          [0m [0m
          [36m<p>[39m
            [0mCISC 681[0m
            [0m : [0m
            [0mArtificial Intelligence[0m
          [36m</p>[39m
        [36m</div>[39m
        [36m<div[39m
          [33mclass[39m=[32m"col-md-auto"[39m
        [36m>[39m
          [36m<p>[39m
            [36m<button[39m
              [33maria-controls[39m=[32m"collapseExample"[39m
              [33maria-expanded[39m=[32m"false"[39m
              [33mclass[39m=[32m"btn default"[39m
              [33mdata-bs-target[39m=[32m"#collapseExample"[39m
              [33mdata-bs-toggle[39m=[32m"collapse"[39m
              [33mtype[39m=[32m"button"[39m
            [36m>[39m
              [0m see course info[0m
              [36m<i[39m
                [33mclass[39m=[32m"bi bi-plus-lg"[39m
              [36m/>[39m
            [36m</button>[39m
          [36m</p>[39m
        [36m</div>[39m
      [36m</div>[39m
      [36m<div[39m
        [33mclass[39m=[32m"row"[39m
      [36m>[39m
        [36m<div[39m
          [33mclass[39m=[32m"col"[39m
        [36m>[39m
          [36m<div[39m
            [33mclass[39m=[32m"collapse hide"[39m
            [33mid[39m=[32m"course-info-collapse"[39m
          [36m>[39m
            [36m<div[39m
              [33mclass[39m=[32m"card card-body"[39m
            [36m>[39m
              [36m<h6>[39m
                [0mCredits: [0m
                [0m 3[0m
              [36m</h6>[39m
              [36m<h6>[39m
                [0mDescription: [0m
                [0mProgramming techniques for problems not amenable to algorithmic solutions. Problem formulation, search strategies, state spaces, applications of logic, knowledge representation, planning and application areas.[0m
              [36m</h6>[39m
              [36m<h6>[39m
                [0mPrerequisites: [0m
                [0mCISC220.[0m
              [36m</h6>[39m
            [36m</div>[39m
          [36m</div>[39m
        [36m</div>[39m
      [36m</div>[39m
    [36m</div>[39m

    Ignored nodes: comments, <script />, <style />
    [36m<div[39m
      [33mclass[39m=[32m"course-pool-scrollable container"[39m
      [33mdata-testid[39m=[32m"scroll-courses"[39m
    [36m>[39m
      [36m<div[39m
        [33mclass[39m=[32m"row"[39m
      [36m>[39m
        [36m<div[39m
          [33mclass[39m=[32m"col"[39m
        [36m>[39m
          [0m [0m
          [36m<p>[39m
            [0mCISC 682[0m
            [0m : [0m
            [0mIntroduction to Human-Computer Interaction[0m
          [36m</p>[39m
        [36m</div>[39m
        [36m<div[39m
          [33mclass[39m=[32m"col-md-auto"[39m
        [36m>[39m
          [36m<p>[39m
            [36m<button[39m
              [33maria-controls[39m=[32m"collapseExample"[39m
              [33maria-expanded[39m=[32m"false"[39m
              [33mclass[39m=[32m"btn default"[39m
              [33mdata-bs-target[39m=[32m"#collapseExample"[39m
              [33mdata-bs-toggle[39m=[32m"collapse"[39m
              [33mtype[39m=[32m"button"[39m
            [36m>[39m
              [0m see course info[0m
              [36m<i[39m
                [33mclass[39m=[32m"bi bi-plus-lg"[39m
              [36m/>[39m
            [36m</button>[39m
          [36m</p>[39m
        [36m</div>[39m
      [36m</div>[39m
      [36m<div[39m
        [33mclass[39m=[32m"row"[39m
      [36m>[39m
        [36m<div[39m
          [33mclass[39m=[32m"col"[39m
        [36m>[39m
          [36m<div[39m
            [33mclass[39m=[32m"collapse hide"[39m
            [33mid[39m=[32m"course-info-collapse"[39m
          [36m>[39m
            [36m<div[39m
              [33mclass[39m=[32m"card card-body"[39m
            [36m>[39m
              [36m<h6>[39m
                [0mCredits: [0m
                [0m 3[0m
              [36m</h6>[39m
              [36m<h6>[39m
                [0mDescription: [0m
                [0mResearch and theoretical methods for the study, design, implementation, and evaluation of effective user-interactive systems, including requirements for gathering, survey design, and rapid prototyping. Hands-on group projects supplement theoretical knowledge.[0m
              [36m</h6>[39m
              [36m<h6>[39m
                [0mPrerequisites: [0m
                [0mSoftware engineering experience.[0m
              [36m</h6>[39m
            [36m</div>[39m
          [36m</div>[39m
        [36m</div>[39m
      [36m</div>[39m
    [36m</div>[39m

    Ignored nodes: comments, <script />, <style />
    [36m<div[39m
      [33mclass[39m=[32m"course-pool-scrollable container"[39m
      [33mdata-testid[39m=[32m"scroll-courses"[39m
    [36m>[39m
      [36m<div[39m
        [33mclass[39m=[32m"row"[39m
      [36m>[39m
        [36m<div[39m
          [33mclass[39m=[32m"col"[39m
        [36m>[39m
          [0m [0m
          [36m<p>[39m
            [0mCISC 683[0m
            [0m : [0m
            [0mIntroduction to Data Mining[0m
          [36m</p>[39m
        [36m</div>[39m
        [36m<div[39m
          [33mclass[39m=[32m"col-md-auto"[39m
        [36m>[39m
          [36m<p>[39m
            [36m<button[39m
              [33maria-controls[39m=[32m"collapseExample"[39m
              [33maria-expanded[39m=[32m"false"[39m
              [33mclass[39m=[32m"btn default"[39m
              [33mdata-bs-target[39m=[32m"#collapseExample"[39m
              [33mdata-bs-toggle[39m=[32m"collapse"[39m
              [33mtype[39m=[32m"button"[39m
            [36m>[39m
              [0m see course info[0m
              [36m<i[39m
                [33mclass[39m=[32m"bi bi-plus-lg"[39m
              [36m/>[39m
            [36m</button>[39m
          [36m</p>[39m
        [36m</div>[39m
      [36m</div>[39m
      [36m<div[39m
        [33mclass[39m=[32m"row"[39m
      [36m>[39m
        [36m<div[39m
          [33mclass[39m=[32m"col"[39m
        [36m>[39m
          [36m<div[39m
            [33mclass[39m=[32m"collapse hide"[39m
            [33mid[39m=[32m"course-info-collapse"[39m
          [36m>[39m
            [36m<div[39m
              [33mclass[39m=[32m"card card-body"[39m
            [36m>[39m
              [36m<h6>[39m
                [0mCredits: [0m
                [0m 3[0m
              [36m</h6>[39m
              [36m<h6>[39m
                [0mDescription: [0m
                [0mConcepts, techniques, and algorithms for mining large data sets to discover structural patterns that can be used to make subsequent predictions. Emphasis on practical approaches and empirical evaluation. Use of a workbench of data mining tools, such as the Weka toolkit.[0m
              [36m</h6>[39m
              [36m<h6>[39m
                [0mPrerequisites: [0m
                [0mCISC 220.[0m
              [36m</h6>[39m
            [36m</div>[39m
          [36m</div>[39m
        [36m</div>[39m
      [36m</div>[39m
    [36m</div>[39m

    Ignored nodes: comments, <script />, <style />
    [36m<div[39m
      [33mclass[39m=[32m"course-pool-scrollable container"[39m
      [33mdata-testid[39m=[32m"scroll-courses"[39m
    [36m>[39m
      [36m<div[39m
        [33mclass[39m=[32m"row"[39m
      [36m>[39m
        [36m<div[39m
          [33mclass[39m=[32m"col"[39m
        [36m>[39m
          [0m [0m
          [36m<p>[39m
            [0mCISC 684[0m
            [0m : [0m
            [0mIntroduction to Machine Learning[0m
          [36m</p>[39m
        [36m</div>[39m
        [36m<div[39m
          [33mclass[39m=[32m"col-md-auto"[39m
        [36m>[39m
          [36m<p>[39m
            [36m<button[39m
              [33maria-controls[39m=[32m"collapseExample"[39m
              [33maria-expanded[39m=[32m"false"[39m
              [33mclass[39m=[32m"btn default"[39m
              [33mdata-bs-target[39m=[32m"#collapseExample"[39m
              [33mdata-bs-toggle[39m=[32m"collapse"[39m
              [33mtype[39m=[32m"button"[39m
            [36m>[39m
              [0m see course info[0m
              [36m<i[39m
                [33mclass[39m=[32m"bi bi-plus-lg"[39m
              [36m/>[39m
            [36m</button>[39m
          [36m</p>[39m
        [36m</div>[39m
      [36m</div>[39m
      [36m<div[39m
        [33mclass[39m=[32m"row"[39m
      [36m>[39m
        [36m<div[39m
          [33mclass[39m=[32m"col"[39m
        [36m>[39m
          [36m<div[39m
            [33mclass[39m=[32m"collapse hide"[39m
            [33mid[39m=[32m"course-info-collapse"[39m
          [36m>[39m
            [36m<div[39m
              [33mclass[39m=[32m"card card-body"[39m
            [36m>[39m
              [36m<h6>[39m
                [0mCredits: [0m
                [0m 3[0m
              [36m</h6>[39m
              [36m<h6>[39m
                [0mDescription: [0m
                [0mDevelopment of methods to learn to solve a task using examples. Explore different machine learning algorithms/techniques and discuss their strengths and weaknesses and situations they are or are not suited for.[0m
              [36m</h6>[39m
              [36m<h6>[39m
                [0mPrerequisites: [0m
                [0mBasic background in probability and statistics.[0m
              [36m</h6>[39m
            [36m</div>[39m
          [36m</div>[39m
        [36m</div>[39m
      [36m</div>[39m
    [36m</div>[39m

    Ignored nodes: comments, <script />, <style />
    [36m<div[39m
      [33mclass[39m=[32m"course-pool-scrollable container"[39m
      [33mdata-testid[39m=[32m"scroll-courses"[39m
    [36m>[39m
      [36m<div[39m
        [33mclass[39m=[32m"row"[39m
      [36m>[39m
        [36m<div[39m
          [33mclass[39m=[32m"col"[39m
        [36m>[39m
          [0m [0m
          [36m<p>[39m
            [0mCISC 685[0m
            [0m : [0m
            [0mModeling and Simulation for Bioinformatics Systems[0m
          [36m</p>[39m
        [36m</div>[39m
        [36m<div[39m
          [33mclass[39m=[32m"col-md-auto"[39m
        [36m>[39m
          [36m<p>[39m
            [36m<button[39m
              [33maria-controls[39m=[32m"collapseExample"[39m
              [33maria-expanded[39m=[32m"false"[39m
              [33mclass[39m=[32m"btn default"[39m
              [33mdata-bs-target[39m=[32m"#collapseExample"[39m
              [33mdata-bs-toggle[39m=[32m"collapse"[39m
              [33mtype[39m=[32m"button"[39m
            [36m>[39m
              [0m see course info[0m
              [36m<i[39m
                [33mclass[39m=[32m"bi bi-plus-lg"[39m
              [36m/>[39m
            [36m</button>[39m
          [36m</p>[39m
        [36m</div>[39m
      [36m</div>[39m
      [36m<div[39m
        [33mclass[39m=[32m"row"[39m
      [36m>[39m
        [36m<div[39m
          [33mclass[39m=[32m"col"[39m
        [36m>[39m
          [36m<div[39m
            [33mclass[39m=[32m"collapse hide"[39m
            [33mid[39m=[32m"course-info-collapse"[39m
          [36m>[39m
            [36m<div[39m
              [33mclass[39m=[32m"card card-body"[39m
            [36m>[39m
              [36m<h6>[39m
                [0mCredits: [0m
                [0m 3[0m
              [36m</h6>[39m
              [36m<h6>[39m
                [0mDescription: [0m
                [0mConcepts, techniques, and tools for modeling and simulation of biological systems. Topics include gene regulation, signal transduction, and metabolism, Bayesian networks, Monte Carlo and Gibbs sampling, and optimization.[0m
              [36m</h6>[39m
              [36m<h6>[39m
                [0mPrerequisites: [0m
                [0mCISC 636.[0m
              [36m</h6>[39m
            [36m</div>[39m
          [36m</div>[39m
        [36m</div>[39m
      [36m</div>[39m
    [36m</div>[39m

    Ignored nodes: comments, <script />, <style />
    [36m<div[39m
      [33mclass[39m=[32m"course-pool-scrollable container"[39m
      [33mdata-testid[39m=[32m"scroll-courses"[39m
    [36m>[39m
      [36m<div[39m
        [33mclass[39m=[32m"row"[39m
      [36m>[39m
        [36m<div[39m
          [33mclass[39m=[32m"col"[39m
        [36m>[39m
          [0m [0m
          [36m<p>[39m
            [0mCISC 689[0m
            [0m : [0m
            [0mTopics: Artificial Intelligence[0m
          [36m</p>[39m
        [36m</div>[39m
        [36m<div[39m
          [33mclass[39m=[32m"col-md-auto"[39m
        [36m>[39m
          [36m<p>[39m
            [36m<button[39m
              [33maria-controls[39m=[32m"collapseExample"[39m
              [33maria-expanded[39m=[32m"false"[39m
              [33mclass[39m=[32m"btn default"[39m
              [33mdata-bs-target[39m=[32m"#collapseExample"[39m
              [33mdata-bs-toggle[39m=[32m"collapse"[39m
              [33mtype[39m=[32m"button"[39m
            [36m>[39m
              [0m see course info[0m
              [36m<i[39m
                [33mclass[39m=[32m"bi bi-plus-lg"[39m
              [36m/>[39m
            [36m</button>[39m
          [36m</p>[39m
        [36m</div>[39m
      [36m</div>[39m
      [36m<div[39m
        [33mclass[39m=[32m"row"[39m
      [36m>[39m
        [36m<div[39m
          [33mclass[39m=[32m"col"[39m
        [36m>[39m
          [36m<div[39m
            [33mclass[39m=[32m"collapse hide"[39m
            [33mid[39m=[32m"course-info-collapse"[39m
          [36m>[39m
            [36m<div[39m
              [33mclass[39m=[32m"card card-body"[39m
            [36m>[39m
              [36m<h6>[39m
                [0mCredits: [0m
                [0m 3-12[0m
              [36m</h6>[39m
              [36m<h6>[39m
                [0mDescription: [0m
                [0mContents vary to coincide with the interests of students and faculty.[0m
              [36m</h6>[39m
              [36m<h6>[39m
                [0mPrerequisites: [0m
                [0mCISC 681[0m
              [36m</h6>[39m
            [36m</div>[39m
          [36m</div>[39m
        [36m</div>[39m
      [36m</div>[39m
    [36m</div>[39m

    Ignored nodes: comments, <script />, <style />
    [36m<div[39m
      [33mclass[39m=[32m"course-pool-scrollable container"[39m
      [33mdata-testid[39m=[32m"scroll-courses"[39m
    [36m>[39m
      [36m<div[39m
        [33mclass[39m=[32m"row"[39m
      [36m>[39m
        [36m<div[39m
          [33mclass[39m=[32m"col"[39m
        [36m>[39m
          [0m [0m
          [36m<p>[39m
            [0mCISC 691[0m
            [0m : [0m
            [0mSoftware Engineering Practicum[0m
          [36m</p>[39m
        [36m</div>[39m
        [36m<div[39m
          [33mclass[39m=[32m"col-md-auto"[39m
        [36m>[39m
          [36m<p>[39m
            [36m<button[39m
              [33maria-controls[39m=[32m"collapseExample"[39m
              [33maria-expanded[39m=[32m"false"[39m
              [33mclass[39m=[32m"btn default"[39m
              [33mdata-bs-target[39m=[32m"#collapseExample"[39m
              [33mdata-bs-toggle[39m=[32m"collapse"[39m
              [33mtype[39m=[32m"button"[39m
            [36m>[39m
              [0m see course info[0m
              [36m<i[39m
                [33mclass[39m=[32m"bi bi-plus-lg"[39m
              [36m/>[39m
            [36m</button>[39m
          [36m</p>[39m
        [36m</div>[39m
      [36m</div>[39m
      [36m<div[39m
        [33mclass[39m=[32m"row"[39m
      [36m>[39m
        [36m<div[39m
          [33mclass[39m=[32m"col"[39m
        [36m>[39m
          [36m<div[39m
            [33mclass[39m=[32m"collapse hide"[39m
            [33mid[39m=[32m"course-info-collapse"[39m
          [36m>[39m
            [36m<div[39m
              [33mclass[39m=[32m"card card-body"[39m
            [36m>[39m
              [36m<h6>[39m
                [0mCredits: [0m
                [0m 3[0m
              [36m</h6>[39m
              [36m<h6>[39m
                [0mDescription: [0m
                [0mTechnical practicum guided by the individual student’s interests. The student will contribute a significant software engineering project either on campus or in association with an off-campus private business or government agency. Must be arranged with, and approved in advance by, a CIS or ECE faculty member.[0m
              [36m</h6>[39m
              [36m<h6>[39m
                [0mPrerequisites: none[0m
              [36m</h6>[39m
            [36m</div>[39m
          [36m</div>[39m
        [36m</div>[39m
      [36m</div>[39m
    [36m</div>[39m

    Ignored nodes: comments, <script />, <style />
    [36m<div[39m
      [33mclass[39m=[32m"course-pool-scrollable container"[39m
      [33mdata-testid[39m=[32m"scroll-courses"[39m
    [36m>[39m
      [36m<div[39m
        [33mclass[39m=[32m"row"[39m
      [36m>[39m
        [36m<div[39m
          [33mclass[39m=[32m"col"[39m
        [36m>[39m
          [0m [0m
          [36m<p>[39m
            [0mCISC 699[0m
            [0m : [0m
            [0mGraduate Internship[0m
          [36m</p>[39m
        [36m</div>[39m
        [36m<div[39m
          [33mclass[39m=[32m"col-md-auto"[39m
        [36m>[39m
          [36m<p>[39m
            [36m<button[39m
              [33maria-controls[39m=[32m"collapseExample"[39m
              [33maria-expanded[39m=[32m"false"[39m
              [33mclass[39m=[32m"btn default"[39m
              [33mdata-bs-target[39m=[32m"#collapseExample"[39m
              [33mdata-bs-toggle[39m=[32m"collapse"[39m
              [33mtype[39m=[32m"button"[39m
            [36m>[39m
              [0m see course info[0m
              [36m<i[39m
                [33mclass[39m=[32m"bi bi-plus-lg"[39m
              [36m/>[39m
            [36m</button>[39m
          [36m</p>[39m
        [36m</div>[39m
      [36m</div>[39m
      [36m<div[39m
        [33mclass[39m=[32m"row"[39m
      [36m>[39m
        [36m<div[39m
          [33mclass[39m=[32m"col"[39m
        [36m>[39m
          [36m<div[39m
            [33mclass[39m=[32m"collapse hide"[39m
            [33mid[39m=[32m"course-info-collapse"[39m
          [36m>[39m
            [36m<div[39m
              [33mclass[39m=[32m"card card-body"[39m
            [36m>[39m
              [36m<h6>[39m
                [0mCredits: [0m
                [0m 1[0m
              [36m</h6>[39m
              [36m<h6>[39m
                [0mDescription: [0m
                [0m[0m
              [36m</h6>[39m
              [36m<h6>[39m
                [0mPrerequisites: none[0m
              [36m</h6>[39m
            [36m</div>[39m
          [36m</div>[39m
        [36m</div>[39m
      [36m</div>[39m
    [36m</div>[39m

    Ignored nodes: comments, <script />, <style />
    [36m<div[39m
      [33mclass[39m=[32m"course-pool-scrollable container"[39m
      [33mdata-testid[39m=[32m"scroll-courses"[39m
    [36m>[39m
      [36m<div[39m
        [33mclass[39m=[32m"row"[39m
      [36m>[39m
        [36m<div[39m
          [33mclass[39m=[32m"col"[39m
        [36m>[39m
          [0m [0m
          [36m<p>[39m
            [0mCISC 830[0m
            [0m : [0m
            [0mAdvanced Topics in Algorithms and Complexity Theory[0m
          [36m</p>[39m
        [36m</div>[39m
        [36m<div[39m
          [33mclass[39m=[32m"col-md-auto"[39m
        [36m>[39m
          [36m<p>[39m
            [36m<button[39m
              [33maria-controls[39m=[32m"collapseExample"[39m
              [33maria-expanded[39m=[32m"false"[39m
              [33mclass[39m=[32m"btn default"[39m
              [33mdata-bs-target[39m=[32m"#collapseExample"[39m
              [33mdata-bs-toggle[39m=[32m"collapse"[39m
              [33mtype[39m=[32m"button"[39m
            [36m>[39m
              [0m see course info[0m
              [36m<i[39m
                [33mclass[39m=[32m"bi bi-plus-lg"[39m
              [36m/>[39m
            [36m</button>[39m
          [36m</p>[39m
        [36m</div>[39m
      [36m</div>[39m
      [36m<div[39m
        [33mclass[39m=[32m"row"[39m
      [36m>[39m
        [36m<div[39m
          [33mclass[39m=[32m"col"[39m
        [36m>[39m
          [36m<div[39m
            [33mclass[39m=[32m"collapse hide"[39m
            [33mid[39m=[32m"course-info-collapse"[39m
          [36m>[39m
            [36m<div[39m
              [33mclass[39m=[32m"card card-body"[39m
            [36m>[39m
              [36m<h6>[39m
                [0mCredits: [0m
                [0m 3[0m
              [36m</h6>[39m
              [36m<h6>[39m
                [0mDescription: [0m
                [0mContents vary to coincide with the interests of students and faculty.[0m
              [36m</h6>[39m
              [36m<h6>[39m
                [0mPrerequisites: none[0m
              [36m</h6>[39m
            [36m</div>[39m
          [36m</div>[39m
        [36m</div>[39m
      [36m</div>[39m
    [36m</div>[39m

    Ignored nodes: comments, <script />, <style />
    [36m<div[39m
      [33mclass[39m=[32m"course-pool-scrollable container"[39m
      [33mdata-testid[39m=[32m"scroll-courses"[39m
    [36m>[39m
      [36m<div[39m
        [33mclass[39m=[32m"row"[39m
      [36m>[39m
        [36m<div[39m
          [33mclass[39m=[32m"col"[39m
        [36m>[39m
          [0m [0m
          [36m<p>[39m
            [0mCISC 844[0m
            [0m : [0m
            [0mComputational Biomedicine[0m
          [36m</p>[39m
        [36m</div>[39m
        [36m<div[39m
          [33mclass[39m=[32m"col-md-auto"[39m
        [36m>[39m
          [36m<p>[39m
            [36m<button[39m
              [33maria-controls[39m=[32m"collapseExample"[39m
              [33maria-expanded[39m=[32m"false"[39m
              [33mclass[39m=[32m"btn default"[39m
              [33mdata-bs-target[39m=[32m"#collapseExample"[39m
              [33mdata-bs-toggle[39m=[32m"collapse"[39m
              [33mtype[39m=[32m"button"[39m
            [36m>[39m
              [0m see course info[0m
              [36m<i[39m
                [33mclass[39m=[32m"bi bi-plus-lg"[39m
              [36m/>[39m
            [36m</button>[39m
          [36m</p>[39m
        [36m</div>[39m
      [36m</div>[39m
      [36m<div[39m
        [33mclass[39m=[32m"row"[39m
      [36m>[39m
        [36m<div[39m
          [33mclass[39m=[32m"col"[39m
        [36m>[39m
          [36m<div[39m
            [33mclass[39m=[32m"collapse hide"[39m
            [33mid[39m=[32m"course-info-collapse"[39m
          [36m>[39m
            [36m<div[39m
              [33mclass[39m=[32m"card card-body"[39m
            [36m>[39m
              [36m<h6>[39m
                [0mCredits: [0m
                [0m 3[0m
              [36m</h6>[39m
              [36m<h6>[39m
                [0mDescription: [0m
                [0mSurvey methods and approaches in algorithms, statistics and machine learning, along with their current applications in bio- and medical- informatics.[0m
              [36m</h6>[39m
              [36m<h6>[39m
                [0mPrerequisites: none[0m
              [36m</h6>[39m
            [36m</div>[39m
          [36m</div>[39m
        [36m</div>[39m
      [36m</div>[39m
    [36m</div>[39m

    Ignored nodes: comments, <script />, <style />
    [36m<div[39m
      [33mclass[39m=[32m"course-pool-scrollable container"[39m
      [33mdata-testid[39m=[32m"scroll-courses"[39m
    [36m>[39m
      [36m<div[39m
        [33mclass[39m=[32m"row"[39m
      [36m>[39m
        [36m<div[39m
          [33mclass[39m=[32m"col"[39m
        [36m>[39m
          [0m [0m
          [36m<p>[39m
            [0mCISC 849[0m
            [0m : [0m
            [0mAdvanced Topics in Computer Applications[0m
          [36m</p>[39m
        [36m</div>[39m
        [36m<div[39m
          [33mclass[39m=[32m"col-md-auto"[39m
        [36m>[39m
          [36m<p>[39m
            [36m<button[39m
              [33maria-controls[39m=[32m"collapseExample"[39m
              [33maria-expanded[39m=[32m"false"[39m
              [33mclass[39m=[32m"btn default"[39m
              [33mdata-bs-target[39m=[32m"#collapseExample"[39m
              [33mdata-bs-toggle[39m=[32m"collapse"[39m
              [33mtype[39m=[32m"button"[39m
            [36m>[39m
              [0m see course info[0m
              [36m<i[39m
                [33mclass[39m=[32m"bi bi-plus-lg"[39m
              [36m/>[39m
            [36m</button>[39m
          [36m</p>[39m
        [36m</div>[39m
      [36m</div>[39m
      [36m<div[39m
        [33mclass[39m=[32m"row"[39m
      [36m>[39m
        [36m<div[39m
          [33mclass[39m=[32m"col"[39m
        [36m>[39m
          [36m<div[39m
            [33mclass[39m=[32m"collapse hide"[39m
            [33mid[39m=[32m"course-info-collapse"[39m
          [36m>[39m
            [36m<div[39m
              [33mclass[39m=[32m"card card-body"[39m
            [36m>[39m
              [36m<h6>[39m
                [0mCredits: [0m
                [0m 3-12[0m
              [36m</h6>[39m
              [36m<h6>[39m
                [0mDescription: [0m
                [0mContents vary to coincide with the interests of students and faculty.[0m
              [36m</h6>[39m
              [36m<h6>[39m
                [0mPrerequisites: none[0m
              [36m</h6>[39m
            [36m</div>[39m
          [36m</div>[39m
        [36m</div>[39m
      [36m</div>[39m
    [36m</div>[39m

    Ignored nodes: comments, <script />, <style />
    [36m<div[39m
      [33mclass[39m=[32m"course-pool-scrollable container"[39m
      [33mdata-testid[39m=[32m"scroll-courses"[39m
    [36m>[39m
      [36m<div[39m
        [33mclass[39m=[32m"row"[39m
      [36m>[39m
        [36m<div[39m
          [33mclass[39m=[32m"col"[39m
        [36m>[39m
          [0m [0m
          [36m<p>[39m
            [0mCISC 850[0m
            [0m : [0m
            [0mFinancial Services Analytics Seminar[0m
          [36m</p>[39m
        [36m</div>[39m
        [36m<div[39m
          [33mclass[39m=[32m"col-md-auto"[39m
        [36m>[39m
          [36m<p>[39m
            [36m<button[39m
              [33maria-controls[39m=[32m"collapseExample"[39m
              [33maria-expanded[39m=[32m"false"[39m
              [33mclass[39m=[32m"btn default"[39m
              [33mdata-bs-target[39m=[32m"#collapseExample"[39m
              [33mdata-bs-toggle[39m=[32m"collapse"[39m
              [33mtype[39m=[32m"button"[39m
            [36m>[39m
              [0m see course info[0m
              [36m<i[39m
                [33mclass[39m=[32m"bi bi-plus-lg"[39m
              [36m/>[39m
            [36m</button>[39m
          [36m</p>[39m
        [36m</div>[39m
      [36m</div>[39m
      [36m<div[39m
        [33mclass[39m=[32m"row"[39m
      [36m>[39m
        [36m<div[39m
          [33mclass[39m=[32m"col"[39m
        [36m>[39m
          [36m<div[39m
            [33mclass[39m=[32m"collapse hide"[39m
            [33mid[39m=[32m"course-info-collapse"[39m
          [36m>[39m
            [36m<div[39m
              [33mclass[39m=[32m"card card-body"[39m
            [36m>[39m
              [36m<h6>[39m
                [0mCredits: [0m
                [0m 3[0m
              [36m</h6>[39m
              [36m<h6>[39m
                [0mDescription: [0m
                [0mConcentrated study on selected areas in Financial Services Analytics.[0m
              [36m</h6>[39m
              [36m<h6>[39m
                [0mPrerequisites: none[0m
              [36m</h6>[39m
            [36m</div>[39m
          [36m</div>[39m
        [36m</div>[39m
      [36m</div>[39m
    [36m</div>[39m

    Ignored nodes: comments, <script />, <style />
    [36m<div[39m
      [33mclass[39m=[32m"course-pool-scrollable container"[39m
      [33mdata-testid[39m=[32m"scroll-courses"[39m
    [36m>[39m
      [36m<div[39m
        [33mclass[39m=[32m"row"[39m
      [36m>[39m
        [36m<div[39m
          [33mclass[39m=[32m"col"[39m
        [36m>[39m
          [0m [0m
          [36m<p>[39m
            [0mCISC 852[0m
            [0m : [0m
            [0mComputer Network Performance[0m
          [36m</p>[39m
        [36m</div>[39m
        [36m<div[39m
          [33mclass[39m=[32m"col-md-auto"[39m
        [36m>[39m
          [36m<p>[39m
            [36m<button[39m
              [33maria-controls[39m=[32m"collapseExample"[39m
              [33maria-expanded[39m=[32m"false"[39m
              [33mclass[39m=[32m"btn default"[39m
              [33mdata-bs-target[39m=[32m"#collapseExample"[39m
              [33mdata-bs-toggle[39m=[32m"collapse"[39m
              [33mtype[39m=[32m"button"[39m
            [36m>[39m
              [0m see course info[0m
              [36m<i[39m
                [33mclass[39m=[32m"bi bi-plus-lg"[39m
              [36m/>[39m
            [36m</button>[39m
          [36m</p>[39m
        [36m</div>[39m
      [36m</div>[39m
      [36m<div[39m
        [33mclass[39m=[32m"row"[39m
      [36m>[39m
        [36m<div[39m
          [33mclass[39m=[32m"col"[39m
        [36m>[39m
          [36m<div[39m
            [33mclass[39m=[32m"collapse hide"[39m
            [33mid[39m=[32m"course-info-collapse"[39m
          [36m>[39m
            [36m<div[39m
              [33mclass[39m=[32m"card card-body"[39m
            [36m>[39m
              [36m<h6>[39m
                [0mCredits: [0m
                [0m 3[0m
              [36m</h6>[39m
              [36m<h6>[39m
                [0mDescription: [0m
                [0mPerformance analysis of computer networks and network protocols. Introduction to queuing theory, stochastic processes, Markov chains, and various queuing models. Open and closed queuing networks. Analysis of ARQ retransmission strategies, multi-access communication, routing, flow control, and congestion control schemes.[0m
              [36m</h6>[39m
              [36m<h6>[39m
                [0mPrerequisites: [0m
                [0mCISC 650 or equivalent.[0m
              [36m</h6>[39m
            [36m</div>[39m
          [36m</div>[39m
        [36m</div>[39m
      [36m</div>[39m
    [36m</div>[39m

    Ignored nodes: comments, <script />, <style />
    [36m<div[39m
      [33mclass[39m=[32m"course-pool-scrollable container"[39m
      [33mdata-testid[39m=[32m"scroll-courses"[39m
    [36m>[39m
      [36m<div[39m
        [33mclass[39m=[32m"row"[39m
      [36m>[39m
        [36m<div[39m
          [33mclass[39m=[32m"col"[39m
        [36m>[39m
          [0m [0m
          [36m<p>[39m
            [0mCISC 853[0m
            [0m : [0m
            [0mNetwork Management[0m
          [36m</p>[39m
        [36m</div>[39m
        [36m<div[39m
          [33mclass[39m=[32m"col-md-auto"[39m
        [36m>[39m
          [36m<p>[39m
            [36m<button[39m
              [33maria-controls[39m=[32m"collapseExample"[39m
              [33maria-expanded[39m=[32m"false"[39m
              [33mclass[39m=[32m"btn default"[39m
              [33mdata-bs-target[39m=[32m"#collapseExample"[39m
              [33mdata-bs-toggle[39m=[32m"collapse"[39m
              [33mtype[39m=[32m"button"[39m
            [36m>[39m
              [0m see course info[0m
              [36m<i[39m
                [33mclass[39m=[32m"bi bi-plus-lg"[39m
              [36m/>[39m
            [36m</button>[39m
          [36m</p>[39m
        [36m</div>[39m
      [36m</div>[39m
      [36m<div[39m
        [33mclass[39m=[32m"row"[39m
      [36m>[39m
        [36m<div[39m
          [33mclass[39m=[32m"col"[39m
        [36m>[39m
          [36m<div[39m
            [33mclass[39m=[32m"collapse hide"[39m
            [33mid[39m=[32m"course-info-collapse"[39m
          [36m>[39m
            [36m<div[39m
              [33mclass[39m=[32m"card card-body"[39m
            [36m>[39m
              [36m<h6>[39m
                [0mCredits: [0m
                [0m 3[0m
              [36m</h6>[39m
              [36m<h6>[39m
                [0mDescription: [0m
                [0mIntroduction to network management concepts. Network management architectures and protocols: the Internet and OSI frameworks, management functionalities, management domains and objects, protocols and services (SNMP, CMIS/P). Design of management agents and clients. Concepts of performance management, fault management, configuration management and other management applications.[0m
              [36m</h6>[39m
              [36m<h6>[39m
                [0mPrerequisites: [0m
                [0mCISC 650.[0m
              [36m</h6>[39m
            [36m</div>[39m
          [36m</div>[39m
        [36m</div>[39m
      [36m</div>[39m
    [36m</div>[39m

    Ignored nodes: comments, <script />, <style />
    [36m<div[39m
      [33mclass[39m=[32m"course-pool-scrollable container"[39m
      [33mdata-testid[39m=[32m"scroll-courses"[39m
    [36m>[39m
      [36m<div[39m
        [33mclass[39m=[32m"row"[39m
      [36m>[39m
        [36m<div[39m
          [33mclass[39m=[32m"col"[39m
        [36m>[39m
          [0m [0m
          [36m<p>[39m
            [0mCISC 866[0m
            [0m : [0m
            [0mSPECIAL PROBLEM[0m
          [36m</p>[39m
        [36m</div>[39m
        [36m<div[39m
          [33mclass[39m=[32m"col-md-auto"[39m
        [36m>[39m
          [36m<p>[39m
            [36m<button[39m
              [33maria-controls[39m=[32m"collapseExample"[39m
              [33maria-expanded[39m=[32m"false"[39m
              [33mclass[39m=[32m"btn default"[39m
              [33mdata-bs-target[39m=[32m"#collapseExample"[39m
              [33mdata-bs-toggle[39m=[32m"collapse"[39m
              [33mtype[39m=[32m"button"[39m
            [36m>[39m
              [0m see course info[0m
              [36m<i[39m
                [33mclass[39m=[32m"bi bi-plus-lg"[39m
              [36m/>[39m
            [36m</button>[39m
          [36m</p>[39m
        [36m</div>[39m
      [36m</div>[39m
      [36m<div[39m
        [33mclass[39m=[32m"row"[39m
      [36m>[39m
        [36m<div[39m
          [33mclass[39m=[32m"col"[39m
        [36m>[39m
          [36m<div[39m
            [33mclass[39m=[32m"collapse hide"[39m
            [33mid[39m=[32m"course-info-collapse"[39m
          [36m>[39m
            [36m<div[39m
              [33mclass[39m=[32m"card card-body"[39m
            [36m>[39m
              [36m<h6>[39m
                [0mCredits: [0m
                [0m 1-12[0m
              [36m</h6>[39m
              [36m<h6>[39m
                [0mDescription: [0m
                [0m[0m
              [36m</h6>[39m
              [36m<h6>[39m
                [0mPrerequisites: none[0m
              [36m</h6>[39m
            [36m</div>[39m
          [36m</div>[39m
        [36m</div>[39m
      [36m</div>[39m
    [36m</div>[39m

    Ignored nodes: comments, <script />, <style />
    [36m<div[39m
      [33mclass[39m=[32m"course-pool-scrollable container"[39m
      [33mdata-testid[39m=[32m"scroll-courses"[39m
    [36m>[39m
      [36m<div[39m
        [33mclass[39m=[32m"row"[39m
      [36m>[39m
        [36m<div[39m
          [33mclass[39m=[32m"col"[39m
        [36m>[39m
          [0m [0m
          [36m<p>[39m
            [0mCISC 867[0m
            [0m : [0m
            [0mSEMINAR[0m
          [36m</p>[39m
        [36m</div>[39m
        [36m<div[39m
          [33mclass[39m=[32m"col-md-auto"[39m
        [36m>[39m
          [36m<p>[39m
            [36m<button[39m
              [33maria-controls[39m=[32m"collapseExample"[39m
              [33maria-expanded[39m=[32m"false"[39m
              [33mclass[39m=[32m"btn default"[39m
              [33mdata-bs-target[39m=[32m"#collapseExample"[39m
              [33mdata-bs-toggle[39m=[32m"collapse"[39m
              [33mtype[39m=[32m"button"[39m
            [36m>[39m
              [0m see course info[0m
              [36m<i[39m
                [33mclass[39m=[32m"bi bi-plus-lg"[39m
              [36m/>[39m
            [36m</button>[39m
          [36m</p>[39m
        [36m</div>[39m
      [36m</div>[39m
      [36m<div[39m
        [33mclass[39m=[32m"row"[39m
      [36m>[39m
        [36m<div[39m
          [33mclass[39m=[32m"col"[39m
        [36m>[39m
          [36m<div[39m
            [33mclass[39m=[32m"collapse hide"[39m
            [33mid[39m=[32m"course-info-collapse"[39m
          [36m>[39m
            [36m<div[39m
              [33mclass[39m=[32m"card card-body"[39m
            [36m>[39m
              [36m<h6>[39m
                [0mCredits: [0m
                [0m 1-12[0m
              [36m</h6>[39m
              [36m<h6>[39m
                [0mDescription: [0m
                [0m[0m
              [36m</h6>[39m
              [36m<h6>[39m
                [0mPrerequisites: none[0m
              [36m</h6>[39m
            [36m</div>[39m
          [36m</div>[39m
        [36m</div>[39m
      [36m</div>[39m
    [36m</div>[39m

    Ignored nodes: comments, <script />, <style />
    [36m<div[39m
      [33mclass[39m=[32m"course-pool-scrollable container"[39m
      [33mdata-testid[39m=[32m"scroll-courses"[39m
    [36m>[39m
      [36m<div[39m
        [33mclass[39m=[32m"row"[39m
      [36m>[39m
        [36m<div[39m
          [33mclass[39m=[32m"col"[39m
        [36m>[39m
          [0m [0m
          [36m<p>[39m
            [0mCISC 868[0m
            [0m : [0m
            [0mResearch[0m
          [36m</p>[39m
        [36m</div>[39m
        [36m<div[39m
          [33mclass[39m=[32m"col-md-auto"[39m
        [36m>[39m
          [36m<p>[39m
            [36m<button[39m
              [33maria-controls[39m=[32m"collapseExample"[39m
              [33maria-expanded[39m=[32m"false"[39m
              [33mclass[39m=[32m"btn default"[39m
              [33mdata-bs-target[39m=[32m"#collapseExample"[39m
              [33mdata-bs-toggle[39m=[32m"collapse"[39m
              [33mtype[39m=[32m"button"[39m
            [36m>[39m
              [0m see course info[0m
              [36m<i[39m
                [33mclass[39m=[32m"bi bi-plus-lg"[39m
              [36m/>[39m
            [36m</button>[39m
          [36m</p>[39m
        [36m</div>[39m
      [36m</div>[39m
      [36m<div[39m
        [33mclass[39m=[32m"row"[39m
      [36m>[39m
        [36m<div[39m
          [33mclass[39m=[32m"col"[39m
        [36m>[39m
          [36m<div[39m
            [33mclass[39m=[32m"collapse hide"[39m
            [33mid[39m=[32m"course-info-collapse"[39m
          [36m>[39m
            [36m<div[39m
              [33mclass[39m=[32m"card card-body"[39m
            [36m>[39m
              [36m<h6>[39m
                [0mCredits: [0m
                [0m 1-9[0m
              [36m</h6>[39m
              [36m<h6>[39m
                [0mDescription: [0m
                [0mUpper-level graduate research oriented toward a student’s potential master’s thesis or Ph.D. dissertation.[0m
              [36m</h6>[39m
              [36m<h6>[39m
                [0mPrerequisites: none[0m
              [36m</h6>[39m
            [36m</div>[39m
          [36m</div>[39m
        [36m</div>[39m
      [36m</div>[39m
    [36m</div>[39m

    Ignored nodes: comments, <script />, <style />
    [36m<div[39m
      [33mclass[39m=[32m"course-pool-scrollable container"[39m
      [33mdata-testid[39m=[32m"scroll-courses"[39m
    [36m>[39m
      [36m<div[39m
        [33mclass[39m=[32m"row"[39m
      [36m>[39m
        [36m<div[39m
          [33mclass[39m=[32m"col"[39m
        [36m>[39m
          [0m [0m
          [36m<p>[39m
            [0mCISC 869[0m
            [0m : [0m
            [0mMaster’s Thesis[0m
          [36m</p>[39m
        [36m</div>[39m
        [36m<div[39m
          [33mclass[39m=[32m"col-md-auto"[39m
        [36m>[39m
          [36m<p>[39m
            [36m<button[39m
              [33maria-controls[39m=[32m"collapseExample"[39m
              [33maria-expanded[39m=[32m"false"[39m
              [33mclass[39m=[32m"btn default"[39m
              [33mdata-bs-target[39m=[32m"#collapseExample"[39m
              [33mdata-bs-toggle[39m=[32m"collapse"[39m
              [33mtype[39m=[32m"button"[39m
            [36m>[39m
              [0m see course info[0m
              [36m<i[39m
                [33mclass[39m=[32m"bi bi-plus-lg"[39m
              [36m/>[39m
            [36m</button>[39m
          [36m</p>[39m
        [36m</div>[39m
      [36m</div>[39m
      [36m<div[39m
        [33mclass[39m=[32m"row"[39m
      [36m>[39m
        [36m<div[39m
          [33mclass[39m=[32m"col"[39m
        [36m>[39m
          [36m<div[39m
            [33mclass[39m=[32m"collapse hide"[39m
            [33mid[39m=[32m"course-info-collapse"[39m
          [36m>[39m
            [36m<div[39m
              [33mclass[39m=[32m"card card-body"[39m
            [36m>[39m
              [36m<h6>[39m
                [0mCredits: [0m
                [0m 1-6[0m
              [36m</h6>[39m
              [36m<h6>[39m
                [0mDescription: [0m
                [0m[0m
              [36m</h6>[39m
              [36m<h6>[39m
                [0mPrerequisites: none[0m
              [36m</h6>[39m
            [36m</div>[39m
          [36m</div>[39m
        [36m</div>[39m
      [36m</div>[39m
    [36m</div>[39m

    Ignored nodes: comments, <script />, <style />
    [36m<div[39m
      [33mclass[39m=[32m"course-pool-scrollable container"[39m
      [33mdata-testid[39m=[32m"scroll-courses"[39m
    [36m>[39m
      [36m<div[39m
        [33mclass[39m=[32m"row"[39m
      [36m>[39m
        [36m<div[39m
          [33mclass[39m=[32m"col"[39m
        [36m>[39m
          [0m [0m
          [36m<p>[39m
            [0mCISC 879[0m
            [0m : [0m
            [0mAdvanced Topics in Architecture and Software Systems[0m
          [36m</p>[39m
        [36m</div>[39m
        [36m<div[39m
          [33mclass[39m=[32m"col-md-auto"[39m
        [36m>[39m
          [36m<p>[39m
            [36m<button[39m
              [33maria-controls[39m=[32m"collapseExample"[39m
              [33maria-expanded[39m=[32m"false"[39m
              [33mclass[39m=[32m"btn default"[39m
              [33mdata-bs-target[39m=[32m"#collapseExample"[39m
              [33mdata-bs-toggle[39m=[32m"collapse"[39m
              [33mtype[39m=[32m"button"[39m
            [36m>[39m
              [0m see course info[0m
              [36m<i[39m
                [33mclass[39m=[32m"bi bi-plus-lg"[39m
              [36m/>[39m
            [36m</button>[39m
          [36m</p>[39m
        [36m</div>[39m
      [36m</div>[39m
      [36m<div[39m
        [33mclass[39m=[32m"row"[39m
      [36m>[39m
        [36m<div[39m
          [33mclass[39m=[32m"col"[39m
        [36m>[39m
          [36m<div[39m
            [33mclass[39m=[32m"collapse hide"[39m
            [33mid[39m=[32m"course-info-collapse"[39m
          [36m>[39m
            [36m<div[39m
              [33mclass[39m=[32m"card card-body"[39m
            [36m>[39m
              [36m<h6>[39m
                [0mCredits: [0m
                [0m 3-12[0m
              [36m</h6>[39m
              [36m<h6>[39m
                [0mDescription: [0m
                [0mContents vary to coincide with the interests of students and faculty.[0m
              [36m</h6>[39m
              [36m<h6>[39m
                [0mPrerequisites: [0m
                [0mCISC 662 or CISC 663.[0m
              [36m</h6>[39m
            [36m</div>[39m
          [36m</div>[39m
        [36m</div>[39m
      [36m</div>[39m
    [36m</div>[39m

    Ignored nodes: comments, <script />, <style />
    [36m<div[39m
      [33mclass[39m=[32m"course-pool-scrollable container"[39m
      [33mdata-testid[39m=[32m"scroll-courses"[39m
    [36m>[39m
      [36m<div[39m
        [33mclass[39m=[32m"row"[39m
      [36m>[39m
        [36m<div[39m
          [33mclass[39m=[32m"col"[39m
        [36m>[39m
          [0m [0m
          [36m<p>[39m
            [0mCISC 882[0m
            [0m : [0m
            [0mNatural Language Processing[0m
          [36m</p>[39m
        [36m</div>[39m
        [36m<div[39m
          [33mclass[39m=[32m"col-md-auto"[39m
        [36m>[39m
          [36m<p>[39m
            [36m<button[39m
              [33maria-controls[39m=[32m"collapseExample"[39m
              [33maria-expanded[39m=[32m"false"[39m
              [33mclass[39m=[32m"btn default"[39m
              [33mdata-bs-target[39m=[32m"#collapseExample"[39m
              [33mdata-bs-toggle[39m=[32m"collapse"[39m
              [33mtype[39m=[32m"button"[39m
            [36m>[39m
              [0m see course info[0m
              [36m<i[39m
                [33mclass[39m=[32m"bi bi-plus-lg"[39m
              [36m/>[39m
            [36m</button>[39m
          [36m</p>[39m
        [36m</div>[39m
      [36m</div>[39m
      [36m<div[39m
        [33mclass[39m=[32m"row"[39m
      [36m>[39m
        [36m<div[39m
          [33mclass[39m=[32m"col"[39m
        [36m>[39m
          [36m<div[39m
            [33mclass[39m=[32m"collapse hide"[39m
            [33mid[39m=[32m"course-info-collapse"[39m
          [36m>[39m
            [36m<div[39m
              [33mclass[39m=[32m"card card-body"[39m
            [36m>[39m
              [36m<h6>[39m
                [0mCredits: [0m
                [0m 3[0m
              [36m</h6>[39m
              [36m<h6>[39m
                [0mDescription: [0m
                [0mIntroduction to computational models of syntax, semantics and pragmatics for natural language understanding. Emphasis on design of English interfaces to data bases and ill-formed input.[0m
              [36m</h6>[39m
              [36m<h6>[39m
                [0mPrerequisites: [0m
                [0mCISC 681.[0m
              [36m</h6>[39m
            [36m</div>[39m
          [36m</div>[39m
        [36m</div>[39m
      [36m</div>[39m
    [36m</div>[39m

    Ignored nodes: comments, <script />, <style />
    [36m<div[39m
      [33mclass[39m=[32m"course-pool-scrollable container"[39m
      [33mdata-testid[39m=[32m"scroll-courses"[39m
    [36m>[39m
      [36m<div[39m
        [33mclass[39m=[32m"row"[39m
      [36m>[39m
        [36m<div[39m
          [33mclass[39m=[32m"col"[39m
        [36m>[39m
          [0m [0m
          [36m<p>[39m
            [0mCISC 886[0m
            [0m : [0m
            [0mMulti-Agent Systems[0m
          [36m</p>[39m
        [36m</div>[39m
        [36m<div[39m
          [33mclass[39m=[32m"col-md-auto"[39m
        [36m>[39m
          [36m<p>[39m
            [36m<button[39m
              [33maria-controls[39m=[32m"collapseExample"[39m
              [33maria-expanded[39m=[32m"false"[39m
              [33mclass[39m=[32m"btn default"[39m
              [33mdata-bs-target[39m=[32m"#collapseExample"[39m
              [33mdata-bs-toggle[39m=[32m"collapse"[39m
              [33mtype[39m=[32m"button"[39m
            [36m>[39m
              [0m see course info[0m
              [36m<i[39m
                [33mclass[39m=[32m"bi bi-plus-lg"[39m
              [36m/>[39m
            [36m</button>[39m
          [36m</p>[39m
        [36m</div>[39m
      [36m</div>[39m
      [36m<div[39m
        [33mclass[39m=[32m"row"[39m
      [36m>[39m
        [36m<div[39m
          [33mclass[39m=[32m"col"[39m
        [36m>[39m
          [36m<div[39m
            [33mclass[39m=[32m"collapse hide"[39m
            [33mid[39m=[32m"course-info-collapse"[39m
          [36m>[39m
            [36m<div[39m
              [33mclass[39m=[32m"card card-body"[39m
            [36m>[39m
              [36m<h6>[39m
                [0mCredits: [0m
                [0m 3[0m
              [36m</h6>[39m
              [36m<h6>[39m
                [0mDescription: [0m
                [0mIntroduction to the field of Multi-Agent Systems, examining issues that arise when groups of self-interested or cooperating autonomous agents interact to solve shared problems. Issues include reasoning about the knowledge and beliefs of other agents, communication and negotiation, computational organization, coordination and control.[0m
              [36m</h6>[39m
              [36m<h6>[39m
                [0mPrerequisites: [0m
                [0mCISC 681 or equivalent.[0m
              [36m</h6>[39m
            [36m</div>[39m
          [36m</div>[39m
        [36m</div>[39m
      [36m</div>[39m
    [36m</div>[39m

    Ignored nodes: comments, <script />, <style />
    [36m<div[39m
      [33mclass[39m=[32m"course-pool-scrollable container"[39m
      [33mdata-testid[39m=[32m"scroll-courses"[39m
    [36m>[39m
      [36m<div[39m
        [33mclass[39m=[32m"row"[39m
      [36m>[39m
        [36m<div[39m
          [33mclass[39m=[32m"col"[39m
        [36m>[39m
          [0m [0m
          [36m<p>[39m
            [0mCISC 889[0m
            [0m : [0m
            [0mAdvanced Topics in Artificial Intelligence[0m
          [36m</p>[39m
        [36m</div>[39m
        [36m<div[39m
          [33mclass[39m=[32m"col-md-auto"[39m
        [36m>[39m
          [36m<p>[39m
            [36m<button[39m
              [33maria-controls[39m=[32m"collapseExample"[39m
              [33maria-expanded[39m=[32m"false"[39m
              [33mclass[39m=[32m"btn default"[39m
              [33mdata-bs-target[39m=[32m"#collapseExample"[39m
              [33mdata-bs-toggle[39m=[32m"collapse"[39m
              [33mtype[39m=[32m"button"[39m
            [36m>[39m
              [0m see course info[0m
              [36m<i[39m
                [33mclass[39m=[32m"bi bi-plus-lg"[39m
              [36m/>[39m
            [36m</button>[39m
          [36m</p>[39m
        [36m</div>[39m
      [36m</div>[39m
      [36m<div[39m
        [33mclass[39m=[32m"row"[39m
      [36m>[39m
        [36m<div[39m
          [33mclass[39m=[32m"col"[39m
        [36m>[39m
          [36m<div[39m
            [33mclass[39m=[32m"collapse hide"[39m
            [33mid[39m=[32m"course-info-collapse"[39m
          [36m>[39m
            [36m<div[39m
              [33mclass[39m=[32m"card card-body"[39m
            [36m>[39m
              [36m<h6>[39m
                [0mCredits: [0m
                [0m 3[0m
              [36m</h6>[39m
              [36m<h6>[39m
                [0mDescription: [0m
                [0mContents vary to coincide with the interests of students and faculty.[0m
              [36m</h6>[39m
              [36m<h6>[39m
                [0mPrerequisites: [0m
                [0mCISC 681[0m
              [36m</h6>[39m
            [36m</div>[39m
          [36m</div>[39m
        [36m</div>[39m
      [36m</div>[39m
    [36m</div>[39m

    Ignored nodes: comments, <script />, <style />
    [36m<div[39m
      [33mclass[39m=[32m"course-pool-scrollable container"[39m
      [33mdata-testid[39m=[32m"scroll-courses"[39m
    [36m>[39m
      [36m<div[39m
        [33mclass[39m=[32m"row"[39m
      [36m>[39m
        [36m<div[39m
          [33mclass[39m=[32m"col"[39m
        [36m>[39m
          [0m [0m
          [36m<p>[39m
            [0mCISC 890[0m
            [0m : [0m
            [0mColloquium: Computer Science[0m
          [36m</p>[39m
        [36m</div>[39m
        [36m<div[39m
          [33mclass[39m=[32m"col-md-auto"[39m
        [36m>[39m
          [36m<p>[39m
            [36m<button[39m
              [33maria-controls[39m=[32m"collapseExample"[39m
              [33maria-expanded[39m=[32m"false"[39m
              [33mclass[39m=[32m"btn default"[39m
              [33mdata-bs-target[39m=[32m"#collapseExample"[39m
              [33mdata-bs-toggle[39m=[32m"collapse"[39m
              [33mtype[39m=[32m"button"[39m
            [36m>[39m
              [0m see course info[0m
              [36m<i[39m
                [33mclass[39m=[32m"bi bi-plus-lg"[39m
              [36m/>[39m
            [36m</button>[39m
          [36m</p>[39m
        [36m</div>[39m
      [36m</div>[39m
      [36m<div[39m
        [33mclass[39m=[32m"row"[39m
      [36m>[39m
        [36m<div[39m
          [33mclass[39m=[32m"col"[39m
        [36m>[39m
          [36m<div[39m
            [33mclass[39m=[32m"collapse hide"[39m
            [33mid[39m=[32m"course-info-collapse"[39m
          [36m>[39m
            [36m<div[39m
              [33mclass[39m=[32m"card card-body"[39m
            [36m>[39m
              [36m<h6>[39m
                [0mCredits: [0m
                [0m 0[0m
              [36m</h6>[39m
              [36m<h6>[39m
                [0mDescription: [0m
                [0mWeekly lectures by faculty and visiting researchers provide a broad overview of the scope as well as an insight into significant results of current research in computer science.[0m
              [36m</h6>[39m
              [36m<h6>[39m
                [0mPrerequisites: none[0m
              [36m</h6>[39m
            [36m</div>[39m
          [36m</div>[39m
        [36m</div>[39m
      [36m</div>[39m
    [36m</div>[39m

    Ignored nodes: comments, <script />, <style />
    [36m<div[39m
      [33mclass[39m=[32m"course-pool-scrollable container"[39m
      [33mdata-testid[39m=[32m"scroll-courses"[39m
    [36m>[39m
      [36m<div[39m
        [33mclass[39m=[32m"row"[39m
      [36m>[39m
        [36m<div[39m
          [33mclass[39m=[32m"col"[39m
        [36m>[39m
          [0m [0m
          [36m<p>[39m
            [0mCISC 964[0m
            [0m : [0m
            [0mPre-Candidacy Study[0m
          [36m</p>[39m
        [36m</div>[39m
        [36m<div[39m
          [33mclass[39m=[32m"col-md-auto"[39m
        [36m>[39m
          [36m<p>[39m
            [36m<button[39m
              [33maria-controls[39m=[32m"collapseExample"[39m
              [33maria-expanded[39m=[32m"false"[39m
              [33mclass[39m=[32m"btn default"[39m
              [33mdata-bs-target[39m=[32m"#collapseExample"[39m
              [33mdata-bs-toggle[39m=[32m"collapse"[39m
              [33mtype[39m=[32m"button"[39m
            [36m>[39m
              [0m see course info[0m
              [36m<i[39m
                [33mclass[39m=[32m"bi bi-plus-lg"[39m
              [36m/>[39m
            [36m</button>[39m
          [36m</p>[39m
        [36m</div>[39m
      [36m</div>[39m
      [36m<div[39m
        [33mclass[39m=[32m"row"[39m
      [36m>[39m
        [36m<div[39m
          [33mclass[39m=[32m"col"[39m
        [36m>[39m
          [36m<div[39m
            [33mclass[39m=[32m"collapse hide"[39m
            [33mid[39m=[32m"course-info-collapse"[39m
          [36m>[39m
            [36m<div[39m
              [33mclass[39m=[32m"card card-body"[39m
            [36m>[39m
              [36m<h6>[39m
                [0mCredits: [0m
                [0m 3-12[0m
              [36m</h6>[39m
              [36m<h6>[39m
                [0mDescription: [0m
                [0mResearch and readings in preparation of dissertation topic and/or qualifying examinations for doctoral students before admission to candidacy but after completion of all required course work.[0m
              [36m</h6>[39m
              [36m<h6>[39m
                [0mPrerequisites: none[0m
              [36m</h6>[39m
            [36m</div>[39m
          [36m</div>[39m
        [36m</div>[39m
      [36m</div>[39m
    [36m</div>[39m

    Ignored nodes: comments, <script />, <style />
    [36m<div[39m
      [33mclass[39m=[32m"course-pool-scrollable container"[39m
      [33mdata-testid[39m=[32m"scroll-courses"[39m
    [36m>[39m
      [36m<div[39m
        [33mclass[39m=[32m"row"[39m
      [36m>[39m
        [36m<div[39m
          [33mclass[39m=[32m"col"[39m
        [36m>[39m
          [0m [0m
          [36m<p>[39m
            [0mCISC 969[0m
            [0m : [0m
            [0mDoctoral Dissertation[0m
          [36m</p>[39m
        [36m</div>[39m
        [36m<div[39m
          [33mclass[39m=[32m"col-md-auto"[39m
        [36m>[39m
          [36m<p>[39m
            [36m<button[39m
              [33maria-controls[39m=[32m"collapseExample"[39m
              [33maria-expanded[39m=[32m"false"[39m
              [33mclass[39m=[32m"btn default"[39m
              [33mdata-bs-target[39m=[32m"#collapseExample"[39m
              [33mdata-bs-toggle[39m=[32m"collapse"[39m
              [33mtype[39m=[32m"button"[39m
            [36m>[39m
              [0m see course info[0m
              [36m<i[39m
                [33mclass[39m=[32m"bi bi-plus-lg"[39m
              [36m/>[39m
            [36m</button>[39m
          [36m</p>[39m
        [36m</div>[39m
      [36m</div>[39m
      [36m<div[39m
        [33mclass[39m=[32m"row"[39m
      [36m>[39m
        [36m<div[39m
          [33mclass[39m=[32m"col"[39m
        [36m>[39m
          [36m<div[39m
            [33mclass[39m=[32m"collapse hide"[39m
            [33mid[39m=[32m"course-info-collapse"[39m
          [36m>[39m
            [36m<div[39m
              [33mclass[39m=[32m"card card-body"[39m
            [36m>[39m
              [36m<h6>[39m
                [0mCredits: [0m
                [0m 1-12[0m
              [36m</h6>[39m
              [36m<h6>[39m
                [0mDescription: [0m
                [0m[0m
              [36m</h6>[39m
              [36m<h6>[39m
                [0mPrerequisites: none[0m
              [36m</h6>[39m
            [36m</div>[39m
          [36m</div>[39m
        [36m</div>[39m
      [36m</div>[39m
    [36m</div>[39m

    Ignored nodes: comments, <script />, <style />
    [36m<div[39m
      [33mclass[39m=[32m"course-pool-scrollable container"[39m
      [33mdata-testid[39m=[32m"scroll-courses"[39m
    [36m>[39m
      [36m<div[39m
        [33mclass[39m=[32m"row"[39m
      [36m>[39m
        [36m<div[39m
          [33mclass[39m=[32m"col"[39m
        [36m>[39m
          [0m [0m
          [36m<p>[39m
            [0mENGL 110[0m
            [0m : [0m
            [0mSeminar in Composition[0m
          [36m</p>[39m
        [36m</div>[39m
        [36m<div[39m
          [33mclass[39m=[32m"col-md-auto"[39m
        [36m>[39m
          [36m<p>[39m
            [36m<button[39m
              [33maria-controls[39m=[32m"collapseExample"[39m
              [33maria-expanded[39m=[32m"false"[39m
              [33mclass[39m=[32m"btn default"[39m
              [33mdata-bs-target[39m=[32m"#collapseExample"[39m
              [33mdata-bs-toggle[39m=[32m"collapse"[39m
              [33mtype[39m=[32m"button"[39m
            [36m>[39m
              [0m see course info[0m
              [36m<i[39m
                [33mclass[39m=[32m"bi bi-plus-lg"[39m
              [36m/>[39m
            [36m</button>[39m
          [36m</p>[39m
        [36m</div>[39m
      [36m</div>[39m
      [36m<div[39m
        [33mclass[39m=[32m"row"[39m
      [36m>[39m
        [36m<div[39m
          [33mclass[39m=[32m"col"[39m
        [36m>[39m
          [36m<div[39m
            [33mclass[39m=[32m"collapse hide"[39m
            [33mid[39m=[32m"course-info-collapse"[39m
          [36m>[39m
            [36m<div[39m
              [33mclass[39m=[32m"card card-body"[39m
            [36m>[39m
              [36m<h6>[39m
                [0mCredits: [0m
              [36m</h6>[39m
              [36m<h6>[39m
                [0mDescription: [0m
              [36m</h6>[39m
              [36m<h6>[39m
                [0mPrerequisites: [0m
              [36m</h6>[39m
            [36m</div>[39m
          [36m</div>[39m
        [36m</div>[39m
      [36m</div>[39m
    [36m</div>[39m

    Ignored nodes: comments, <script />, <style />
    [36m<div[39m
      [33mclass[39m=[32m"course-pool-scrollable container"[39m
      [33mdata-testid[39m=[32m"scroll-courses"[39m
    [36m>[39m
      [36m<div[39m
        [33mclass[39m=[32m"row"[39m
      [36m>[39m
        [36m<div[39m
          [33mclass[39m=[32m"col"[39m
        [36m>[39m
          [0m [0m
          [36m<p>[39m
            [0mENGL 312[0m
            [0m : [0m
            [0mWritten Communications in Business[0m
          [36m</p>[39m
        [36m</div>[39m
        [36m<div[39m
          [33mclass[39m=[32m"col-md-auto"[39m
        [36m>[39m
          [36m<p>[39m
            [36m<button[39m
              [33maria-controls[39m=[32m"collapseExample"[39m
              [33maria-expanded[39m=[32m"false"[39m
              [33mclass[39m=[32m"btn default"[39m
              [33mdata-bs-target[39m=[32m"#collapseExample"[39m
              [33mdata-bs-toggle[39m=[32m"collapse"[39m
              [33mtype[39m=[32m"button"[39m
            [36m>[39m
              [0m see course info[0m
              [36m<i[39m
                [33mclass[39m=[32m"bi bi-plus-lg"[39m
              [36m/>[39m
            [36m</button>[39m
          [36m</p>[39m
        [36m</div>[39m
      [36m</div>[39m
      [36m<div[39m
        [33mclass[39m=[32m"row"[39m
      [36m>[39m
        [36m<div[39m
          [33mclass[39m=[32m"col"[39m
        [36m>[39m
          [36m<div[39m
            [33mclass[39m=[32m"collapse hide"[39m
            [33mid[39m=[32m"course-info-collapse"[39m
          [36m>[39m
            [36m<div[39m
              [33mclass[39m=[32m"card card-body"[39m
            [36m>[39m
              [36m<h6>[39m
                [0mCredits: [0m
              [36m</h6>[39m
              [36m<h6>[39m
                [0mDescription: [0m
              [36m</h6>[39m
              [36m<h6>[39m
                [0mPrerequisites: [0m
              [36m</h6>[39m
            [36m</div>[39m
          [36m</div>[39m
        [36m</div>[39m
      [36m</div>[39m
    [36m</div>[39m

    Ignored nodes: comments, <script />, <style />
    [36m<div[39m
      [33mclass[39m=[32m"course-pool-scrollable container"[39m
      [33mdata-testid[39m=[32m"scroll-courses"[39m
    [36m>[39m
      [36m<div[39m
        [33mclass[39m=[32m"row"[39m
      [36m>[39m
        [36m<div[39m
          [33mclass[39m=[32m"col"[39m
        [36m>[39m
          [0m [0m
          [36m<p>[39m
            [0mENGL 410[0m
            [0m : [0m
            [0mTechnical Writing[0m
          [36m</p>[39m
        [36m</div>[39m
        [36m<div[39m
          [33mclass[39m=[32m"col-md-auto"[39m
        [36m>[39m
          [36m<p>[39m
            [36m<button[39m
              [33maria-controls[39m=[32m"collapseExample"[39m
              [33maria-expanded[39m=[32m"false"[39m
              [33mclass[39m=[32m"btn default"[39m
              [33mdata-bs-target[39m=[32m"#collapseExample"[39m
              [33mdata-bs-toggle[39m=[32m"collapse"[39m
              [33mtype[39m=[32m"button"[39m
            [36m>[39m
              [0m see course info[0m
              [36m<i[39m
                [33mclass[39m=[32m"bi bi-plus-lg"[39m
              [36m/>[39m
            [36m</button>[39m
          [36m</p>[39m
        [36m</div>[39m
      [36m</div>[39m
      [36m<div[39m
        [33mclass[39m=[32m"row"[39m
      [36m>[39m
        [36m<div[39m
          [33mclass[39m=[32m"col"[39m
        [36m>[39m
          [36m<div[39m
            [33mclass[39m=[32m"collapse hide"[39m
            [33mid[39m=[32m"course-info-collapse"[39m
          [36m>[39m
            [36m<div[39m
              [33mclass[39m=[32m"card card-body"[39m
            [36m>[39m
              [36m<h6>[39m
                [0mCredits: [0m
              [36m</h6>[39m
              [36m<h6>[39m
                [0mDescription: [0m
              [36m</h6>[39m
              [36m<h6>[39m
                [0mPrerequisites: [0m
              [36m</h6>[39m
            [36m</div>[39m
          [36m</div>[39m
        [36m</div>[39m
      [36m</div>[39m
    [36m</div>[39m

    Ignored nodes: comments, <script />, <style />
    [36m<div[39m
      [33mclass[39m=[32m"course-pool-scrollable container"[39m
      [33mdata-testid[39m=[32m"scroll-courses"[39m
    [36m>[39m
      [36m<div[39m
        [33mclass[39m=[32m"row"[39m
      [36m>[39m
        [36m<div[39m
          [33mclass[39m=[32m"col"[39m
        [36m>[39m
          [0m [0m
          [36m<p>[39m
            [0mUNIV 101[0m
            [0m : [0m
            [0mFirst Year Experience I[0m
          [36m</p>[39m
        [36m</div>[39m
        [36m<div[39m
          [33mclass[39m=[32m"col-md-auto"[39m
        [36m>[39m
          [36m<p>[39m
            [36m<button[39m
              [33maria-controls[39m=[32m"collapseExample"[39m
              [33maria-expanded[39m=[32m"false"[39m
              [33mclass[39m=[32m"btn default"[39m
              [33mdata-bs-target[39m=[32m"#collapseExample"[39m
              [33mdata-bs-toggle[39m=[32m"collapse"[39m
              [33mtype[39m=[32m"button"[39m
            [36m>[39m
              [0m see course info[0m
              [36m<i[39m
                [33mclass[39m=[32m"bi bi-plus-lg"[39m
              [36m/>[39m
            [36m</button>[39m
          [36m</p>[39m
        [36m</div>[39m
      [36m</div>[39m
      [36m<div[39m
        [33mclass[39m=[32m"row"[39m
      [36m>[39m
        [36m<div[39m
          [33mclass[39m=[32m"col"[39m
        [36m>[39m
          [36m<div[39m
            [33mclass[39m=[32m"collapse hide"[39m
            [33mid[39m=[32m"course-info-collapse"[39m
          [36m>[39m
            [36m<div[39m
              [33mclass[39m=[32m"card card-body"[39m
            [36m>[39m
              [36m<h6>[39m
                [0mCredits: [0m
              [36m</h6>[39m
              [36m<h6>[39m
                [0mDescription: [0m
              [36m</h6>[39m
              [36m<h6>[39m
                [0mPrerequisites: [0m
              [36m</h6>[39m
            [36m</div>[39m
          [36m</div>[39m
        [36m</div>[39m
      [36m</div>[39m
    [36m</div>[39m

    Ignored nodes: comments, <script />, <style />
    [36m<div[39m
      [33mclass[39m=[32m"course-pool-scrollable container"[39m
      [33mdata-testid[39m=[32m"scroll-courses"[39m
    [36m>[39m
      [36m<div[39m
        [33mclass[39m=[32m"row"[39m
      [36m>[39m
        [36m<div[39m
          [33mclass[39m=[32m"col"[39m
        [36m>[39m
          [0m [0m
          [36m<p>[39m
            [0mUNIV 401[0m
            [0m : [0m
            [0mSenior Thesis[0m
          [36m</p>[39m
        [36m</div>[39m
        [36m<div[39m
          [33mclass[39m=[32m"col-md-auto"[39m
        [36m>[39m
          [36m<p>[39m
            [36m<button[39m
              [33maria-controls[39m=[32m"collapseExample"[39m
              [33maria-expanded[39m=[32m"false"[39m
              [33mclass[39m=[32m"btn default"[39m
              [33mdata-bs-target[39m=[32m"#collapseExample"[39m
              [33mdata-bs-toggle[39m=[32m"collapse"[39m
              [33mtype[39m=[32m"button"[39m
            [36m>[39m
              [0m see course info[0m
              [36m<i[39m
                [33mclass[39m=[32m"bi bi-plus-lg"[39m
              [36m/>[39m
            [36m</button>[39m
          [36m</p>[39m
        [36m</div>[39m
      [36m</div>[39m
      [36m<div[39m
        [33mclass[39m=[32m"row"[39m
      [36m>[39m
        [36m<div[39m
          [33mclass[39m=[32m"col"[39m
        [36m>[39m
          [36m<div[39m
            [33mclass[39m=[32m"collapse hide"[39m
            [33mid[39m=[32m"course-info-collapse"[39m
          [36m>[39m
            [36m<div[39m
              [33mclass[39m=[32m"card card-body"[39m
            [36m>[39m
              [36m<h6>[39m
                [0mCredits: [0m
              [36m</h6>[39m
              [36m<h6>[39m
                [0mDescription: [0m
              [36m</h6>[39m
              [36m<h6>[39m
                [0mPrerequisites: [0m
              [36m</h6>[39m
            [36m</div>[39m
          [36m</div>[39m
        [36m</div>[39m
      [36m</div>[39m
    [36m</div>[39m

    Ignored nodes: comments, <script />, <style />
    [36m<div[39m
      [33mclass[39m=[32m"course-pool-scrollable container"[39m
      [33mdata-testid[39m=[32m"scroll-courses"[39m
    [36m>[39m
      [36m<div[39m
        [33mclass[39m=[32m"row"[39m
      [36m>[39m
        [36m<div[39m
          [33mclass[39m=[32m"col"[39m
        [36m>[39m
          [0m [0m
          [36m<p>[39m
            [0mEGGG 101[0m
            [0m : [0m
            [0mIntroduction to Engineering[0m
          [36m</p>[39m
        [36m</div>[39m
        [36m<div[39m
          [33mclass[39m=[32m"col-md-auto"[39m
        [36m>[39m
          [36m<p>[39m
            [36m<button[39m
              [33maria-controls[39m=[32m"collapseExample"[39m
              [33maria-expanded[39m=[32m"false"[39m
              [33mclass[39m=[32m"btn default"[39m
              [33mdata-bs-target[39m=[32m"#collapseExample"[39m
              [33mdata-bs-toggle[39m=[32m"collapse"[39m
              [33mtype[39m=[32m"button"[39m
            [36m>[39m
              [0m see course info[0m
              [36m<i[39m
                [33mclass[39m=[32m"bi bi-plus-lg"[39m
              [36m/>[39m
            [36m</button>[39m
          [36m</p>[39m
        [36m</div>[39m
      [36m</div>[39m
      [36m<div[39m
        [33mclass[39m=[32m"row"[39m
      [36m>[39m
        [36m<div[39m
          [33mclass[39m=[32m"col"[39m
        [36m>[39m
          [36m<div[39m
            [33mclass[39m=[32m"collapse hide"[39m
            [33mid[39m=[32m"course-info-collapse"[39m
          [36m>[39m
            [36m<div[39m
              [33mclass[39m=[32m"card card-body"[39m
            [36m>[39m
              [36m<h6>[39m
                [0mCredits: [0m
              [36m</h6>[39m
              [36m<h6>[39m
                [0mDescription: [0m
              [36m</h6>[39m
              [36m<h6>[39m
                [0mPrerequisites: [0m
              [36m</h6>[39m
            [36m</div>[39m
          [36m</div>[39m
        [36m</div>[39m
      [36m</div>[39m
    [36m</div>[39m

    Ignored nodes: comments, <script />, <style />
    [36m<div[39m
      [33mclass[39m=[32m"course-pool-scrollable container"[39m
      [33mdata-testid[39m=[32m"scroll-courses"[39m
    [36m>[39m
      [36m<div[39m
        [33mclass[39m=[32m"row"[39m
      [36m>[39m
        [36m<div[39m
          [33mclass[39m=[32m"col"[39m
        [36m>[39m
          [0m [0m
          [36m<p>[39m
            [0mMATH 241[0m
            [0m : [0m
            [0mAnalytic Geometry and Calculus A[0m
          [36m</p>[39m
        [36m</div>[39m
        [36m<div[39m
          [33mclass[39m=[32m"col-md-auto"[39m
        [36m>[39m
          [36m<p>[39m
            [36m<button[39m
              [33maria-controls[39m=[32m"collapseExample"[39m
              [33maria-expanded[39m=[32m"false"[39m
              [33mclass[39m=[32m"btn default"[39m
              [33mdata-bs-target[39m=[32m"#collapseExample"[39m
              [33mdata-bs-toggle[39m=[32m"collapse"[39m
              [33mtype[39m=[32m"button"[39m
            [36m>[39m
              [0m see course info[0m
              [36m<i[39m
                [33mclass[39m=[32m"bi bi-plus-lg"[39m
              [36m/>[39m
            [36m</button>[39m
          [36m</p>[39m
        [36m</div>[39m
      [36m</div>[39m
      [36m<div[39m
        [33mclass[39m=[32m"row"[39m
      [36m>[39m
        [36m<div[39m
          [33mclass[39m=[32m"col"[39m
        [36m>[39m
          [36m<div[39m
            [33mclass[39m=[32m"collapse hide"[39m
            [33mid[39m=[32m"course-info-collapse"[39m
          [36m>[39m
            [36m<div[39m
              [33mclass[39m=[32m"card card-body"[39m
            [36m>[39m
              [36m<h6>[39m
                [0mCredits: [0m
              [36m</h6>[39m
              [36m<h6>[39m
                [0mDescription: [0m
              [36m</h6>[39m
              [36m<h6>[39m
                [0mPrerequisites: [0m
              [36m</h6>[39m
            [36m</div>[39m
          [36m</div>[39m
        [36m</div>[39m
      [36m</div>[39m
    [36m</div>[39m

    Ignored nodes: comments, <script />, <style />
    [36m<div[39m
      [33mclass[39m=[32m"course-pool-scrollable container"[39m
      [33mdata-testid[39m=[32m"scroll-courses"[39m
    [36m>[39m
      [36m<div[39m
        [33mclass[39m=[32m"row"[39m
      [36m>[39m
        [36m<div[39m
          [33mclass[39m=[32m"col"[39m
        [36m>[39m
          [0m [0m
          [36m<p>[39m
            [0mMATH 242[0m
            [0m : [0m
            [0mAnalytic Geometry and Calculus B[0m
          [36m</p>[39m
        [36m</div>[39m
        [36m<div[39m
          [33mclass[39m=[32m"col-md-auto"[39m
        [36m>[39m
          [36m<p>[39m
            [36m<button[39m
              [33maria-controls[39m=[32m"collapseExample"[39m
              [33maria-expanded[39m=[32m"false"[39m
              [33mclass[39m=[32m"btn default"[39m
              [33mdata-bs-target[39m=[32m"#collapseExample"[39m
              [33mdata-bs-toggle[39m=[32m"collapse"[39m
              [33mtype[39m=[32m"button"[39m
            [36m>[39m
              [0m see course info[0m
              [36m<i[39m
                [33mclass[39m=[32m"bi bi-plus-lg"[39m
              [36m/>[39m
            [36m</button>[39m
          [36m</p>[39m
        [36m</div>[39m
      [36m</div>[39m
      [36m<div[39m
        [33mclass[39m=[32m"row"[39m
      [36m>[39m
        [36m<div[39m
          [33mclass[39m=[32m"col"[39m
        [36m>[39m
          [36m<div[39m
            [33mclass[39m=[32m"collapse hide"[39m
            [33mid[39m=[32m"course-info-collapse"[39m
          [36m>[39m
            [36m<div[39m
              [33mclass[39m=[32m"card card-body"[39m
            [36m>[39m
              [36m<h6>[39m
                [0mCredits: [0m
              [36m</h6>[39m
              [36m<h6>[39m
                [0mDescription: [0m
              [36m</h6>[39m
              [36m<h6>[39m
                [0mPrerequisites: [0m
              [36m</h6>[39m
            [36m</div>[39m
          [36m</div>[39m
        [36m</div>[39m
      [36m</div>[39m
    [36m</div>[39m

    Ignored nodes: comments, <script />, <style />
    [36m<div[39m
      [33mclass[39m=[32m"course-pool-scrollable container"[39m
      [33mdata-testid[39m=[32m"scroll-courses"[39m
    [36m>[39m
      [36m<div[39m
        [33mclass[39m=[32m"row"[39m
      [36m>[39m
        [36m<div[39m
          [33mclass[39m=[32m"col"[39m
        [36m>[39m
          [0m [0m
          [36m<p>[39m
            [0mMATH 205[0m
            [0m : [0m
            [0mStatistical Methods[0m
          [36m</p>[39m
        [36m</div>[39m
        [36m<div[39m
          [33mclass[39m=[32m"col-md-auto"[39m
        [36m>[39m
          [36m<p>[39m
            [36m<button[39m
              [33maria-controls[39m=[32m"collapseExample"[39m
              [33maria-expanded[39m=[32m"false"[39m
              [33mclass[39m=[32m"btn default"[39m
              [33mdata-bs-target[39m=[32m"#collapseExample"[39m
              [33mdata-bs-toggle[39m=[32m"collapse"[39m
              [33mtype[39m=[32m"button"[39m
            [36m>[39m
              [0m see course info[0m
              [36m<i[39m
                [33mclass[39m=[32m"bi bi-plus-lg"[39m
              [36m/>[39m
            [36m</button>[39m
          [36m</p>[39m
        [36m</div>[39m
      [36m</div>[39m
      [36m<div[39m
        [33mclass[39m=[32m"row"[39m
      [36m>[39m
        [36m<div[39m
          [33mclass[39m=[32m"col"[39m
        [36m>[39m
          [36m<div[39m
            [33mclass[39m=[32m"collapse hide"[39m
            [33mid[39m=[32m"course-info-collapse"[39m
          [36m>[39m
            [36m<div[39m
              [33mclass[39m=[32m"card card-body"[39m
            [36m>[39m
              [36m<h6>[39m
                [0mCredits: [0m
              [36m</h6>[39m
              [36m<h6>[39m
                [0mDescription: [0m
              [36m</h6>[39m
              [36m<h6>[39m
                [0mPrerequisites: [0m
              [36m</h6>[39m
            [36m</div>[39m
          [36m</div>[39m
        [36m</div>[39m
      [36m</div>[39m
    [36m</div>[39m

    Ignored nodes: comments, <script />, <style />
    [36m<div[39m
      [33mclass[39m=[32m"course-pool-scrollable container"[39m
      [33mdata-testid[39m=[32m"scroll-courses"[39m
    [36m>[39m
      [36m<div[39m
        [33mclass[39m=[32m"row"[39m
      [36m>[39m
        [36m<div[39m
          [33mclass[39m=[32m"col"[39m
        [36m>[39m
          [0m [0m
          [36m<p>[39m
            [0mMATH 210[0m
            [0m : [0m
            [0mDiscrete Mathematics I[0m
          [36m</p>[39m
        [36m</div>[39m
        [36m<div[39m
          [33mclass[39m=[32m"col-md-auto"[39m
        [36m>[39m
          [36m<p>[39m
            [36m<button[39m
              [33maria-controls[39m=[32m"collapseExample"[39m
              [33maria-expanded[39m=[32m"false"[39m
              [33mclass[39m=[32m"btn default"[39m
              [33mdata-bs-target[39m=[32m"#collapseExample"[39m
              [33mdata-bs-toggle[39m=[32m"collapse"[39m
              [33mtype[39m=[32m"button"[39m
            [36m>[39m
              [0m see course info[0m
              [36m<i[39m
                [33mclass[39m=[32m"bi bi-plus-lg"[39m
              [36m/>[39m
            [36m</button>[39m
          [36m</p>[39m
        [36m</div>[39m
      [36m</div>[39m
      [36m<div[39m
        [33mclass[39m=[32m"row"[39m
      [36m>[39m
        [36m<div[39m
          [33mclass[39m=[32m"col"[39m
        [36m>[39m
          [36m<div[39m
            [33mclass[39m=[32m"collapse hide"[39m
            [33mid[39m=[32m"course-info-collapse"[39m
          [36m>[39m
            [36m<div[39m
              [33mclass[39m=[32m"card card-body"[39m
            [36m>[39m
              [36m<h6>[39m
                [0mCredits: [0m
              [36m</h6>[39m
              [36m<h6>[39m
                [0mDescription: [0m
              [36m</h6>[39m
              [36m<h6>[39m
                [0mPrerequisites: [0m
              [36m</h6>[39m
            [36m</div>[39m
          [36m</div>[39m
        [36m</div>[39m
      [36m</div>[39m
    [36m</div>[39m

    Ignored nodes: comments, <script />, <style />
    [36m<div[39m
      [33mclass[39m=[32m"course-pool-scrollable container"[39m
      [33mdata-testid[39m=[32m"scroll-courses"[39m
    [36m>[39m
      [36m<div[39m
        [33mclass[39m=[32m"row"[39m
      [36m>[39m
        [36m<div[39m
          [33mclass[39m=[32m"col"[39m
        [36m>[39m
          [0m [0m
          [36m<p>[39m
            [0mMATH 350[0m
            [0m : [0m
            [0mProbability Theory and Simulation Methods[0m
          [36m</p>[39m
        [36m</div>[39m
        [36m<div[39m
          [33mclass[39m=[32m"col-md-auto"[39m
        [36m>[39m
          [36m<p>[39m
            [36m<button[39m
              [33maria-controls[39m=[32m"collapseExample"[39m
              [33maria-expanded[39m=[32m"false"[39m
              [33mclass[39m=[32m"btn default"[39m
              [33mdata-bs-target[39m=[32m"#collapseExample"[39m
              [33mdata-bs-toggle[39m=[32m"collapse"[39m
              [33mtype[39m=[32m"button"[39m
            [36m>[39m
              [0m see course info[0m
              [36m<i[39m
                [33mclass[39m=[32m"bi bi-plus-lg"[39m
              [36m/>[39m
            [36m</button>[39m
          [36m</p>[39m
        [36m</div>[39m
      [36m</div>[39m
      [36m<div[39m
        [33mclass[39m=[32m"row"[39m
      [36m>[39m
        [36m<div[39m
          [33mclass[39m=[32m"col"[39m
        [36m>[39m
          [36m<div[39m
            [33mclass[39m=[32m"collapse hide"[39m
            [33mid[39m=[32m"course-info-collapse"[39m
          [36m>[39m
            [36m<div[39m
              [33mclass[39m=[32m"card card-body"[39m
            [36m>[39m
              [36m<h6>[39m
                [0mCredits: [0m
              [36m</h6>[39m
              [36m<h6>[39m
                [0mDescription: [0m
              [36m</h6>[39m
              [36m<h6>[39m
                [0mPrerequisites: [0m
              [36m</h6>[39m
            [36m</div>[39m
          [36m</div>[39m
        [36m</div>[39m
      [36m</div>[39m
    [36m</div>[39m

    Ignored nodes: comments, <script />, <style />
    [36m<div[39m
      [33mclass[39m=[32m"course-pool-scrollable container"[39m
      [33mdata-testid[39m=[32m"scroll-courses"[39m
    [36m>[39m
      [36m<div[39m
        [33mclass[39m=[32m"row"[39m
      [36m>[39m
        [36m<div[39m
          [33mclass[39m=[32m"col"[39m
        [36m>[39m
          [0m [0m
          [36m<p>[39m
            [0mMATH 349[0m
            [0m : [0m
            [0mElementary Linear Algebra[0m
          [36m</p>[39m
        [36m</div>[39m
        [36m<div[39m
          [33mclass[39m=[32m"col-md-auto"[39m
        [36m>[39m
          [36m<p>[39m
            [36m<button[39m
              [33maria-controls[39m=[32m"collapseExample"[39m
              [33maria-expanded[39m=[32m"false"[39m
              [33mclass[39m=[32m"btn default"[39m
              [33mdata-bs-target[39m=[32m"#collapseExample"[39m
              [33mdata-bs-toggle[39m=[32m"collapse"[39m
              [33mtype[39m=[32m"button"[39m
            [36m>[39m
              [0m see course info[0m
              [36m<i[39m
                [33mclass[39m=[32m"bi bi-plus-lg"[39m
              [36m/>[39m
            [36m</button>[39m
          [36m</p>[39m
        [36m</div>[39m
      [36m</div>[39m
      [36m<div[39m
        [33mclass[39m=[32m"row"[39m
      [36m>[39m
        [36m<div[39m
          [33mclass[39m=[32m"col"[39m
        [36m>[39m
          [36m<div[39m
            [33mclass[39m=[32m"collapse hide"[39m
            [33mid[39m=[32m"course-info-collapse"[39m
          [36m>[39m
            [36m<div[39m
              [33mclass[39m=[32m"card card-body"[39m
            [36m>[39m
              [36m<h6>[39m
                [0mCredits: [0m
              [36m</h6>[39m
              [36m<h6>[39m
                [0mDescription: [0m
              [36m</h6>[39m
              [36m<h6>[39m
                [0mPrerequisites: [0m
              [36m</h6>[39m
            [36m</div>[39m
          [36m</div>[39m
        [36m</div>[39m
      [36m</div>[39m
    [36m</div>[39m

    Ignored nodes: comments, <script />, <style />
    [36m<div[39m
      [33mclass[39m=[32m"course-pool-scrollable container"[39m
      [33mdata-testid[39m=[32m"scroll-courses"[39m
    [36m>[39m
      [36m<div[39m
        [33mclass[39m=[32m"row"[39m
      [36m>[39m
        [36m<div[39m
          [33mclass[39m=[32m"col"[39m
        [36m>[39m
          [0m [0m
          [36m<p>[39m
            [0mPHYS 207[0m
            [0m : [0m
            [0mFundamentals of Physics I[0m
          [36m</p>[39m
        [36m</div>[39m
        [36m<div[39m
          [33mclass[39m=[32m"col-md-auto"[39m
        [36m>[39m
          [36m<p>[39m
            [36m<button[39m
              [33maria-controls[39m=[32m"collapseExample"[39m
              [33maria-expanded[39m=[32m"false"[39m
              [33mclass[39m=[32m"btn default"[39m
              [33mdata-bs-target[39m=[32m"#collapseExample"[39m
              [33mdata-bs-toggle[39m=[32m"collapse"[39m
              [33mtype[39m=[32m"button"[39m
            [36m>[39m
              [0m see course info[0m
              [36m<i[39m
                [33mclass[39m=[32m"bi bi-plus-lg"[39m
              [36m/>[39m
            [36m</button>[39m
          [36m</p>[39m
        [36m</div>[39m
      [36m</div>[39m
      [36m<div[39m
        [33mclass[39m=[32m"row"[39m
      [36m>[39m
        [36m<div[39m
          [33mclass[39m=[32m"col"[39m
        [36m>[39m
          [36m<div[39m
            [33mclass[39m=[32m"collapse hide"[39m
            [33mid[39m=[32m"course-info-collapse"[39m
          [36m>[39m
            [36m<div[39m
              [33mclass[39m=[32m"card card-body"[39m
            [36m>[39m
              [36m<h6>[39m
                [0mCredits: [0m
              [36m</h6>[39m
              [36m<h6>[39m
                [0mDescription: [0m
              [36m</h6>[39m
              [36m<h6>[39m
                [0mPrerequisites: [0m
              [36m</h6>[39m
            [36m</div>[39m
          [36m</div>[39m
        [36m</div>[39m
      [36m</div>[39m
    [36m</div>[39m

    Ignored nodes: comments, <script />, <style />
    [36m<div[39m
      [33mclass[39m=[32m"course-pool-scrollable container"[39m
      [33mdata-testid[39m=[32m"scroll-courses"[39m
    [36m>[39m
      [36m<div[39m
        [33mclass[39m=[32m"row"[39m
      [36m>[39m
        [36m<div[39m
          [33mclass[39m=[32m"col"[39m
        [36m>[39m
          [0m [0m
          [36m<p>[39m
            [0mPHYS 208[0m
            [0m : [0m
            [0mFundamentals of Physics II[0m
          [36m</p>[39m
        [36m</div>[39m
        [36m<div[39m
          [33mclass[39m=[32m"col-md-auto"[39m
        [36m>[39m
          [36m<p>[39m
            [36m<button[39m
              [33maria-controls[39m=[32m"collapseExample"[39m
              [33maria-expanded[39m=[32m"false"[39m
              [33mclass[39m=[32m"btn default"[39m
              [33mdata-bs-target[39m=[32m"#collapseExample"[39m
              [33mdata-bs-toggle[39m=[32m"collapse"[39m
              [33mtype[39m=[32m"button"[39m
            [36m>[39m
              [0m see course info[0m
              [36m<i[39m
                [33mclass[39m=[32m"bi bi-plus-lg"[39m
              [36m/>[39m
            [36m</button>[39m
          [36m</p>[39m
        [36m</div>[39m
      [36m</div>[39m
      [36m<div[39m
        [33mclass[39m=[32m"row"[39m
      [36m>[39m
        [36m<div[39m
          [33mclass[39m=[32m"col"[39m
        [36m>[39m
          [36m<div[39m
            [33mclass[39m=[32m"collapse hide"[39m
            [33mid[39m=[32m"course-info-collapse"[39m
          [36m>[39m
            [36m<div[39m
              [33mclass[39m=[32m"card card-body"[39m
            [36m>[39m
              [36m<h6>[39m
                [0mCredits: [0m
              [36m</h6>[39m
              [36m<h6>[39m
                [0mDescription: [0m
              [36m</h6>[39m
              [36m<h6>[39m
                [0mPrerequisites: [0m
              [36m</h6>[39m
            [36m</div>[39m
          [36m</div>[39m
        [36m</div>[39m
      [36m</div>[39m
    [36m</div>[39m

    Ignored nodes: comments, <script />, <style />
    [36m<div[39m
      [33mclass[39m=[32m"course-pool-scrollable container"[39m
      [33mdata-testid[39m=[32m"scroll-courses"[39m
    [36m>[39m
      [36m<div[39m
        [33mclass[39m=[32m"row"[39m
      [36m>[39m
        [36m<div[39m
          [33mclass[39m=[32m"col"[39m
        [36m>[39m
          [0m [0m
          [36m<p>[39m
            [0mPHYS 227[0m
            [0m : [0m
            [0mFundamentals of Physics Laboratory I[0m
          [36m</p>[39m
        [36m</div>[39m
        [36m<div[39m
          [33mclass[39m=[32m"col-md-auto"[39m
        [36m>[39m
          [36m<p>[39m
            [36m<button[39m
              [33maria-controls[39m=[32m"collapseExample"[39m
              [33maria-expanded[39m=[32m"false"[39m
              [33mclass[39m=[32m"btn default"[39m
              [33mdata-bs-target[39m=[32m"#collapseExample"[39m
              [33mdata-bs-toggle[39m=[32m"collapse"[39m
              [33mtype[39m=[32m"button"[39m
            [36m>[39m
              [0m see course info[0m
              [36m<i[39m
                [33mclass[39m=[32m"bi bi-plus-lg"[39m
              [36m/>[39m
            [36m</button>[39m
          [36m</p>[39m
        [36m</div>[39m
      [36m</div>[39m
      [36m<div[39m
        [33mclass[39m=[32m"row"[39m
      [36m>[39m
        [36m<div[39m
          [33mclass[39m=[32m"col"[39m
        [36m>[39m
          [36m<div[39m
            [33mclass[39m=[32m"collapse hide"[39m
            [33mid[39m=[32m"course-info-collapse"[39m
          [36m>[39m
            [36m<div[39m
              [33mclass[39m=[32m"card card-body"[39m
            [36m>[39m
              [36m<h6>[39m
                [0mCredits: [0m
              [36m</h6>[39m
              [36m<h6>[39m
                [0mDescription: [0m
              [36m</h6>[39m
              [36m<h6>[39m
                [0mPrerequisites: [0m
              [36m</h6>[39m
            [36m</div>[39m
          [36m</div>[39m
        [36m</div>[39m
      [36m</div>[39m
    [36m</div>[39m

    Ignored nodes: comments, <script />, <style />
    [36m<div[39m
      [33mclass[39m=[32m"course-pool-scrollable container"[39m
      [33mdata-testid[39m=[32m"scroll-courses"[39m
    [36m>[39m
      [36m<div[39m
        [33mclass[39m=[32m"row"[39m
      [36m>[39m
        [36m<div[39m
          [33mclass[39m=[32m"col"[39m
        [36m>[39m
          [0m [0m
          [36m<p>[39m
            [0mPHYS 228[0m
            [0m : [0m
            [0mFundamentials of Physics Laboratory II[0m
          [36m</p>[39m
        [36m</div>[39m
        [36m<div[39m
          [33mclass[39m=[32m"col-md-auto"[39m
        [36m>[39m
          [36m<p>[39m
            [36m<button[39m
              [33maria-controls[39m=[32m"collapseExample"[39m
              [33maria-expanded[39m=[32m"false"[39m
              [33mclass[39m=[32m"btn default"[39m
              [33mdata-bs-target[39m=[32m"#collapseExample"[39m
              [33mdata-bs-toggle[39m=[32m"collapse"[39m
              [33mtype[39m=[32m"button"[39m
            [36m>[39m
              [0m see course info[0m
              [36m<i[39m
                [33mclass[39m=[32m"bi bi-plus-lg"[39m
              [36m/>[39m
            [36m</button>[39m
          [36m</p>[39m
        [36m</div>[39m
      [36m</div>[39m
      [36m<div[39m
        [33mclass[39m=[32m"row"[39m
      [36m>[39m
        [36m<div[39m
          [33mclass[39m=[32m"col"[39m
        [36m>[39m
          [36m<div[39m
            [33mclass[39m=[32m"collapse hide"[39m
            [33mid[39m=[32m"course-info-collapse"[39m
          [36m>[39m
            [36m<div[39m
              [33mclass[39m=[32m"card card-body"[39m
            [36m>[39m
              [36m<h6>[39m
                [0mCredits: [0m
              [36m</h6>[39m
              [36m<h6>[39m
                [0mDescription: [0m
              [36m</h6>[39m
              [36m<h6>[39m
                [0mPrerequisites: [0m
              [36m</h6>[39m
            [36m</div>[39m
          [36m</div>[39m
        [36m</div>[39m
      [36m</div>[39m
    [36m</div>[39m

    Ignored nodes: comments, <script />, <style />
    [36m<div[39m
      [33mclass[39m=[32m"course-pool-scrollable container"[39m
      [33mdata-testid[39m=[32m"scroll-courses"[39m
    [36m>[39m
      [36m<div[39m
        [33mclass[39m=[32m"row"[39m
      [36m>[39m
        [36m<div[39m
          [33mclass[39m=[32m"col"[39m
        [36m>[39m
          [0m [0m
          [36m<p>[39m
            [0mBISC 207[0m
            [0m : [0m
            [0mIntroductory Biology I[0m
          [36m</p>[39m
        [36m</div>[39m
        [36m<div[39m
          [33mclass[39m=[32m"col-md-auto"[39m
        [36m>[39m
          [36m<p>[39m
            [36m<button[39m
              [33maria-controls[39m=[32m"collapseExample"[39m
              [33maria-expanded[39m=[32m"false"[39m
              [33mclass[39m=[32m"btn default"[39m
              [33mdata-bs-target[39m=[32m"#collapseExample"[39m
              [33mdata-bs-toggle[39m=[32m"collapse"[39m
              [33mtype[39m=[32m"button"[39m
            [36m>[39m
              [0m see course info[0m
              [36m<i[39m
                [33mclass[39m=[32m"bi bi-plus-lg"[39m
              [36m/>[39m
            [36m</button>[39m
          [36m</p>[39m
        [36m</div>[39m
      [36m</div>[39m
      [36m<div[39m
        [33mclass[39m=[32m"row"[39m
      [36m>[39m
        [36m<div[39m
          [33mclass[39m=[32m"col"[39m
        [36m>[39m
          [36m<div[39m
            [33mclass[39m=[32m"collapse hide"[39m
            [33mid[39m=[32m"course-info-collapse"[39m
          [36m>[39m
            [36m<div[39m
              [33mclass[39m=[32m"card card-body"[39m
            [36m>[39m
              [36m<h6>[39m
                [0mCredits: [0m
              [36m</h6>[39m
              [36m<h6>[39m
                [0mDescription: [0m
              [36m</h6>[39m
              [36m<h6>[39m
                [0mPrerequisites: [0m
              [36m</h6>[39m
            [36m</div>[39m
          [36m</div>[39m
        [36m</div>[39m
      [36m</div>[39m
    [36m</div>[39m

    Ignored nodes: comments, <script />, <style />
    [36m<div[39m
      [33mclass[39m=[32m"course-pool-scrollable container"[39m
      [33mdata-testid[39m=[32m"scroll-courses"[39m
    [36m>[39m
      [36m<div[39m
        [33mclass[39m=[32m"row"[39m
      [36m>[39m
        [36m<div[39m
          [33mclass[39m=[32m"col"[39m
        [36m>[39m
          [0m [0m
          [36m<p>[39m
            [0mBISC 208[0m
            [0m : [0m
            [0mIntroductory Biology II[0m
          [36m</p>[39m
        [36m</div>[39m
        [36m<div[39m
          [33mclass[39m=[32m"col-md-auto"[39m
        [36m>[39m
          [36m<p>[39m
            [36m<button[39m
              [33maria-controls[39m=[32m"collapseExample"[39m
              [33maria-expanded[39m=[32m"false"[39m
              [33mclass[39m=[32m"btn default"[39m
              [33mdata-bs-target[39m=[32m"#collapseExample"[39m
              [33mdata-bs-toggle[39m=[32m"collapse"[39m
              [33mtype[39m=[32m"button"[39m
            [36m>[39m
              [0m see course info[0m
              [36m<i[39m
                [33mclass[39m=[32m"bi bi-plus-lg"[39m
              [36m/>[39m
            [36m</button>[39m
          [36m</p>[39m
        [36m</div>[39m
      [36m</div>[39m
      [36m<div[39m
        [33mclass[39m=[32m"row"[39m
      [36m>[39m
        [36m<div[39m
          [33mclass[39m=[32m"col"[39m
        [36m>[39m
          [36m<div[39m
            [33mclass[39m=[32m"collapse hide"[39m
            [33mid[39m=[32m"course-info-collapse"[39m
          [36m>[39m
            [36m<div[39m
              [33mclass[39m=[32m"card card-body"[39m
            [36m>[39m
              [36m<h6>[39m
                [0mCredits: [0m
              [36m</h6>[39m
              [36m<h6>[39m
                [0mDescription: [0m
              [36m</h6>[39m
              [36m<h6>[39m
                [0mPrerequisites: [0m
              [36m</h6>[39m
            [36m</div>[39m
          [36m</div>[39m
        [36m</div>[39m
      [36m</div>[39m
    [36m</div>[39m

    Ignored nodes: comments, <script />, <style />
    [36m<div[39m
      [33mclass[39m=[32m"course-pool-scrollable container"[39m
      [33mdata-testid[39m=[32m"scroll-courses"[39m
    [36m>[39m
      [36m<div[39m
        [33mclass[39m=[32m"row"[39m
      [36m>[39m
        [36m<div[39m
          [33mclass[39m=[32m"col"[39m
        [36m>[39m
          [0m [0m
          [36m<p>[39m
            [0mGEOL 105[0m
            [0m : [0m
            [0mGeological Hazards and Their Human Impact[0m
          [36m</p>[39m
        [36m</div>[39m
        [36m<div[39m
          [33mclass[39m=[32m"col-md-auto"[39m
        [36m>[39m
          [36m<p>[39m
            [36m<button[39m
              [33maria-controls[39m=[32m"collapseExample"[39m
              [33maria-expanded[39m=[32m"false"[39m
              [33mclass[39m=[32m"btn default"[39m
              [33mdata-bs-target[39m=[32m"#collapseExample"[39m
              [33mdata-bs-toggle[39m=[32m"collapse"[39m
              [33mtype[39m=[32m"button"[39m
            [36m>[39m
              [0m see course info[0m
              [36m<i[39m
                [33mclass[39m=[32m"bi bi-plus-lg"[39m
              [36m/>[39m
            [36m</button>[39m
          [36m</p>[39m
        [36m</div>[39m
      [36m</div>[39m
      [36m<div[39m
        [33mclass[39m=[32m"row"[39m
      [36m>[39m
        [36m<div[39m
          [33mclass[39m=[32m"col"[39m
        [36m>[39m
          [36m<div[39m
            [33mclass[39m=[32m"collapse hide"[39m
            [33mid[39m=[32m"course-info-collapse"[39m
          [36m>[39m
            [36m<div[39m
              [33mclass[39m=[32m"card card-body"[39m
            [36m>[39m
              [36m<h6>[39m
                [0mCredits: ----------------------|---------|----------|---------|---------|----------------------
File                  | % Stmts | % Branch | % Funcs | % Lines | Uncovered Line #s    
----------------------|---------|----------|---------|---------|----------------------
All files             |   57.47 |    48.07 |      60 |   57.47 |                      
 src                  |   78.57 |       75 |   72.72 |   78.57 |                      
  App.tsx             |   78.57 |       75 |   72.72 |   78.57 | 18,30,50-55          
 src/components       |   54.34 |    45.83 |   58.42 |   54.34 |                      
  CourseList.tsx      |     100 |      100 |     100 |     100 |                      
  CourseMover.tsx     |       0 |        0 |       0 |       0 | 15-109               
  CoursePool.tsx      |     100 |      100 |     100 |     100 |                      
  CoursePoolTable.tsx |      70 |       50 |      75 |      70 | 34-36                
  CourseView.tsx      |      75 |       50 |     100 |      75 | 9                    
  NewCourse.tsx       |   71.79 |       25 |   61.53 |   71.79 | 24-30,52-70          
  PlanList.tsx        |     100 |      100 |     100 |     100 |                      
  PlanView.tsx        |   55.44 |    45.83 |    64.7 |   55.44 | 25,33-34,130-241,264 
  SemesterList.tsx    |     100 |      100 |     100 |     100 |                      
  SemesterView.tsx    |   33.33 |       50 |      25 |   33.33 | 36-86,104-137        
 src/interfaces       |     100 |      100 |     100 |     100 |                      
  course.ts           |       0 |        0 |       0 |       0 |                      
  degreeplan.ts       |     100 |      100 |     100 |     100 |                      
  semester.ts         |     100 |      100 |     100 |     100 |                      
----------------------|---------|----------|---------|---------|----------------------
[0m
              [36m</h6>[39m
              [36m<h6>[39m
                [0mDescription: [0m
              [36m</h6>[39m
              [36m<h6>[39m
                [0mPrerequisites: [0m
              [36m</h6>[39m
            [36m</div>[39m
          [36m</div>[39m
        [36m</div>[39m
      [36m</div>[39m
    [36m</div>[39m

    Ignored nodes: comments, <script />, <style />
    [36m<div[39m
      [33mclass[39m=[32m"course-pool-scrollable container"[39m
      [33mdata-testid[39m=[32m"scroll-courses"[39m
    [36m>[39m
      [36m<div[39m
        [33mclass[39m=[32m"row"[39m
      [36m>[39m
        [36m<div[39m
          [33mclass[39m=[32m"col"[39m
        [36m>[39m
          [0m [0m
          [36m<p>[39m
            [0mGEOL 107[0m
            [0m : [0m
            [0mGeology of Dynamic Earth[0m
          [36m</p>[39m
        [36m</div>[39m
        [36m<div[39m
          [33mclass[39m=[32m"col-md-auto"[39m
        [36m>[39m
          [36m<p>[39m
            [36m<button[39m
              [33maria-controls[39m=[32m"collapseExample"[39m
              [33maria-expanded[39m=[32m"false"[39m
              [33mclass[39m=[32m"btn default"[39m
              [33mdata-bs-target[39m=[32m"#collapseExample"[39m
              [33mdata-bs-toggle[39m=[32m"collapse"[39m
              [33mtype[39m=[32m"button"[39m
            [36m>[39m
              [0m see course info[0m
              [36m<i[39m
                [33mclass[39m=[32m"bi bi-plus-lg"[39m
              [36m/>[39m
            [36m</button>[39m
          [36m</p>[39m
        [36m</div>[39m
      [36m</div>[39m
      [36m<div[39m
        [33mclass[39m=[32m"row"[39m
      [36m>[39m
        [36m<div[39m
          [33mclass[39m=[32m"col"[39m
        [36m>[39m
          [36m<div[39m
            [33mclass[39m=[32m"collapse hide"[39m
            [33mid[39m=[32m"course-info-collapse"[39m
          [36m>[39m
            [36m<div[39m
              [33mclass[39m=[32m"card card-body"[39m
            [36m>[39m
              [36m<h6>[39m
                [0mCredits: [0m
              [36m</h6>[39m
              [36m<h6>[39m
                [0mDescription: [0m
              [36m</h6>[39m
              [36m<h6>[39m
                [0mPrerequisites: [0m
              [36m</h6>[39m
            [36m</div>[39m
          [36m</div>[39m
        [36m</div>[39m
      [36m</div>[39m
    [36m</div>[39m

    Ignored nodes: comments, <script />, <style />
    [36m<div[39m
      [33mclass[39m=[32m"course-pool-scrollable container"[39m
      [33mdata-testid[39m=[32m"scroll-courses"[39m
    [36m>[39m
      [36m<div[39m
        [33mclass[39m=[32m"row"[39m
      [36m>[39m
        [36m<div[39m
          [33mclass[39m=[32m"col"[39m
        [36m>[39m
          [0m [0m
          [36m<p>[39m
            [0mGEOL 115[0m
            [0m : [0m
            [0mGeological Hazards Laboratory[0m
          [36m</p>[39m
        [36m</div>[39m
        [36m<div[39m
          [33mclass[39m=[32m"col-md-auto"[39m
        [36m>[39m
          [36m<p>[39m
            [36m<button[39m
              [33maria-controls[39m=[32m"collapseExample"[39m
              [33maria-expanded[39m=[32m"false"[39m
              [33mclass[39m=[32m"btn default"[39m
              [33mdata-bs-target[39m=[32m"#collapseExample"[39m
              [33mdata-bs-toggle[39m=[32m"collapse"[39m
              [33mtype[39m=[32m"button"[39m
            [36m>[39m
              [0m see course info[0m
              [36m<i[39m
                [33mclass[39m=[32m"bi bi-plus-lg"[39m
              [36m/>[39m
            [36m</button>[39m
          [36m</p>[39m
        [36m</div>[39m
      [36m</div>[39m
      [36m<div[39m
        [33mclass[39m=[32m"row"[39m
      [36m>[39m
        [36m<div[39m
          [33mclass[39m=[32m"col"[39m
        [36m>[39m
          [36m<div[39m
            [33mclass[39m=[32m"collapse hide"[39m
            [33mid[39m=[32m"course-info-collapse"[39m
          [36m>[39m
            [36m<div[39m
              [33mclass[39m=[32m"card card-body"[39m
            [36m>[39m
              [36m<h6>[39m
                [0mCredits: [0m
              [36m</h6>[39m
              [36m<h6>[39m
                [0mDescription: [0m
              [36m</h6>[39m
              [36m<h6>[39m
                [0mPrerequisites: [0m
              [36m</h6>[39m
            [36m</div>[39m
          [36m</div>[39m
        [36m</div>[39m
      [36m</div>[39m
    [36m</div>[39m

    Ignored nodes: comments, <script />, <style />
    [36m<div[39m
      [33mclass[39m=[32m"course-pool-scrollable container"[39m
      [33mdata-testid[39m=[32m"scroll-courses"[39m
    [36m>[39m
      [36m<div[39m
        [33mclass[39m=[32m"row"[39m
      [36m>[39m
        [36m<div[39m
          [33mclass[39m=[32m"col"[39m
        [36m>[39m
          [0m [0m
          [36m<p>[39m
            [0mGEOL 110[0m
            [0m : [0m
            [0mEarth’s Evolving Systems[0m
          [36m</p>[39m
        [36m</div>[39m
        [36m<div[39m
          [33mclass[39m=[32m"col-md-auto"[39m
        [36m>[39m
          [36m<p>[39m
            [36m<button[39m
              [33maria-controls[39m=[32m"collapseExample"[39m
              [33maria-expanded[39m=[32m"false"[39m
              [33mclass[39m=[32m"btn default"[39m
              [33mdata-bs-target[39m=[32m"#collapseExample"[39m
              [33mdata-bs-toggle[39m=[32m"collapse"[39m
              [33mtype[39m=[32m"button"[39m
            [36m>[39m
              [0m see course info[0m
              [36m<i[39m
                [33mclass[39m=[32m"bi bi-plus-lg"[39m
              [36m/>[39m
            [36m</button>[39m
          [36m</p>[39m
        [36m</div>[39m
      [36m</div>[39m
      [36m<div[39m
        [33mclass[39m=[32m"row"[39m
      [36m>[39m
        [36m<div[39m
          [33mclass[39m=[32m"col"[39m
        [36m>[39m
          [36m<div[39m
            [33mclass[39m=[32m"collapse hide"[39m
            [33mid[39m=[32m"course-info-collapse"[39m
          [36m>[39m
            [36m<div[39m
              [33mclass[39m=[32m"card card-body"[39m
            [36m>[39m
              [36m<h6>[39m
                [0mCredits: [0m
              [36m</h6>[39m
              [36m<h6>[39m
                [0mDescription: [0m
              [36m</h6>[39m
              [36m<h6>[39m
                [0mPrerequisites: [0m
              [36m</h6>[39m
            [36m</div>[39m
          [36m</div>[39m
        [36m</div>[39m
      [36m</div>[39m
    [36m</div>[39m

    Ignored nodes: comments, <script />, <style />
    [36m<div[39m
      [33mclass[39m=[32m"course-pool-scrollable container"[39m
      [33mdata-testid[39m=[32m"scroll-courses"[39m
    [36m>[39m
      [36m<div[39m
        [33mclass[39m=[32m"row"[39m
      [36m>[39m
        [36m<div[39m
          [33mclass[39m=[32m"col"[39m
        [36m>[39m
          [0m [0m
          [36m<p>[39m
            [0mCHEM 103[0m
            [0m : [0m
            [0mGeneral Chemistry[0m
          [36m</p>[39m
        [36m</div>[39m
        [36m<div[39m
          [33mclass[39m=[32m"col-md-auto"[39m
        [36m>[39m
          [36m<p>[39m
            [36m<button[39m
              [33maria-controls[39m=[32m"collapseExample"[39m
              [33maria-expanded[39m=[32m"false"[39m
              [33mclass[39m=[32m"btn default"[39m
              [33mdata-bs-target[39m=[32m"#collapseExample"[39m
              [33mdata-bs-toggle[39m=[32m"collapse"[39m
              [33mtype[39m=[32m"button"[39m
            [36m>[39m
              [0m see course info[0m
              [36m<i[39m
                [33mclass[39m=[32m"bi bi-plus-lg"[39m
              [36m/>[39m
            [36m</button>[39m
          [36m</p>[39m
        [36m</div>[39m
      [36m</div>[39m
      [36m<div[39m
        [33mclass[39m=[32m"row"[39m
      [36m>[39m
        [36m<div[39m
          [33mclass[39m=[32m"col"[39m
        [36m>[39m
          [36m<div[39m
            [33mclass[39m=[32m"collapse hide"[39m
            [33mid[39m=[32m"course-info-collapse"[39m
          [36m>[39m
            [36m<div[39m
              [33mclass[39m=[32m"card card-body"[39m
            [36m>[39m
              [36m<h6>[39m
                [0mCredits: [0m
              [36m</h6>[39m
              [36m<h6>[39m
                [0mDescription: [0m
              [36m</h6>[39m
              [36m<h6>[39m
                [0mPrerequisites: [0m
              [36m</h6>[39m
            [36m</div>[39m
          [36m</div>[39m
        [36m</div>[39m
      [36m</div>[39m
    [36m</div>[39m

    Ignored nodes: comments, <script />, <style />
    [36m<div[39m
      [33mclass[39m=[32m"course-pool-scrollable container"[39m
      [33mdata-testid[39m=[32m"scroll-courses"[39m
    [36m>[39m
      [36m<div[39m
        [33mclass[39m=[32m"row"[39m
      [36m>[39m
        [36m<div[39m
          [33mclass[39m=[32m"col"[39m
        [36m>[39m
          [0m [0m
          [36m<p>[39m
            [0mCHEM 104[0m
            [0m : [0m
            [0mGeneral Chemistry[0m
          [36m</p>[39m
        [36m</div>[39m
        [36m<div[39m
          [33mclass[39m=[32m"col-md-auto"[39m
        [36m>[39m
          [36m<p>[39m
            [36m<button[39m
              [33maria-controls[39m=[32m"collapseExample"[39m
              [33maria-expanded[39m=[32m"false"[39m
              [33mclass[39m=[32m"btn default"[39m
              [33mdata-bs-target[39m=[32m"#collapseExample"[39m
              [33mdata-bs-toggle[39m=[32m"collapse"[39m
              [33mtype[39m=[32m"button"[39m
            [36m>[39m
              [0m see course info[0m
              [36m<i[39m
                [33mclass[39m=[32m"bi bi-plus-lg"[39m
              [36m/>[39m
            [36m</button>[39m
          [36m</p>[39m
        [36m</div>[39m
      [36m</div>[39m
      [36m<div[39m
        [33mclass[39m=[32m"row"[39m
      [36m>[39m
        [36m<div[39m
          [33mclass[39m=[32m"col"[39m
        [36m>[39m
          [36m<div[39m
            [33mclass[39m=[32m"collapse hide"[39m
            [33mid[39m=[32m"course-info-collapse"[39m
          [36m>[39m
            [36m<div[39m
              [33mclass[39m=[32m"card card-body"[39m
            [36m>[39m
              [36m<h6>[39m
                [0mCredits: [0m
              [36m</h6>[39m
              [36m<h6>[39m
                [0mDescription: [0m
              [36m</h6>[39m
              [36m<h6>[39m
                [0mPrerequisites: [0m
              [36m</h6>[39m
            [36m</div>[39m
          [36m</div>[39m
        [36m</div>[39m
      [36m</div>[39m
    [36m</div>[39m

    Ignored nodes: comments, <script />, <style />
    [36m<div[39m
      [33mclass[39m=[32m"course-pool-scrollable container"[39m
      [33mdata-testid[39m=[32m"scroll-courses"[39m
    [36m>[39m
      [36m<div[39m
        [33mclass[39m=[32m"row"[39m
      [36m>[39m
        [36m<div[39m
          [33mclass[39m=[32m"col"[39m
        [36m>[39m
          [0m [0m
          [36m<p>[39m
            [0mCHEM 133[0m
            [0m : [0m
            [0mGeneral Chemistry Laboratory[0m
          [36m</p>[39m
        [36m</div>[39m
        [36m<div[39m
          [33mclass[39m=[32m"col-md-auto"[39m
        [36m>[39m
          [36m<p>[39m
            [36m<button[39m
              [33maria-controls[39m=[32m"collapseExample"[39m
              [33maria-expanded[39m=[32m"false"[39m
              [33mclass[39m=[32m"btn default"[39m
              [33mdata-bs-target[39m=[32m"#collapseExample"[39m
              [33mdata-bs-toggle[39m=[32m"collapse"[39m
              [33mtype[39m=[32m"button"[39m
            [36m>[39m
              [0m see course info[0m
              [36m<i[39m
                [33mclass[39m=[32m"bi bi-plus-lg"[39m
              [36m/>[39m
            [36m</button>[39m
          [36m</p>[39m
        [36m</div>[39m
      [36m</div>[39m
      [36m<div[39m
        [33mclass[39m=[32m"row"[39m
      [36m>[39m
        [36m<div[39m
          [33mclass[39m=[32m"col"[39m
        [36m>[39m
          [36m<div[39m
            [33mclass[39m=[32m"collapse hide"[39m
            [33mid[39m=[32m"course-info-collapse"[39m
          [36m>[39m
            [36m<div[39m
              [33mclass[39m=[32m"card card-body"[39m
            [36m>[39m
              [36m<h6>[39m
                [0mCredits: [0m
              [36m</h6>[39m
              [36m<h6>[39m
                [0mDescription: [0m
              [36m</h6>[39m
              [36m<h6>[39m
                [0mPrerequisites: [0m
              [36m</h6>[39m
            [36m</div>[39m
          [36m</div>[39m
        [36m</div>[39m
      [36m</div>[39m
    [36m</div>[39m

    Ignored nodes: comments, <script />, <style />
    [36m<div[39m
      [33mclass[39m=[32m"course-pool-scrollable container"[39m
      [33mdata-testid[39m=[32m"scroll-courses"[39m
    [36m>[39m
      [36m<div[39m
        [33mclass[39m=[32m"row"[39m
      [36m>[39m
        [36m<div[39m
          [33mclass[39m=[32m"col"[39m
        [36m>[39m
          [0m [0m
          [36m<p>[39m
            [0mCHEM 134[0m
            [0m : [0m
            [0mGeneral Chemistry Laboratory[0m
          [36m</p>[39m
        [36m</div>[39m
        [36m<div[39m
          [33mclass[39m=[32m"col-md-auto"[39m
        [36m>[39m
          [36m<p>[39m
            [36m<button[39m
              [33maria-controls[39m=[32m"collapseExample"[39m
              [33maria-expanded[39m=[32m"false"[39m
              [33mclass[39m=[32m"btn default"[39m
              [33mdata-bs-target[39m=[32m"#collapseExample"[39m
              [33mdata-bs-toggle[39m=[32m"collapse"[39m
              [33mtype[39m=[32m"button"[39m
            [36m>[39m
              [0m see course info[0m
              [36m<i[39m
                [33mclass[39m=[32m"bi bi-plus-lg"[39m
              [36m/>[39m
            [36m</button>[39m
          [36m</p>[39m
        [36m</div>[39m
      [36m</div>[39m
      [36m<div[39m
        [33mclass[39m=[32m"row"[39m
      [36m>[39m
        [36m<div[39m
          [33mclass[39m=[32m"col"[39m
        [36m>[39m
          [36m<div[39m
            [33mclass[39m=[32m"collapse hide"[39m
            [33mid[39m=[32m"course-info-collapse"[39m
          [36m>[39m
            [36m<div[39m
              [33mclass[39m=[32m"card card-body"[39m
            [36m>[39m
              [36m<h6>[39m
                [0mCredits: [0m
              [36m</h6>[39m
              [36m<h6>[39m
                [0mDescription: [0m
                [0mThis laboratory course is the second in a two-semester sequence designed (and required) for science and engineering majors. Covers thermodynamics, kinetics, equilibrium among gases, liquids and solids, equilibrium in solution, acids and bases, electrochemistry, and nuclear chemistry.  Topics touched on briefly include transition elements and types and nomenclature of organic compounds. Descriptive chemistry of representative elements is interspersed throughout the course.  42h laboratory experiments.[0m
              [36m</h6>[39m
              [36m<h6>[39m
                [0mPrerequisites: [0m
              [36m</h6>[39m
            [36m</div>[39m
          [36m</div>[39m
        [36m</div>[39m
      [36m</div>[39m
    [36m</div>[39m

    (If this is intentional, then use the `*AllBy*` variant of the query (like `queryAllByText`, `getAllByText`, or `findAllByText`)).

    Ignored nodes: comments, <script />, <style />
    [36m<body>[39m
      [36m<div>[39m
        [36m<div[39m
          [33mclass[39m=[32m"course-pool container"[39m
          [33mstyle[39m=[32m"overflow-y: scroll; height: 400px;"[39m
        [36m>[39m
          [36m<div[39m
            [33mclass[39m=[32m"row"[39m
          [36m>[39m
            [36m<h5>[39m
              [0mCourse Pool: [0m
            [36m</h5>[39m
            [36m<button[39m
              [33mclass[39m=[32m"Buttons btn btn-primary"[39m
              [33mdata-testid[39m=[32m"add-course-btn"[39m
              [33mtype[39m=[32m"button"[39m
            [36m>[39m
              [0mAdd Course to Pool[0m
            [36m</button>[39m
          [36m</div>[39m
          [36m<div[39m
            [33mclass[39m=[32m"row"[39m
          [36m/>[39m
          [36m<div[39m
            [33mclass[39m=[32m"row row-cols-lg-6"[39m
            [33mdata-testid[39m=[32m"course-pool"[39m
            [33mid[39m=[32m"course-row"[39m
          [36m>[39m
            [36m<div>[39m
              [36m<div[39m
                [33mclass[39m=[32m"course-pool-scrollable container"[39m
                [33mdata-testid[39m=[32m"scroll-courses"[39m
              [36m>[39m
                [36m<div[39m
                  [33mclass[39m=[32m"row"[39m
                [36m>[39m
                  [36m<div[39m
                    [33mclass[39m=[32m"col"[39m
                  [36m>[39m
                    [0m [0m
                    [36m<p>[39m
                      [0mCISC 101[0m
                      [0m : [0m
                      [0mPrinciples of Computing[0m
                    [36m</p>[39m
                  [36m</div>[39m
                  [36m<div[39m
                    [33mclass[39m=[32m"col-md-auto"[39m
                  [36m>[39m
                    [36m<p>[39m
                      [36m<button[39m
                        [33maria-controls[39m=[32m"collapseExample"[39m
                        [33maria-expanded[39m=[32m"false"[39m
                        [33mclass[39m=[32m"btn default"[39m
                        [33mdata-bs-target[39m=[32m"#collapseExample"[39m
                        [33mdata-bs-toggle[39m=[32m"collapse"[39m
                        [33mtype[39m=[32m"button"[39m
                      [36m>[39m
                        [0m see course info[0m
                        [36m<i[39m
                          [33mclass[39m=[32m"bi bi-plus-lg"[39m
                        [36m/>[39m
                      [36m</button>[39m
                    [36m</p>[39m
                  [36m</div>[39m
                [36m</div>[39m
                [36m<div[39m
                  [33mclass[39m=[32m"row"[39m
                [36m>[39m
                  [36m<div[39m
                    [33mclass[39m=[32m"col"[39m
                  [36m>[39m
                    [36m<div[39m
                      [33mclass[39m=[32m"collapse hide"[39m
                      [33mid[39m=[32m"course-info-collapse"[39m
                    [36m>[39m
                      [36m<div[39m
                        [33mclass[39m=[32m"card card-body"[39m
                      [36m>[39m
                        [36m<h6>[39m
                          [0mCredits: [0m
                          [0m 3[0m
                        [36m</h6>[39m
                        [36m<h6>[39m
                          [0mDescription: [0m
                          [0mIntroduces students to the central ideas of computing and computer science including programs, algorithms, abstraction, the internet, and information systems. Instills ideas and practices of computational thinking and engages students in activities that show how computing and computer science change the world. Explores computing as a creative activity and empowers students to apply computational thinking to all disciplines including the arts, humanities, business, social and physical sciences, health, and entertainment.[0m
                        [36m</h6>[39m
                        [36m<h6>[39m
                          [0mPrerequisites: none[0m
                        [36m</h6>[39m
                      [36m</div>[39m
                    [36m</div>[39m
                  [36m</div>[39m
                [36m</div>[39m
              [36m</div>[39m
            [36m</div>[39m
            [36m<div>[39m
              [36m<div[39m
                [33mclass[39m=[32m"course-pool-scrollable container"[39m
                [33mdata-testid[39m=[32m"scroll-courses"[39m
              [36m>[39m
                [36m<div[39m
                  [33mclass[39m=[32m"row"[39m
                [36m>[39m
                  [36m<div[39m
                    [33mclass[39m=[32m"col"[39m
                  [36m>[39m
                    [0m [0m
                    [36m<p>[39m
                      [0mCISC 103[0m
                      [0m : [0m
                      [0mIntroduction to Computer Science with Web Applications[0m
                    [36m</p>[39m
                  [36m</div>[39m
                  [36m<div[39m
                    [33mclass[39m=[32m"col-md-auto"[39m
                  [36m>[39m
                    [36m<p>[39m
                      [36m<button[39m
                        [33maria-controls[39m=[32m"collapseExample"[39m
                        [33maria-expanded[39m=[32m"false"[39m
                        [33mclass[39m=[32m"btn default"[39m
                        [33mdata-bs-target[39m=[32m"#collapseExample"[39m
                        [33mdata-bs-toggle[39m=[32m"collapse"[39m
                        [33mtype[39m=[32m"button"[39m
                      [36m>[39m
                        [0m see course info[0m
                        [36m<i[39m
                          [33mclass[39m=[32m"bi bi-plus-lg"[39m
                        [36m/>[39m
                      [36m</button>[39m
                    [36m</p>[39m
                  [36m</div>[39m
                [36m</div>[39m
                [36m<div[39m
                  [33mclass[39m=[32m"row"[39m
                [36m>[39m
                  [36m<div[39m
                    [33mclass[39m=[32m"col"[39m
                  [36m>[39m
                    [36m<div[39m
                      [33mclass[39m=[32m"collapse hide"[39m
                      [33mid[39m=[32m"course-info-collapse"[39m
                    [36m>[39m
                      [36m<div[39m
                        [33mclass[39m=[32m"card card-body"[39m
                      [36m>[39m
                        [36m<h6>[39m
                          [0mCredits: [0m
                          [0m 3[0m
                        [36m</h6>[39m
                        [36m<h6>[39m
                          [0mDescription: [0m
                          [0mPrinciples of computer science illustrated through programming in scripting languages such as JavaScript and VBScript. Topics include control structures, arrays, functions, and procedures. Programming projects illustrate web-based applications.[0m
                        [36m</h6>[39m
                        [36m<h6>[39m
                          [0mPrerequisites: none[0m
                        [36m</h6>[39m
                      [36m</div>[39m
                    [36m</div>[39m
                  [36m</div>[39m
                [36m</div>[39m
              [36m</div>[39m
            [36m</div>[39m
       ...

       9 |     });
      10 |     test("The course pool renders courses", () => {
    > 11 |         const pool = screen.getByTestId("scroll-courses");
         |                             ^
      12 |         expect(pool).toBeInTheDocument();
      13 |     });
      14 |     test("Add course to pool button exists", () => {

      at Object.getElementError (node_modules/@testing-library/dom/dist/config.js:38:19)
      at getElementError (node_modules/@testing-library/dom/dist/query-helpers.js:25:35)
      at getMultipleElementsFoundError (node_modules/@testing-library/dom/dist/query-helpers.js:29:10)
      at node_modules/@testing-library/dom/dist/query-helpers.js:66:13
      at getByTestId (node_modules/@testing-library/dom/dist/query-helpers.js:111:19)
      at Object.<anonymous> (src/tests/CoursePool.test.tsx:11:29)

FAIL src/tests/add-semester.test.tsx
  ● Add Semester Tests › can add a semester

    expect(received).toBeInTheDocument()

    received value must be an HTMLElement or an SVGElement.
    Received has value: null

      14 |         const add = screen.getByTestId("add-btn2");
      15 |         add.click();
    > 16 |         expect(screen.queryByText(/Fall:0/i)).toBeInTheDocument();
         |                                               ^
      17 |     });
      18 | });
      19 |

      at __EXTERNAL_MATCHER_TRAP__ (node_modules/expect/build/index.js:386:30)
      at Object.toBeInTheDocument (node_modules/expect/build/index.js:387:15)
      at Object.<anonymous> (src/tests/add-semester.test.tsx:16:47)

PASS src/tests/add-plan.test.tsx
PASS src/tests/RemovePlan.test.tsx
PASS src/App.test.tsx

Test Suites: 2 failed, 11 passed, 13 total
Tests:       2 failed, 28 passed, 30 total
Snapshots:   0 total
Time:        10.311 s
Ran all test suites.
